Archive member included to satisfy reference by file (symbol)

/opt/st/stm32cubeide_1.5.1/plugins/com.st.stm32cube.ide.mcu.externaltools.gnu-tools-for-stm32.7-2018-q2-update.linux64_1.5.0.202011040924/tools/bin/../lib/gcc/arm-none-eabi/7.3.1/../../../../arm-none-eabi/lib/thumb/v7e-m/fpv4-sp/hard/libc_nano.a(lib_a-errno.o)
                              Core/Src/syscalls.o (__errno)
/opt/st/stm32cubeide_1.5.1/plugins/com.st.stm32cube.ide.mcu.externaltools.gnu-tools-for-stm32.7-2018-q2-update.linux64_1.5.0.202011040924/tools/bin/../lib/gcc/arm-none-eabi/7.3.1/../../../../arm-none-eabi/lib/thumb/v7e-m/fpv4-sp/hard/libc_nano.a(lib_a-exit.o)
                              /opt/st/stm32cubeide_1.5.1/plugins/com.st.stm32cube.ide.mcu.externaltools.gnu-tools-for-stm32.7-2018-q2-update.linux64_1.5.0.202011040924/tools/bin/../lib/gcc/arm-none-eabi/7.3.1/../../../../arm-none-eabi/lib/thumb/v7e-m/fpv4-sp/hard/crt0.o (exit)
/opt/st/stm32cubeide_1.5.1/plugins/com.st.stm32cube.ide.mcu.externaltools.gnu-tools-for-stm32.7-2018-q2-update.linux64_1.5.0.202011040924/tools/bin/../lib/gcc/arm-none-eabi/7.3.1/../../../../arm-none-eabi/lib/thumb/v7e-m/fpv4-sp/hard/libc_nano.a(lib_a-impure.o)
                              /opt/st/stm32cubeide_1.5.1/plugins/com.st.stm32cube.ide.mcu.externaltools.gnu-tools-for-stm32.7-2018-q2-update.linux64_1.5.0.202011040924/tools/bin/../lib/gcc/arm-none-eabi/7.3.1/../../../../arm-none-eabi/lib/thumb/v7e-m/fpv4-sp/hard/libc_nano.a(lib_a-exit.o) (_global_impure_ptr)
/opt/st/stm32cubeide_1.5.1/plugins/com.st.stm32cube.ide.mcu.externaltools.gnu-tools-for-stm32.7-2018-q2-update.linux64_1.5.0.202011040924/tools/bin/../lib/gcc/arm-none-eabi/7.3.1/../../../../arm-none-eabi/lib/thumb/v7e-m/fpv4-sp/hard/libc_nano.a(lib_a-init.o)
                              /opt/st/stm32cubeide_1.5.1/plugins/com.st.stm32cube.ide.mcu.externaltools.gnu-tools-for-stm32.7-2018-q2-update.linux64_1.5.0.202011040924/tools/bin/../lib/gcc/arm-none-eabi/7.3.1/../../../../arm-none-eabi/lib/thumb/v7e-m/fpv4-sp/hard/crt0.o (__libc_init_array)
/opt/st/stm32cubeide_1.5.1/plugins/com.st.stm32cube.ide.mcu.externaltools.gnu-tools-for-stm32.7-2018-q2-update.linux64_1.5.0.202011040924/tools/bin/../lib/gcc/arm-none-eabi/7.3.1/../../../../arm-none-eabi/lib/thumb/v7e-m/fpv4-sp/hard/libc_nano.a(lib_a-memcmp.o)
                              ThirdParty/SEGGER/OS/SEGGER_SYSVIEW_FreeRTOS.o (memcmp)
/opt/st/stm32cubeide_1.5.1/plugins/com.st.stm32cube.ide.mcu.externaltools.gnu-tools-for-stm32.7-2018-q2-update.linux64_1.5.0.202011040924/tools/bin/../lib/gcc/arm-none-eabi/7.3.1/../../../../arm-none-eabi/lib/thumb/v7e-m/fpv4-sp/hard/libc_nano.a(lib_a-memcpy-stub.o)
                              ThirdParty/FreeRTOS/queue.o (memcpy)
/opt/st/stm32cubeide_1.5.1/plugins/com.st.stm32cube.ide.mcu.externaltools.gnu-tools-for-stm32.7-2018-q2-update.linux64_1.5.0.202011040924/tools/bin/../lib/gcc/arm-none-eabi/7.3.1/../../../../arm-none-eabi/lib/thumb/v7e-m/fpv4-sp/hard/libc_nano.a(lib_a-memset.o)
                              /opt/st/stm32cubeide_1.5.1/plugins/com.st.stm32cube.ide.mcu.externaltools.gnu-tools-for-stm32.7-2018-q2-update.linux64_1.5.0.202011040924/tools/bin/../lib/gcc/arm-none-eabi/7.3.1/../../../../arm-none-eabi/lib/thumb/v7e-m/fpv4-sp/hard/crt0.o (memset)
/opt/st/stm32cubeide_1.5.1/plugins/com.st.stm32cube.ide.mcu.externaltools.gnu-tools-for-stm32.7-2018-q2-update.linux64_1.5.0.202011040924/tools/bin/../lib/gcc/arm-none-eabi/7.3.1/../../../../arm-none-eabi/lib/thumb/v7e-m/fpv4-sp/hard/libc_nano.a(lib_a-sprintf.o)
                              Core/Src/main.o (sprintf)
/opt/st/stm32cubeide_1.5.1/plugins/com.st.stm32cube.ide.mcu.externaltools.gnu-tools-for-stm32.7-2018-q2-update.linux64_1.5.0.202011040924/tools/bin/../lib/gcc/arm-none-eabi/7.3.1/../../../../arm-none-eabi/lib/thumb/v7e-m/fpv4-sp/hard/libc_nano.a(lib_a-strlen.o)
                              ThirdParty/SEGGER/SEGGER/SEGGER_RTT.o (strlen)
/opt/st/stm32cubeide_1.5.1/plugins/com.st.stm32cube.ide.mcu.externaltools.gnu-tools-for-stm32.7-2018-q2-update.linux64_1.5.0.202011040924/tools/bin/../lib/gcc/arm-none-eabi/7.3.1/../../../../arm-none-eabi/lib/thumb/v7e-m/fpv4-sp/hard/libc_nano.a(lib_a-nano-svfprintf.o)
                              /opt/st/stm32cubeide_1.5.1/plugins/com.st.stm32cube.ide.mcu.externaltools.gnu-tools-for-stm32.7-2018-q2-update.linux64_1.5.0.202011040924/tools/bin/../lib/gcc/arm-none-eabi/7.3.1/../../../../arm-none-eabi/lib/thumb/v7e-m/fpv4-sp/hard/libc_nano.a(lib_a-sprintf.o) (_svfprintf_r)
/opt/st/stm32cubeide_1.5.1/plugins/com.st.stm32cube.ide.mcu.externaltools.gnu-tools-for-stm32.7-2018-q2-update.linux64_1.5.0.202011040924/tools/bin/../lib/gcc/arm-none-eabi/7.3.1/../../../../arm-none-eabi/lib/thumb/v7e-m/fpv4-sp/hard/libc_nano.a(lib_a-nano-vfprintf_i.o)
[...]
Memory Configuration

Name             Origin             Length             Attributes
CCMRAM           0x0000000010000000 0x0000000000010000 xrw
RAM              0x0000000020000000 0x0000000000020000 xrw
FLASH            0x0000000008000000 0x0000000000100000 xr
*default*        0x0000000000000000 0xffffffffffffffff

Linker script and memory map

LOAD /opt/st/stm32cubeide_1.5.1/plugins/com.st.stm32cube.ide.mcu.externaltools.gnu-tools-for-stm32.7-2018-q2-update.linux64_1.5.0.202011040924/tools/bin/../lib/gcc/arm-none-eabi/7.3.1/thumb/v7e-m/fpv4-sp/hard/crti.o
LOAD /opt/st/stm32cubeide_1.5.1/plugins/com.st.stm32cube.ide.mcu.externaltools.gnu-tools-for-stm32.7-2018-q2-update.linux64_1.5.0.202011040924/tools/bin/../lib/gcc/arm-none-eabi/7.3.1/thumb/v7e-m/fpv4-sp/hard/crtbegin.o
LOAD /opt/st/stm32cubeide_1.5.1/plugins/com.st.stm32cube.ide.mcu.externaltools.gnu-tools-for-stm32.7-2018-q2-update.linux64_1.5.0.202011040924/tools/bin/../lib/gcc/arm-none-eabi/7.3.1/../../../../arm-none-eabi/lib/thumb/v7e-m/fpv4-sp/hard/crt0.o
LOAD Core/Src/main.o
LOAD Core/Src/stm32f4xx_hal_msp.o
LOAD Core/Src/stm32f4xx_hal_timebase_tim.o
LOAD Core/Src/stm32f4xx_it.o
LOAD Core/Src/syscalls.o
LOAD Core/Src/system_stm32f4xx.o
LOAD Core/Startup/startup_stm32f407vgtx.o
LOAD Drivers/STM32F4xx_HAL_Driver/Src/stm32f4xx_hal.o
LOAD Drivers/STM32F4xx_HAL_Driver/Src/stm32f4xx_hal_cortex.o
LOAD Drivers/STM32F4xx_HAL_Driver/Src/stm32f4xx_hal_dma.o
LOAD Drivers/STM32F4xx_HAL_Driver/Src/stm32f4xx_hal_dma_ex.o
LOAD Drivers/STM32F4xx_HAL_Driver/Src/stm32f4xx_hal_exti.o
LOAD Drivers/STM32F4xx_HAL_Driver/Src/stm32f4xx_hal_flash.o
LOAD Drivers/STM32F4xx_HAL_Driver/Src/stm32f4xx_hal_flash_ex.o
LOAD Drivers/STM32F4xx_HAL_Driver/Src/stm32f4xx_hal_flash_ramfunc.o
LOAD Drivers/STM32F4xx_HAL_Driver/Src/stm32f4xx_hal_gpio.o
LOAD Drivers/STM32F4xx_HAL_Driver/Src/stm32f4xx_hal_pwr.o
LOAD Drivers/STM32F4xx_HAL_Driver/Src/stm32f4xx_hal_pwr_ex.o
LOAD Drivers/STM32F4xx_HAL_Driver/Src/stm32f4xx_hal_rcc.o
LOAD Drivers/STM32F4xx_HAL_Driver/Src/stm32f4xx_hal_rcc_ex.o
LOAD Drivers/STM32F4xx_HAL_Driver/Src/stm32f4xx_hal_tim.o
LOAD Drivers/STM32F4xx_HAL_Driver/Src/stm32f4xx_hal_tim_ex.o
LOAD ThirdParty/FreeRTOS/croutine.o
LOAD ThirdParty/FreeRTOS/event_groups.o
LOAD ThirdParty/FreeRTOS/list.o
LOAD ThirdParty/FreeRTOS/queue.o
LOAD ThirdParty/FreeRTOS/stream_buffer.o
LOAD ThirdParty/FreeRTOS/tasks.o
LOAD ThirdParty/FreeRTOS/timers.o
LOAD ThirdParty/FreeRTOS/portable/GCC/ARM_CM4F/port.o
LOAD ThirdParty/FreeRTOS/portable/MemMang/heap_4.o
LOAD ThirdParty/SEGGER/Config/SEGGER_SYSVIEW_Config_FreeRTOS.o
LOAD ThirdParty/SEGGER/OS/SEGGER_SYSVIEW_FreeRTOS.o
LOAD ThirdParty/SEGGER/Rec/segger_uart.o
LOAD ThirdParty/SEGGER/SEGGER/SEGGER_RTT.o
LOAD ThirdParty/SEGGER/SEGGER/SEGGER_RTT_ASM_ARMv7M.o
LOAD ThirdParty/SEGGER/SEGGER/SEGGER_RTT_printf.o
LOAD ThirdParty/SEGGER/SEGGER/SEGGER_SYSVIEW.o
LOAD ThirdParty/SEGGER/SEGGER/Syscalls/SEGGER_RTT_Syscalls_GCC.o
START GROUP
LOAD /opt/st/stm32cubeide_1.5.1/plugins/com.st.stm32cube.ide.mcu.externaltools.gnu-tools-for-stm32.7-2018-q2-update.linux64_1.5.0.202011040924/tools/bin/../lib/gcc/arm-none-eabi/7.3.1/../../../../arm-none-eabi/lib/thumb/v7e-m/fpv4-sp/hard/libc_nano.a
LOAD /opt/st/stm32cubeide_1.5.1/plugins/com.st.stm32cube.ide.mcu.externaltools.gnu-tools-for-stm32.7-2018-q2-update.linux64_1.5.0.202011040924/tools/bin/../lib/gcc/arm-none-eabi/7.3.1/../../../../arm-none-eabi/lib/thumb/v7e-m/fpv4-sp/hard/libm.a
END GROUP
START GROUP
LOAD /opt/st/stm32cubeide_1.5.1/plugins/com.st.stm32cube.ide.mcu.externaltools.gnu-tools-for-stm32.7-2018-q2-update.linux64_1.5.0.202011040924/tools/bin/../lib/gcc/arm-none-eabi/7.3.1/thumb/v7e-m/fpv4-sp/hard/libgcc.a
LOAD /opt/st/stm32cubeide_1.5.1/plugins/com.st.stm32cube.ide.mcu.externaltools.gnu-tools-for-stm32.7-2018-q2-update.linux64_1.5.0.202011040924/tools/bin/../lib/gcc/arm-none-eabi/7.3.1/../../../../arm-none-eabi/lib/thumb/v7e-m/fpv4-sp/hard/libc_nano.a
END GROUP
START GROUP
LOAD /opt/st/stm32cubeide_1.5.1/plugins/com.st.stm32cube.ide.mcu.externaltools.gnu-tools-for-stm32.7-2018-q2-update.linux64_1.5.0.202011040924/tools/bin/../lib/gcc/arm-none-eabi/7.3.1/thumb/v7e-m/fpv4-sp/hard/libgcc.a
LOAD /opt/st/stm32cubeide_1.5.1/plugins/com.st.stm32cube.ide.mcu.externaltools.gnu-tools-for-stm32.7-2018-q2-update.linux64_1.5.0.202011040924/tools/bin/../lib/gcc/arm-none-eabi/7.3.1/../../../../arm-none-eabi/lib/thumb/v7e-m/fpv4-sp/hard/libc_nano.a
LOAD /opt/st/stm32cubeide_1.5.1/plugins/com.st.stm32cube.ide.mcu.externaltools.gnu-tools-for-stm32.7-2018-q2-update.linux64_1.5.0.202011040924/tools/bin/../lib/gcc/arm-none-eabi/7.3.1/../../../../arm-none-eabi/lib/thumb/v7e-m/fpv4-sp/hard/libnosys.a
END GROUP
START GROUP
LOAD /opt/st/stm32cubeide_1.5.1/plugins/com.st.stm32cube.ide.mcu.externaltools.gnu-tools-for-stm32.7-2018-q2-update.linux64_1.5.0.202011040924/tools/bin/../lib/gcc/arm-none-eabi/7.3.1/thumb/v7e-m/fpv4-sp/hard/libgcc.a
LOAD /opt/st/stm32cubeide_1.5.1/plugins/com.st.stm32cube.ide.mcu.externaltools.gnu-tools-for-stm32.7-2018-q2-update.linux64_1.5.0.202011040924/tools/bin/../lib/gcc/arm-none-eabi/7.3.1/../../../../arm-none-eabi/lib/thumb/v7e-m/fpv4-sp/hard/libc_nano.a
LOAD /opt/st/stm32cubeide_1.5.1/plugins/com.st.stm32cube.ide.mcu.externaltools.gnu-tools-for-stm32.7-2018-q2-update.linux64_1.5.0.202011040924/tools/bin/../lib/gcc/arm-none-eabi/7.3.1/../../../../arm-none-eabi/lib/thumb/v7e-m/fpv4-sp/hard/libnosys.a
END GROUP
LOAD /opt/st/stm32cubeide_1.5.1/plugins/com.st.stm32cube.ide.mcu.externaltools.gnu-tools-for-stm32.7-2018-q2-update.linux64_1.5.0.202011040924/tools/bin/../lib/gcc/arm-none-eabi/7.3.1/thumb/v7e-m/fpv4-sp/hard/crtend.o
LOAD /opt/st/stm32cubeide_1.5.1/plugins/com.st.stm32cube.ide.mcu.externaltools.gnu-tools-for-stm32.7-2018-q2-update.linux64_1.5.0.202011040924/tools/bin/../lib/gcc/arm-none-eabi/7.3.1/thumb/v7e-m/fpv4-sp/hard/crtn.o
                0x0000000020020000                _estack = (ORIGIN (RAM) + LENGTH (RAM))
                0x0000000000000200                _Min_Heap_Size = 0x200
                0x0000000000000400                _Min_Stack_Size = 0x400

.isr_vector     0x0000000008000000      0x188
                0x0000000008000000                . = ALIGN (0x4)
 *(.isr_vector)
 .isr_vector    0x0000000008000000      0x188 Core/Startup/startup_stm32f407vgtx.o
                0x0000000008000000                g_pfnVectors
                0x0000000008000188                . = ALIGN (0x4)

.text           0x0000000008000190     0x76c4
                0x0000000008000190                . = ALIGN (0x4)
 *(.text)
 .text          0x0000000008000190       0x40 /opt/st/stm32cubeide_1.5.1/plugins/com.st.stm32cube.ide.mcu.externaltools.gnu-tools-for-stm32.7-2018-q2-update.linux64_1.5.0.202011040924/tools/bin/../lib/gcc/arm-none-eabi/7.3.1/thumb/v7e-m/fpv4-sp/hard/crtbegin.o
 .text          0x00000000080001d0       0x94 ThirdParty/SEGGER/SEGGER/SEGGER_RTT_ASM_ARMv7M.o
                0x00000000080001d0                SEGGER_RTT_ASM_WriteSkipNoLock
 *fill*         0x0000000008000264        0xc 
 .text          0x0000000008000270       0xa0 /opt/st/stm32cubeide_1.5.1/plugins/com.st.stm32cube.ide.mcu.externaltools.gnu-tools-for-stm32.7-2018-q2-update.linux64_1.5.0.202011040924/tools/bin/../lib/gcc/arm-none-eabi/7.3.1/../../../../arm-none-eabi/lib/thumb/v7e-m/fpv4-sp/hard/libc_nano.a(lib_a-memchr.o)
                0x0000000008000270                memchr
 .text          0x0000000008000310       0x30 /opt/st/stm32cubeide_1.5.1/plugins/com.st.stm32cube.ide.mcu.externaltools.gnu-tools-for-stm32.7-2018-q2-update.linux64_1.5.0.202011040924/tools/bin/../lib/gcc/arm-none-eabi/7.3.1/thumb/v7e-m/fpv4-sp/hard/libgcc.a(_aeabi_uldivmod.o)
                0x0000000008000310                __aeabi_uldivmod
 .text          0x0000000008000340      0x2cc /opt/st/stm32cubeide_1.5.1/plugins/com.st.stm32cube.ide.mcu.externaltools.gnu-tools-for-stm32.7-2018-q2-update.linux64_1.5.0.202011040924/tools/bin/../lib/gcc/arm-none-eabi/7.3.1/thumb/v7e-m/fpv4-sp/hard/libgcc.a(_udivmoddi4.o)
                0x0000000008000340                __udivmoddi4
 .text          0x000000000800060c        0x4 /opt/st/stm32cubeide_1.5.1/plugins/com.st.stm32cube.ide.mcu.externaltools.gnu-tools-for-stm32.7-2018-q2-update.linux64_1.5.0.202011040924/tools/bin/../lib/gcc/arm-none-eabi/7.3.1/thumb/v7e-m/fpv4-sp/hard/libgcc.a(_dvmd_tls.o)
                0x000000000800060c                __aeabi_ldiv0
                0x000000000800060c                __aeabi_idiv0
 *(.text*)
 .text.main     0x0000000008000610       0xb0 Core/Src/main.o
                0x0000000008000610                main
 .text.SystemClock_Config
                0x00000000080006c0       0xd4 Core/Src/main.o
                0x00000000080006c0                SystemClock_Config
 .text.MX_GPIO_Init
                0x0000000008000794      0x2c0 Core/Src/main.o
 .text.task1_handler
                0x0000000008000a54       0x3c Core/Src/main.o
 .text.task2_handler
                0x0000000008000a90       0x3c Core/Src/main.o
 .text.HAL_TIM_PeriodElapsedCallback
                0x0000000008000acc       0x24 Core/Src/main.o
                0x0000000008000acc                HAL_TIM_PeriodElapsedCallback
 .text.Error_Handler
                0x0000000008000af0        0x8 Core/Src/main.o
                0x0000000008000af0                Error_Handler
 .text.HAL_MspInit
                0x0000000008000af8       0x50 Core/Src/stm32f4xx_hal_msp.o
                0x0000000008000af8                HAL_MspInit
 .text.HAL_InitTick
                0x0000000008000b48       0xb4 Core/Src/stm32f4xx_hal_timebase_tim.o
                0x0000000008000b48                HAL_InitTick
 .text.NMI_Handler
                0x0000000008000bfc        0x6 Core/Src/stm32f4xx_it.o
                0x0000000008000bfc                NMI_Handler
 .text.HardFault_Handler
                0x0000000008000c02        0x6 Core/Src/stm32f4xx_it.o
                0x0000000008000c02                HardFault_Handler
 .text.MemManage_Handler
                0x0000000008000c08        0x6 Core/Src/stm32f4xx_it.o
                0x0000000008000c08                MemManage_Handler
 .text.BusFault_Handler
                0x0000000008000c0e        0x6 Core/Src/stm32f4xx_it.o
                0x0000000008000c0e                BusFault_Handler
 .text.UsageFault_Handler
                0x0000000008000c14        0x6 Core/Src/stm32f4xx_it.o
                0x0000000008000c14                UsageFault_Handler
 .text.DebugMon_Handler
                0x0000000008000c1a        0xe Core/Src/stm32f4xx_it.o
                0x0000000008000c1a                DebugMon_Handler
 .text.TIM6_DAC_IRQHandler
                0x0000000008000c28       0x14 Core/Src/stm32f4xx_it.o
                0x0000000008000c28                TIM6_DAC_IRQHandler
 .text.SystemInit
                0x0000000008000c3c       0x2c Core/Src/system_stm32f4xx.o
                0x0000000008000c3c                SystemInit
 .text.Reset_Handler
                0x0000000008000c68       0x50 Core/Startup/startup_stm32f407vgtx.o
                0x0000000008000c68                Reset_Handler
 .text.Default_Handler
                0x0000000008000cb8        0x2 Core/Startup/startup_stm32f407vgtx.o
                0x0000000008000cb8                RTC_Alarm_IRQHandler
                0x0000000008000cb8                HASH_RNG_IRQHandler
                0x0000000008000cb8                EXTI2_IRQHandler
                0x0000000008000cb8                TIM8_CC_IRQHandler
                0x0000000008000cb8                TIM1_CC_IRQHandler
                0x0000000008000cb8                DMA2_Stream5_IRQHandler
                0x0000000008000cb8                DMA1_Stream5_IRQHandler
                0x0000000008000cb8                PVD_IRQHandler
                0x0000000008000cb8                SDIO_IRQHandler
                0x0000000008000cb8                TAMP_STAMP_IRQHandler
                0x0000000008000cb8                CAN2_RX1_IRQHandler
                0x0000000008000cb8                EXTI3_IRQHandler
                0x0000000008000cb8                TIM8_TRG_COM_TIM14_IRQHandler
                0x0000000008000cb8                TIM1_UP_TIM10_IRQHandler
                0x0000000008000cb8                TIM8_UP_TIM13_IRQHandler
                0x0000000008000cb8                I2C3_ER_IRQHandler
                0x0000000008000cb8                EXTI0_IRQHandler
                0x0000000008000cb8                I2C2_EV_IRQHandler
                0x0000000008000cb8                DMA1_Stream2_IRQHandler
                0x0000000008000cb8                CAN1_RX0_IRQHandler
                0x0000000008000cb8                FPU_IRQHandler
                0x0000000008000cb8                OTG_HS_WKUP_IRQHandler
                0x0000000008000cb8                CAN2_SCE_IRQHandler
                0x0000000008000cb8                DMA2_Stream2_IRQHandler
                0x0000000008000cb8                SPI1_IRQHandler
                0x0000000008000cb8                TIM1_BRK_TIM9_IRQHandler
                0x0000000008000cb8                DCMI_IRQHandler
                0x0000000008000cb8                CAN2_RX0_IRQHandler
                0x0000000008000cb8                DMA2_Stream3_IRQHandler
                0x0000000008000cb8                USART6_IRQHandler
                0x0000000008000cb8                USART3_IRQHandler
                0x0000000008000cb8                CAN1_RX1_IRQHandler
                0x0000000008000cb8                UART5_IRQHandler
                0x0000000008000cb8                DMA2_Stream0_IRQHandler
                0x0000000008000cb8                TIM4_IRQHandler
                0x0000000008000cb8                I2C1_EV_IRQHandler
                0x0000000008000cb8                DMA1_Stream6_IRQHandler
                0x0000000008000cb8                DMA1_Stream1_IRQHandler
                0x0000000008000cb8                UART4_IRQHandler
                0x0000000008000cb8                TIM3_IRQHandler
                0x0000000008000cb8                RCC_IRQHandler
                0x0000000008000cb8                TIM8_BRK_TIM12_IRQHandler
                0x0000000008000cb8                Default_Handler
                0x0000000008000cb8                EXTI15_10_IRQHandler
                0x0000000008000cb8                ADC_IRQHandler
                0x0000000008000cb8                DMA1_Stream7_IRQHandler
                0x0000000008000cb8                TIM7_IRQHandler
                0x0000000008000cb8                CAN2_TX_IRQHandler
                0x0000000008000cb8                TIM5_IRQHandler
                0x0000000008000cb8                DMA2_Stream7_IRQHandler
                0x0000000008000cb8                I2C3_EV_IRQHandler
                0x0000000008000cb8                EXTI9_5_IRQHandler
                0x0000000008000cb8                RTC_WKUP_IRQHandler
                0x0000000008000cb8                ETH_WKUP_IRQHandler
                0x0000000008000cb8                SPI2_IRQHandler
                0x0000000008000cb8                OTG_HS_EP1_IN_IRQHandler
                0x0000000008000cb8                DMA1_Stream0_IRQHandler
                0x0000000008000cb8                CAN1_TX_IRQHandler
                0x0000000008000cb8                EXTI4_IRQHandler
                0x0000000008000cb8                FSMC_IRQHandler
                0x0000000008000cb8                ETH_IRQHandler
                0x0000000008000cb8                OTG_HS_EP1_OUT_IRQHandler
                0x0000000008000cb8                WWDG_IRQHandler
                0x0000000008000cb8                TIM2_IRQHandler
                0x0000000008000cb8                OTG_FS_WKUP_IRQHandler
                0x0000000008000cb8                TIM1_TRG_COM_TIM11_IRQHandler
                0x0000000008000cb8                OTG_HS_IRQHandler
                0x0000000008000cb8                EXTI1_IRQHandler
                0x0000000008000cb8                I2C2_ER_IRQHandler
                0x0000000008000cb8                DMA2_Stream1_IRQHandler
                0x0000000008000cb8                CAN1_SCE_IRQHandler
                0x0000000008000cb8                FLASH_IRQHandler
                0x0000000008000cb8                DMA2_Stream4_IRQHandler
                0x0000000008000cb8                USART1_IRQHandler
                0x0000000008000cb8                OTG_FS_IRQHandler
                0x0000000008000cb8                SPI3_IRQHandler
                0x0000000008000cb8                DMA1_Stream4_IRQHandler
                0x0000000008000cb8                I2C1_ER_IRQHandler
                0x0000000008000cb8                DMA2_Stream6_IRQHandler
                0x0000000008000cb8                DMA1_Stream3_IRQHandler
 *fill*         0x0000000008000cba        0x2 
 .text.HAL_Init
                0x0000000008000cbc       0x44 Drivers/STM32F4xx_HAL_Driver/Src/stm32f4xx_hal.o
                0x0000000008000cbc                HAL_Init
 .text.HAL_IncTick
                0x0000000008000d00       0x28 Drivers/STM32F4xx_HAL_Driver/Src/stm32f4xx_hal.o
                0x0000000008000d00                HAL_IncTick
 .text.HAL_GetTick
                0x0000000008000d28       0x18 Drivers/STM32F4xx_HAL_Driver/Src/stm32f4xx_hal.o
                0x0000000008000d28                HAL_GetTick
 .text.__NVIC_SetPriorityGrouping
                0x0000000008000d40       0x48 Drivers/STM32F4xx_HAL_Driver/Src/stm32f4xx_hal_cortex.o
 .text.__NVIC_GetPriorityGrouping
                0x0000000008000d88       0x1c Drivers/STM32F4xx_HAL_Driver/Src/stm32f4xx_hal_cortex.o
 .text.__NVIC_EnableIRQ
                0x0000000008000da4       0x3c Drivers/STM32F4xx_HAL_Driver/Src/stm32f4xx_hal_cortex.o
 .text.__NVIC_SetPriority
                0x0000000008000de0       0x54 Drivers/STM32F4xx_HAL_Driver/Src/stm32f4xx_hal_cortex.o
 .text.NVIC_EncodePriority
                0x0000000008000e34       0x66 Drivers/STM32F4xx_HAL_Driver/Src/stm32f4xx_hal_cortex.o
 .text.HAL_NVIC_SetPriorityGrouping
                0x0000000008000e9a       0x16 Drivers/STM32F4xx_HAL_Driver/Src/stm32f4xx_hal_cortex.o
                0x0000000008000e9a                HAL_NVIC_SetPriorityGrouping
 .text.HAL_NVIC_SetPriority
                0x0000000008000eb0       0x38 Drivers/STM32F4xx_HAL_Driver/Src/stm32f4xx_hal_cortex.o
                0x0000000008000eb0                HAL_NVIC_SetPriority
 .text.HAL_NVIC_EnableIRQ
                0x0000000008000ee8       0x1c Drivers/STM32F4xx_HAL_Driver/Src/stm32f4xx_hal_cortex.o
                0x0000000008000ee8                HAL_NVIC_EnableIRQ
 .text.HAL_GPIO_Init
                0x0000000008000f04      0x334 Drivers/STM32F4xx_HAL_Driver/Src/stm32f4xx_hal_gpio.o
                0x0000000008000f04                HAL_GPIO_Init
 .text.HAL_GPIO_WritePin
                0x0000000008001238       0x32 Drivers/STM32F4xx_HAL_Driver/Src/stm32f4xx_hal_gpio.o
                0x0000000008001238                HAL_GPIO_WritePin
 *fill*         0x000000000800126a        0x2 
 .text.HAL_RCC_OscConfig
                0x000000000800126c      0x4e0 Drivers/STM32F4xx_HAL_Driver/Src/stm32f4xx_hal_rcc.o
                0x000000000800126c                HAL_RCC_OscConfig
 .text.HAL_RCC_ClockConfig
                0x000000000800174c      0x1cc Drivers/STM32F4xx_HAL_Driver/Src/stm32f4xx_hal_rcc.o
                0x000000000800174c                HAL_RCC_ClockConfig
 .text.HAL_RCC_GetSysClockFreq
                0x0000000008001918      0x1b0 Drivers/STM32F4xx_HAL_Driver/Src/stm32f4xx_hal_rcc.o
                0x0000000008001918                HAL_RCC_GetSysClockFreq
 .text.HAL_RCC_GetHCLKFreq
                0x0000000008001ac8       0x18 Drivers/STM32F4xx_HAL_Driver/Src/stm32f4xx_hal_rcc.o
                0x0000000008001ac8                HAL_RCC_GetHCLKFreq
 .text.HAL_RCC_GetPCLK1Freq
                0x0000000008001ae0       0x28 Drivers/STM32F4xx_HAL_Driver/Src/stm32f4xx_hal_rcc.o
                0x0000000008001ae0                HAL_RCC_GetPCLK1Freq
 .text.HAL_RCC_GetClockConfig
                0x0000000008001b08       0x64 Drivers/STM32F4xx_HAL_Driver/Src/stm32f4xx_hal_rcc.o
                0x0000000008001b08                HAL_RCC_GetClockConfig
 .text.HAL_TIM_Base_Init
                0x0000000008001b6c       0x56 Drivers/STM32F4xx_HAL_Driver/Src/stm32f4xx_hal_tim.o
                0x0000000008001b6c                HAL_TIM_Base_Init
 .text.HAL_TIM_Base_MspInit
                0x0000000008001bc2       0x14 Drivers/STM32F4xx_HAL_Driver/Src/stm32f4xx_hal_tim.o
                0x0000000008001bc2                HAL_TIM_Base_MspInit
 .text.HAL_TIM_Base_Start_IT
                0x0000000008001bd6       0x48 Drivers/STM32F4xx_HAL_Driver/Src/stm32f4xx_hal_tim.o
                0x0000000008001bd6                HAL_TIM_Base_Start_IT
 .text.HAL_TIM_IRQHandler
                0x0000000008001c1e      0x210 Drivers/STM32F4xx_HAL_Driver/Src/stm32f4xx_hal_tim.o
                0x0000000008001c1e                HAL_TIM_IRQHandler
 .text.HAL_TIM_OC_DelayElapsedCallback
                0x0000000008001e2e       0x14 Drivers/STM32F4xx_HAL_Driver/Src/stm32f4xx_hal_tim.o
                0x0000000008001e2e                HAL_TIM_OC_DelayElapsedCallback
 .text.HAL_TIM_IC_CaptureCallback
                0x0000000008001e42       0x14 Drivers/STM32F4xx_HAL_Driver/Src/stm32f4xx_hal_tim.o
                0x0000000008001e42                HAL_TIM_IC_CaptureCallback
 .text.HAL_TIM_PWM_PulseFinishedCallback
                0x0000000008001e56       0x14 Drivers/STM32F4xx_HAL_Driver/Src/stm32f4xx_hal_tim.o
                0x0000000008001e56                HAL_TIM_PWM_PulseFinishedCallback
 .text.HAL_TIM_TriggerCallback
                0x0000000008001e6a       0x14 Drivers/STM32F4xx_HAL_Driver/Src/stm32f4xx_hal_tim.o
                0x0000000008001e6a                HAL_TIM_TriggerCallback
 *fill*         0x0000000008001e7e        0x2 
 .text.TIM_Base_SetConfig
                0x0000000008001e80      0x140 Drivers/STM32F4xx_HAL_Driver/Src/stm32f4xx_hal_tim.o
                0x0000000008001e80                TIM_Base_SetConfig
 .text.HAL_TIMEx_CommutCallback
                0x0000000008001fc0       0x14 Drivers/STM32F4xx_HAL_Driver/Src/stm32f4xx_hal_tim_ex.o
                0x0000000008001fc0                HAL_TIMEx_CommutCallback
 .text.HAL_TIMEx_BreakCallback
                0x0000000008001fd4       0x14 Drivers/STM32F4xx_HAL_Driver/Src/stm32f4xx_hal_tim_ex.o
                0x0000000008001fd4                HAL_TIMEx_BreakCallback
 .text.vListInitialise
                0x0000000008001fe8       0x40 ThirdParty/FreeRTOS/list.o
                0x0000000008001fe8                vListInitialise
 .text.vListInitialiseItem
                0x0000000008002028       0x1a ThirdParty/FreeRTOS/list.o
                0x0000000008002028                vListInitialiseItem
 .text.vListInsertEnd
                0x0000000008002042       0x48 ThirdParty/FreeRTOS/list.o
                0x0000000008002042                vListInsertEnd
 .text.vListInsert
                0x000000000800208a       0x72 ThirdParty/FreeRTOS/list.o
                0x000000000800208a                vListInsert
 .text.uxListRemove
                0x00000000080020fc       0x54 ThirdParty/FreeRTOS/list.o
                0x00000000080020fc                uxListRemove
 .text.xQueueGenericReset
                0x0000000008002150       0xb4 ThirdParty/FreeRTOS/queue.o
                0x0000000008002150                xQueueGenericReset
 .text.xQueueGenericCreate
                0x0000000008002204       0xb8 ThirdParty/FreeRTOS/queue.o
                0x0000000008002204                xQueueGenericCreate
 .text.prvInitialiseNewQueue
                0x00000000080022bc       0x52 ThirdParty/FreeRTOS/queue.o
 *fill*         0x000000000800230e        0x2 
 .text.xQueueGenericSend
                0x0000000008002310      0x214 ThirdParty/FreeRTOS/queue.o
                0x0000000008002310                xQueueGenericSend
 .text.xQueueGenericSendFromISR
                0x0000000008002524      0x172 ThirdParty/FreeRTOS/queue.o
                0x0000000008002524                xQueueGenericSendFromISR
 *fill*         0x0000000008002696        0x2 
 .text.xQueueReceive
                0x0000000008002698      0x210 ThirdParty/FreeRTOS/queue.o
                0x0000000008002698                xQueueReceive
 .text.prvCopyDataToQueue
                0x00000000080028a8       0xd4 ThirdParty/FreeRTOS/queue.o
 .text.prvCopyDataFromQueue
                0x000000000800297c       0x4c ThirdParty/FreeRTOS/queue.o
 .text.prvUnlockQueue
                0x00000000080029c8       0xa4 ThirdParty/FreeRTOS/queue.o
 .text.prvIsQueueEmpty
                0x0000000008002a6c       0x2c ThirdParty/FreeRTOS/queue.o
 .text.prvIsQueueFull
                0x0000000008002a98       0x30 ThirdParty/FreeRTOS/queue.o
 .text.vQueueAddToRegistry
                0x0000000008002ac8       0x60 ThirdParty/FreeRTOS/queue.o
                0x0000000008002ac8                vQueueAddToRegistry
 .text.vQueueWaitForMessageRestricted
                0x0000000008002b28       0x68 ThirdParty/FreeRTOS/queue.o
                0x0000000008002b28                vQueueWaitForMessageRestricted
 .text.xTaskCreate
                0x0000000008002b90       0x82 ThirdParty/FreeRTOS/tasks.o
                0x0000000008002b90                xTaskCreate
 .text.prvInitialiseNewTask
                0x0000000008002c12      0x12a ThirdParty/FreeRTOS/tasks.o
 .text.prvAddNewTaskToReadyList
                0x0000000008002d3c       0xfc ThirdParty/FreeRTOS/tasks.o
 .text.vTaskStartScheduler
                0x0000000008002e38       0xc0 ThirdParty/FreeRTOS/tasks.o
                0x0000000008002e38                vTaskStartScheduler
 .text.vTaskSuspendAll
                0x0000000008002ef8       0x1c ThirdParty/FreeRTOS/tasks.o
                0x0000000008002ef8                vTaskSuspendAll
 .text.xTaskResumeAll
                0x0000000008002f14      0x124 ThirdParty/FreeRTOS/tasks.o
                0x0000000008002f14                xTaskResumeAll
 .text.xTaskGetTickCount
                0x0000000008003038       0x20 ThirdParty/FreeRTOS/tasks.o
                0x0000000008003038                xTaskGetTickCount
 .text.xTaskGetTickCountFromISR
                0x0000000008003058       0x24 ThirdParty/FreeRTOS/tasks.o
                0x0000000008003058                xTaskGetTickCountFromISR
 .text.xTaskIncrementTick
                0x000000000800307c      0x130 ThirdParty/FreeRTOS/tasks.o
                0x000000000800307c                xTaskIncrementTick
 .text.vTaskSwitchContext
                0x00000000080031ac       0xd0 ThirdParty/FreeRTOS/tasks.o
                0x00000000080031ac                vTaskSwitchContext
 .text.vTaskPlaceOnEventList
                0x000000000800327c       0x48 ThirdParty/FreeRTOS/tasks.o
                0x000000000800327c                vTaskPlaceOnEventList
 .text.vTaskPlaceOnEventListRestricted
                0x00000000080032c4       0x5c ThirdParty/FreeRTOS/tasks.o
                0x00000000080032c4                vTaskPlaceOnEventListRestricted
 .text.xTaskRemoveFromEventList
                0x0000000008003320       0xcc ThirdParty/FreeRTOS/tasks.o
                0x0000000008003320                xTaskRemoveFromEventList
 .text.vTaskInternalSetTimeOutState
                0x00000000080033ec       0x2c ThirdParty/FreeRTOS/tasks.o
                0x00000000080033ec                vTaskInternalSetTimeOutState
 .text.xTaskCheckForTimeOut
                0x0000000008003418       0xc8 ThirdParty/FreeRTOS/tasks.o
                0x0000000008003418                xTaskCheckForTimeOut
 .text.vTaskMissedYield
                0x00000000080034e0       0x18 ThirdParty/FreeRTOS/tasks.o
                0x00000000080034e0                vTaskMissedYield
 .text.prvIdleTask
                0x00000000080034f8       0x24 ThirdParty/FreeRTOS/tasks.o
 .text.prvInitialiseTaskLists
                0x000000000800351c       0x80 ThirdParty/FreeRTOS/tasks.o
 .text.prvCheckTasksWaitingTermination
                0x000000000800359c       0x58 ThirdParty/FreeRTOS/tasks.o
 .text.prvDeleteTCB
                0x00000000080035f4       0x20 ThirdParty/FreeRTOS/tasks.o
 .text.prvResetNextTaskUnblockTime
                0x0000000008003614       0x38 ThirdParty/FreeRTOS/tasks.o
 .text.xTaskGetSchedulerState
                0x000000000800364c       0x3c ThirdParty/FreeRTOS/tasks.o
                0x000000000800364c                xTaskGetSchedulerState
 .text.xTaskPriorityDisinherit
                0x0000000008003688       0xfc ThirdParty/FreeRTOS/tasks.o
                0x0000000008003688                xTaskPriorityDisinherit
 .text.prvAddCurrentTaskToDelayedList
                0x0000000008003784       0xf0 ThirdParty/FreeRTOS/tasks.o
 .text.xTimerCreateTimerTask
                0x0000000008003874       0x64 ThirdParty/FreeRTOS/timers.o
                0x0000000008003874                xTimerCreateTimerTask
 .text.xTimerGenericCommand
                0x00000000080038d8       0x98 ThirdParty/FreeRTOS/timers.o
                0x00000000080038d8                xTimerGenericCommand
 .text.prvProcessExpiredTimer
                0x0000000008003970       0x98 ThirdParty/FreeRTOS/timers.o
 .text.prvTimerTask
                0x0000000008003a08       0x24 ThirdParty/FreeRTOS/timers.o
 .text.prvProcessTimerOrBlockTask
                0x0000000008003a2c       0x9c ThirdParty/FreeRTOS/timers.o
 .text.prvGetNextExpireTime
                0x0000000008003ac8       0x48 ThirdParty/FreeRTOS/timers.o
 .text.prvSampleTimeNow
                0x0000000008003b10       0x40 ThirdParty/FreeRTOS/timers.o
 .text.prvInsertTimerInActiveList
                0x0000000008003b50       0x84 ThirdParty/FreeRTOS/timers.o
 .text.prvProcessReceivedCommands
                0x0000000008003bd4      0x188 ThirdParty/FreeRTOS/timers.o
 .text.prvSwitchTimerLists
                0x0000000008003d5c       0xc8 ThirdParty/FreeRTOS/timers.o
 .text.prvCheckForValidListAndQueue
                0x0000000008003e24       0x6c ThirdParty/FreeRTOS/timers.o
 .text.pxPortInitialiseStack
                0x0000000008003e90       0x68 ThirdParty/FreeRTOS/portable/GCC/ARM_CM4F/port.o
                0x0000000008003e90                pxPortInitialiseStack
 .text.prvTaskExitError
                0x0000000008003ef8       0x54 ThirdParty/FreeRTOS/portable/GCC/ARM_CM4F/port.o
 *fill*         0x0000000008003f4c        0x4 
 .text.SVC_Handler
                0x0000000008003f50       0x28 ThirdParty/FreeRTOS/portable/GCC/ARM_CM4F/port.o
                0x0000000008003f50                SVC_Handler
 .text.prvPortStartFirstTask
                0x0000000008003f78       0x2c ThirdParty/FreeRTOS/portable/GCC/ARM_CM4F/port.o
 .text.xPortStartScheduler
                0x0000000008003fa4      0x13c ThirdParty/FreeRTOS/portable/GCC/ARM_CM4F/port.o
                0x0000000008003fa4                xPortStartScheduler
 .text.vInitPrioGroupValue
                0x00000000080040e0       0xf4 ThirdParty/FreeRTOS/portable/GCC/ARM_CM4F/port.o
                0x00000000080040e0                vInitPrioGroupValue
 .text.vPortEnterCritical
                0x00000000080041d4       0x5c ThirdParty/FreeRTOS/portable/GCC/ARM_CM4F/port.o
                0x00000000080041d4                vPortEnterCritical
 .text.vPortExitCritical
                0x0000000008004230       0x50 ThirdParty/FreeRTOS/portable/GCC/ARM_CM4F/port.o
                0x0000000008004230                vPortExitCritical
 .text.PendSV_Handler
                0x0000000008004280       0x68 ThirdParty/FreeRTOS/portable/GCC/ARM_CM4F/port.o
                0x0000000008004280                PendSV_Handler
 .text.SysTick_Handler
                0x00000000080042e8       0x50 ThirdParty/FreeRTOS/portable/GCC/ARM_CM4F/port.o
                0x00000000080042e8                SysTick_Handler
 .text.vPortSetupTimerInterrupt
                0x0000000008004338       0x48 ThirdParty/FreeRTOS/portable/GCC/ARM_CM4F/port.o
                0x0000000008004338                vPortSetupTimerInterrupt
 .text.vPortEnableVFP
                0x0000000008004380       0x18 ThirdParty/FreeRTOS/portable/GCC/ARM_CM4F/port.o
 .text.vPortValidateInterruptPriority
                0x0000000008004398       0x7c ThirdParty/FreeRTOS/portable/GCC/ARM_CM4F/port.o
                0x0000000008004398                vPortValidateInterruptPriority
 .text.pvPortMalloc
                0x0000000008004414      0x1b8 ThirdParty/FreeRTOS/portable/MemMang/heap_4.o
                0x0000000008004414                pvPortMalloc
 .text.vPortFree
                0x00000000080045cc       0xc0 ThirdParty/FreeRTOS/portable/MemMang/heap_4.o
                0x00000000080045cc                vPortFree
 .text.prvHeapInit
                0x000000000800468c       0xc4 ThirdParty/FreeRTOS/portable/MemMang/heap_4.o
 .text.prvInsertBlockIntoFreeList
                0x0000000008004750       0xb4 ThirdParty/FreeRTOS/portable/MemMang/heap_4.o
 .text._cbSendSystemDesc
                0x0000000008004804       0x1c ThirdParty/SEGGER/Config/SEGGER_SYSVIEW_Config_FreeRTOS.o
 .text.SEGGER_SYSVIEW_Conf
                0x0000000008004820       0x2c ThirdParty/SEGGER/Config/SEGGER_SYSVIEW_Config_FreeRTOS.o
                0x0000000008004820                SEGGER_SYSVIEW_Conf
 .text._cbSendTaskList
                0x000000000800484c       0x90 ThirdParty/SEGGER/OS/SEGGER_SYSVIEW_FreeRTOS.o
 .text._cbGetTime
                0x00000000080048dc       0x76 ThirdParty/SEGGER/OS/SEGGER_SYSVIEW_FreeRTOS.o
 *fill*         0x0000000008004952        0x2 
 .text.SYSVIEW_AddTask
                0x0000000008004954       0xd0 ThirdParty/SEGGER/OS/SEGGER_SYSVIEW_FreeRTOS.o
                0x0000000008004954                SYSVIEW_AddTask
 .text.SYSVIEW_SendTaskInfo
                0x0000000008004a24       0x42 ThirdParty/SEGGER/OS/SEGGER_SYSVIEW_FreeRTOS.o
                0x0000000008004a24                SYSVIEW_SendTaskInfo
 *fill*         0x0000000008004a66        0x2 
 .text.__NVIC_EnableIRQ
                0x0000000008004a68       0x3c ThirdParty/SEGGER/Rec/segger_uart.o
 .text.__NVIC_SetPriority
                0x0000000008004aa4       0x54 ThirdParty/SEGGER/Rec/segger_uart.o
 .text._StartSysView
                0x0000000008004af8       0x1e ThirdParty/SEGGER/Rec/segger_uart.o
 *fill*         0x0000000008004b16        0x2 
 .text._cbOnUARTRx
                0x0000000008004b18       0x40 ThirdParty/SEGGER/Rec/segger_uart.o
 .text._cbOnUARTTx
                0x0000000008004b58       0x64 ThirdParty/SEGGER/Rec/segger_uart.o
 .text.SEGGER_UART_init
                0x0000000008004bbc       0x24 ThirdParty/SEGGER/Rec/segger_uart.o
                0x0000000008004bbc                SEGGER_UART_init
 .text.USART2_IRQHandler
                0x0000000008004be0       0x94 ThirdParty/SEGGER/Rec/segger_uart.o
                0x0000000008004be0                USART2_IRQHandler
 .text.HIF_UART_EnableTXEInterrupt
                0x0000000008004c74       0x20 ThirdParty/SEGGER/Rec/segger_uart.o
                0x0000000008004c74                HIF_UART_EnableTXEInterrupt
 .text.HIF_UART_Init
                0x0000000008004c94       0xf4 ThirdParty/SEGGER/Rec/segger_uart.o
                0x0000000008004c94                HIF_UART_Init
 .text._DoInit  0x0000000008004d88       0xb0 ThirdParty/SEGGER/SEGGER/SEGGER_RTT.o
 .text._WriteBlocking
                0x0000000008004e38       0xba ThirdParty/SEGGER/SEGGER/SEGGER_RTT.o
 .text._WriteNoCheck
                0x0000000008004ef2       0x90 ThirdParty/SEGGER/SEGGER/SEGGER_RTT.o
 .text._GetAvailWriteSpace
                0x0000000008004f82       0x46 ThirdParty/SEGGER/SEGGER/SEGGER_RTT.o
 .text.SEGGER_RTT_ReadUpBufferNoLock
                0x0000000008004fc8      0x10c ThirdParty/SEGGER/SEGGER/SEGGER_RTT.o
                0x0000000008004fc8                SEGGER_RTT_ReadUpBufferNoLock
 .text.SEGGER_RTT_ReadNoLock
                0x00000000080050d4      0x10c ThirdParty/SEGGER/SEGGER/SEGGER_RTT.o
                0x00000000080050d4                SEGGER_RTT_ReadNoLock
 .text.SEGGER_RTT_WriteDownBufferNoLock
                0x00000000080051e0       0x9c ThirdParty/SEGGER/SEGGER/SEGGER_RTT.o
                0x00000000080051e0                SEGGER_RTT_WriteDownBufferNoLock
 .text.SEGGER_RTT_WriteDownBuffer
                0x000000000800527c       0x4c ThirdParty/SEGGER/SEGGER/SEGGER_RTT.o
                0x000000000800527c                SEGGER_RTT_WriteDownBuffer
 .text.SEGGER_RTT_AllocUpBuffer
                0x00000000080052c8      0x108 ThirdParty/SEGGER/SEGGER/SEGGER_RTT.o
                0x00000000080052c8                SEGGER_RTT_AllocUpBuffer
 .text.SEGGER_RTT_ConfigDownBuffer
                0x00000000080053d0       0x98 ThirdParty/SEGGER/SEGGER/SEGGER_RTT.o
                0x00000000080053d0                SEGGER_RTT_ConfigDownBuffer
 .text._EncodeStr
                0x0000000008005468       0xa0 ThirdParty/SEGGER/SEGGER/SEGGER_SYSVIEW.o
 .text._PreparePacket
                0x0000000008005508       0x18 ThirdParty/SEGGER/SEGGER/SEGGER_SYSVIEW.o
 .text._HandleIncomingPacket
                0x0000000008005520       0xd8 ThirdParty/SEGGER/SEGGER/SEGGER_SYSVIEW.o
 .text._TrySendOverflowPacket
                0x00000000080055f8       0xe8 ThirdParty/SEGGER/SEGGER/SEGGER_SYSVIEW.o
 .text._SendPacket
                0x00000000080056e0      0x1d0 ThirdParty/SEGGER/SEGGER/SEGGER_SYSVIEW.o
 .text._StoreChar
                0x00000000080058b0       0xf6 ThirdParty/SEGGER/SEGGER/SEGGER_SYSVIEW.o
 *fill*         0x00000000080059a6        0x2 
 .text._PrintUnsigned
                0x00000000080059a8      0x12c ThirdParty/SEGGER/SEGGER/SEGGER_SYSVIEW.o
 .text._PrintInt
                0x0000000008005ad4      0x11e ThirdParty/SEGGER/SEGGER/SEGGER_SYSVIEW.o
 *fill*         0x0000000008005bf2        0x2 
 .text._VPrintTarget
                0x0000000008005bf4      0x36c ThirdParty/SEGGER/SEGGER/SEGGER_SYSVIEW.o
 .text.SEGGER_SYSVIEW_Init
                0x0000000008005f60       0x88 ThirdParty/SEGGER/SEGGER/SEGGER_SYSVIEW.o
                0x0000000008005f60                SEGGER_SYSVIEW_Init
 .text.SEGGER_SYSVIEW_SetRAMBase
                0x0000000008005fe8       0x20 ThirdParty/SEGGER/SEGGER/SEGGER_SYSVIEW.o
                0x0000000008005fe8                SEGGER_SYSVIEW_SetRAMBase
 .text.SEGGER_SYSVIEW_RecordVoid
                0x0000000008006008       0x3c ThirdParty/SEGGER/SEGGER/SEGGER_SYSVIEW.o
                0x0000000008006008                SEGGER_SYSVIEW_RecordVoid
 .text.SEGGER_SYSVIEW_RecordU32
                0x0000000008006044       0x78 ThirdParty/SEGGER/SEGGER/SEGGER_SYSVIEW.o
                0x0000000008006044                SEGGER_SYSVIEW_RecordU32
 .text.SEGGER_SYSVIEW_RecordU32x2
                0x00000000080060bc       0xb4 ThirdParty/SEGGER/SEGGER/SEGGER_SYSVIEW.o
                0x00000000080060bc                SEGGER_SYSVIEW_RecordU32x2
 .text.SEGGER_SYSVIEW_RecordU32x3
                0x0000000008006170       0xec ThirdParty/SEGGER/SEGGER/SEGGER_SYSVIEW.o
                0x0000000008006170                SEGGER_SYSVIEW_RecordU32x3
 .text.SEGGER_SYSVIEW_RecordU32x4
                0x000000000800625c      0x124 ThirdParty/SEGGER/SEGGER/SEGGER_SYSVIEW.o
                0x000000000800625c                SEGGER_SYSVIEW_RecordU32x4
 .text.SEGGER_SYSVIEW_Start
                0x0000000008006380      0x178 ThirdParty/SEGGER/SEGGER/SEGGER_SYSVIEW.o
                0x0000000008006380                SEGGER_SYSVIEW_Start
 .text.SEGGER_SYSVIEW_Stop
                0x00000000080064f8       0x4c ThirdParty/SEGGER/SEGGER/SEGGER_SYSVIEW.o
                0x00000000080064f8                SEGGER_SYSVIEW_Stop
 .text.SEGGER_SYSVIEW_GetSysDesc
                0x0000000008006544      0x134 ThirdParty/SEGGER/SEGGER/SEGGER_SYSVIEW.o
                0x0000000008006544                SEGGER_SYSVIEW_GetSysDesc
 .text.SEGGER_SYSVIEW_SendTaskInfo
                0x0000000008006678      0x1c8 ThirdParty/SEGGER/SEGGER/SEGGER_SYSVIEW.o
                0x0000000008006678                SEGGER_SYSVIEW_SendTaskInfo
 .text.SEGGER_SYSVIEW_SendTaskList
                0x0000000008006840       0x28 ThirdParty/SEGGER/SEGGER/SEGGER_SYSVIEW.o
                0x0000000008006840                SEGGER_SYSVIEW_SendTaskList
 .text.SEGGER_SYSVIEW_SendSysDesc
                0x0000000008006868       0x48 ThirdParty/SEGGER/SEGGER/SEGGER_SYSVIEW.o
                0x0000000008006868                SEGGER_SYSVIEW_SendSysDesc
 .text.SEGGER_SYSVIEW_RecordSystime
                0x00000000080068b0       0x60 ThirdParty/SEGGER/SEGGER/SEGGER_SYSVIEW.o
                0x00000000080068b0                SEGGER_SYSVIEW_RecordSystime
 .text.SEGGER_SYSVIEW_RecordEnterISR
                0x0000000008006910       0x84 ThirdParty/SEGGER/SEGGER/SEGGER_SYSVIEW.o
                0x0000000008006910                SEGGER_SYSVIEW_RecordEnterISR
 .text.SEGGER_SYSVIEW_RecordExitISR
                0x0000000008006994       0x38 ThirdParty/SEGGER/SEGGER/SEGGER_SYSVIEW.o
                0x0000000008006994                SEGGER_SYSVIEW_RecordExitISR
 .text.SEGGER_SYSVIEW_RecordExitISRToScheduler
                0x00000000080069cc       0x38 ThirdParty/SEGGER/SEGGER/SEGGER_SYSVIEW.o
                0x00000000080069cc                SEGGER_SYSVIEW_RecordExitISRToScheduler
 .text.SEGGER_SYSVIEW_OnIdle
                0x0000000008006a04       0x38 ThirdParty/SEGGER/SEGGER/SEGGER_SYSVIEW.o
                0x0000000008006a04                SEGGER_SYSVIEW_OnIdle
 .text.SEGGER_SYSVIEW_OnTaskCreate
                0x0000000008006a3c       0x84 ThirdParty/SEGGER/SEGGER/SEGGER_SYSVIEW.o
                0x0000000008006a3c                SEGGER_SYSVIEW_OnTaskCreate
 .text.SEGGER_SYSVIEW_OnTaskStartExec
                0x0000000008006ac0       0x84 ThirdParty/SEGGER/SEGGER/SEGGER_SYSVIEW.o
                0x0000000008006ac0                SEGGER_SYSVIEW_OnTaskStartExec
 .text.SEGGER_SYSVIEW_OnTaskStartReady
                0x0000000008006b44       0x84 ThirdParty/SEGGER/SEGGER/SEGGER_SYSVIEW.o
                0x0000000008006b44                SEGGER_SYSVIEW_OnTaskStartReady
 .text.SEGGER_SYSVIEW_OnTaskStopReady
                0x0000000008006bc8       0xc0 ThirdParty/SEGGER/SEGGER/SEGGER_SYSVIEW.o
                0x0000000008006bc8                SEGGER_SYSVIEW_OnTaskStopReady
 .text.SEGGER_SYSVIEW_ShrinkId
                0x0000000008006c88       0x20 ThirdParty/SEGGER/SEGGER/SEGGER_SYSVIEW.o
                0x0000000008006c88                SEGGER_SYSVIEW_ShrinkId
 .text.SEGGER_SYSVIEW_SendModule
                0x0000000008006ca8      0x100 ThirdParty/SEGGER/SEGGER/SEGGER_SYSVIEW.o
                0x0000000008006ca8                SEGGER_SYSVIEW_SendModule
 .text.SEGGER_SYSVIEW_SendModuleDescription
                0x0000000008006da8       0x3c ThirdParty/SEGGER/SEGGER/SEGGER_SYSVIEW.o
                0x0000000008006da8                SEGGER_SYSVIEW_SendModuleDescription
 .text.SEGGER_SYSVIEW_SendNumModules
                0x0000000008006de4       0x7c ThirdParty/SEGGER/SEGGER/SEGGER_SYSVIEW.o
                0x0000000008006de4                SEGGER_SYSVIEW_SendNumModules
 .text.SEGGER_SYSVIEW_PrintfTarget
                0x0000000008006e60       0x28 ThirdParty/SEGGER/SEGGER/SEGGER_SYSVIEW.o
                0x0000000008006e60                SEGGER_SYSVIEW_PrintfTarget
 .text.SEGGER_SYSVIEW_Warn
                0x0000000008006e88       0xb8 ThirdParty/SEGGER/SEGGER/SEGGER_SYSVIEW.o
                0x0000000008006e88                SEGGER_SYSVIEW_Warn
 .text.SEGGER_SYSVIEW_IsStarted
                0x0000000008006f40       0x5c ThirdParty/SEGGER/SEGGER/SEGGER_SYSVIEW.o
                0x0000000008006f40                SEGGER_SYSVIEW_IsStarted
 .text.__libc_init_array
                0x0000000008006f9c       0x48 /opt/st/stm32cubeide_1.5.1/plugins/com.st.stm32cube.ide.mcu.externaltools.gnu-tools-for-stm32.7-2018-q2-update.linux64_1.5.0.202011040924/tools/bin/../lib/gcc/arm-none-eabi/7.3.1/../../../../arm-none-eabi/lib/thumb/v7e-m/fpv4-sp/hard/libc_nano.a(lib_a-init.o)
                0x0000000008006f9c                __libc_init_array
 .text.memcmp   0x0000000008006fe4       0x1e /opt/st/stm32cubeide_1.5.1/plugins/com.st.stm32cube.ide.mcu.externaltools.gnu-tools-for-stm32.7-2018-q2-update.linux64_1.5.0.202011040924/tools/bin/../lib/gcc/arm-none-eabi/7.3.1/../../../../arm-none-eabi/lib/thumb/v7e-m/fpv4-sp/hard/libc_nano.a(lib_a-memcmp.o)
                0x0000000008006fe4                memcmp
 .text.memcpy   0x0000000008007002       0x16 /opt/st/stm32cubeide_1.5.1/plugins/com.st.stm32cube.ide.mcu.externaltools.gnu-tools-for-stm32.7-2018-q2-update.linux64_1.5.0.202011040924/tools/bin/../lib/gcc/arm-none-eabi/7.3.1/../../../../arm-none-eabi/lib/thumb/v7e-m/fpv4-sp/hard/libc_nano.a(lib_a-memcpy-stub.o)
                0x0000000008007002                memcpy
 .text.memset   0x0000000008007018       0x10 /opt/st/stm32cubeide_1.5.1/plugins/com.st.stm32cube.ide.mcu.externaltools.gnu-tools-for-stm32.7-2018-q2-update.linux64_1.5.0.202011040924/tools/bin/../lib/gcc/arm-none-eabi/7.3.1/../../../../arm-none-eabi/lib/thumb/v7e-m/fpv4-sp/hard/libc_nano.a(lib_a-memset.o)
                0x0000000008007018                memset
 .text.sprintf  0x0000000008007028       0x40 /opt/st/stm32cubeide_1.5.1/plugins/com.st.stm32cube.ide.mcu.externaltools.gnu-tools-for-stm32.7-2018-q2-update.linux64_1.5.0.202011040924/tools/bin/../lib/gcc/arm-none-eabi/7.3.1/../../../../arm-none-eabi/lib/thumb/v7e-m/fpv4-sp/hard/libc_nano.a(lib_a-sprintf.o)
                0x0000000008007028                sprintf
                0x0000000008007028                siprintf
 .text.__ssputs_r
                0x0000000008007068       0xb4 /opt/st/stm32cubeide_1.5.1/plugins/com.st.stm32cube.ide.mcu.externaltools.gnu-tools-for-stm32.7-2018-q2-update.linux64_1.5.0.202011040924/tools/bin/../lib/gcc/arm-none-eabi/7.3.1/../../../../arm-none-eabi/lib/thumb/v7e-m/fpv4-sp/hard/libc_nano.a(lib_a-nano-svfprintf.o)
                0x0000000008007068                __ssputs_r
 .text._svfprintf_r
                0x000000000800711c      0x1f0 /opt/st/stm32cubeide_1.5.1/plugins/com.st.stm32cube.ide.mcu.externaltools.gnu-tools-for-stm32.7-2018-q2-update.linux64_1.5.0.202011040924/tools/bin/../lib/gcc/arm-none-eabi/7.3.1/../../../../arm-none-eabi/lib/thumb/v7e-m/fpv4-sp/hard/libc_nano.a(lib_a-nano-svfprintf.o)
                0x000000000800711c                _svfprintf_r
                0x000000000800711c                _svfiprintf_r
 .text._printf_common
                0x000000000800730c       0xea /opt/st/stm32cubeide_1.5.1/plugins/com.st.stm32cube.ide.mcu.externaltools.gnu-tools-for-stm32.7-2018-q2-update.linux64_1.5.0.202011040924/tools/bin/../lib/gcc/arm-none-eabi/7.3.1/../../../../arm-none-eabi/lib/thumb/v7e-m/fpv4-sp/hard/libc_nano.a(lib_a-nano-vfprintf_i.o)
                0x000000000800730c                _printf_common
 *fill*         0x00000000080073f6        0x2 
 .text._printf_i
                0x00000000080073f8      0x224 /opt/st/stm32cubeide_1.5.1/plugins/com.st.stm32cube.ide.mcu.externaltools.gnu-tools-for-stm32.7-2018-q2-update.linux64_1.5.0.202011040924/tools/bin/../lib/gcc/arm-none-eabi/7.3.1/../../../../arm-none-eabi/lib/thumb/v7e-m/fpv4-sp/hard/libc_nano.a(lib_a-nano-vfprintf_i.o)
                0x00000000080073f8                _printf_i
 .text.memmove  0x000000000800761c       0x32 /opt/st/stm32cubeide_1.5.1/plugins/com.st.stm32cube.ide.mcu.externaltools.gnu-tools-for-stm32.7-2018-q2-update.linux64_1.5.0.202011040924/tools/bin/../lib/gcc/arm-none-eabi/7.3.1/../../../../arm-none-eabi/lib/thumb/v7e-m/fpv4-sp/hard/libc_nano.a(lib_a-memmove.o)
                0x000000000800761c                memmove
 *fill*         0x000000000800764e        0x2 
 .text._free_r  0x0000000008007650       0x9c /opt/st/stm32cubeide_1.5.1/plugins/com.st.stm32cube.ide.mcu.externaltools.gnu-tools-for-stm32.7-2018-q2-update.linux64_1.5.0.202011040924/tools/bin/../lib/gcc/arm-none-eabi/7.3.1/../../../../arm-none-eabi/lib/thumb/v7e-m/fpv4-sp/hard/libc_nano.a(lib_a-nano-freer.o)
                0x0000000008007650                _free_r
 .text._malloc_r
                0x00000000080076ec       0xb4 /opt/st/stm32cubeide_1.5.1/plugins/com.st.stm32cube.ide.mcu.externaltools.gnu-tools-for-stm32.7-2018-q2-update.linux64_1.5.0.202011040924/tools/bin/../lib/gcc/arm-none-eabi/7.3.1/../../../../arm-none-eabi/lib/thumb/v7e-m/fpv4-sp/hard/libc_nano.a(lib_a-nano-mallocr.o)
                0x00000000080076ec                _malloc_r
 .text._realloc_r
                0x00000000080077a0       0x4c /opt/st/stm32cubeide_1.5.1/plugins/com.st.stm32cube.ide.mcu.externaltools.gnu-tools-for-stm32.7-2018-q2-update.linux64_1.5.0.202011040924/tools/bin/../lib/gcc/arm-none-eabi/7.3.1/../../../../arm-none-eabi/lib/thumb/v7e-m/fpv4-sp/hard/libc_nano.a(lib_a-nano-reallocr.o)
                0x00000000080077a0                _realloc_r
 .text._sbrk_r  0x00000000080077ec       0x20 /opt/st/stm32cubeide_1.5.1/plugins/com.st.stm32cube.ide.mcu.externaltools.gnu-tools-for-stm32.7-2018-q2-update.linux64_1.5.0.202011040924/tools/bin/../lib/gcc/arm-none-eabi/7.3.1/../../../../arm-none-eabi/lib/thumb/v7e-m/fpv4-sp/hard/libc_nano.a(lib_a-sbrkr.o)
                0x00000000080077ec                _sbrk_r
 .text.__malloc_lock
                0x000000000800780c        0x2 /opt/st/stm32cubeide_1.5.1/plugins/com.st.stm32cube.ide.mcu.externaltools.gnu-tools-for-stm32.7-2018-q2-update.linux64_1.5.0.202011040924/tools/bin/../lib/gcc/arm-none-eabi/7.3.1/../../../../arm-none-eabi/lib/thumb/v7e-m/fpv4-sp/hard/libc_nano.a(lib_a-mlock.o)
                0x000000000800780c                __malloc_lock
 .text.__malloc_unlock
                0x000000000800780e        0x2 /opt/st/stm32cubeide_1.5.1/plugins/com.st.stm32cube.ide.mcu.externaltools.gnu-tools-for-stm32.7-2018-q2-update.linux64_1.5.0.202011040924/tools/bin/../lib/gcc/arm-none-eabi/7.3.1/../../../../arm-none-eabi/lib/thumb/v7e-m/fpv4-sp/hard/libc_nano.a(lib_a-mlock.o)
                0x000000000800780e                __malloc_unlock
 .text._malloc_usable_size_r
                0x0000000008007810       0x10 /opt/st/stm32cubeide_1.5.1/plugins/com.st.stm32cube.ide.mcu.externaltools.gnu-tools-for-stm32.7-2018-q2-update.linux64_1.5.0.202011040924/tools/bin/../lib/gcc/arm-none-eabi/7.3.1/../../../../arm-none-eabi/lib/thumb/v7e-m/fpv4-sp/hard/libc_nano.a(lib_a-nano-msizer.o)
                0x0000000008007810                _malloc_usable_size_r
 .text._sbrk    0x0000000008007820       0x1c /opt/st/stm32cubeide_1.5.1/plugins/com.st.stm32cube.ide.mcu.externaltools.gnu-tools-for-stm32.7-2018-q2-update.linux64_1.5.0.202011040924/tools/bin/../lib/gcc/arm-none-eabi/7.3.1/../../../../arm-none-eabi/lib/thumb/v7e-m/fpv4-sp/hard/libnosys.a(sbrk.o)
                0x0000000008007820                _sbrk
 *(.glue_7)
 .glue_7        0x000000000800783c        0x0 linker stubs
 *(.glue_7t)
 .glue_7t       0x000000000800783c        0x0 linker stubs
 *(.eh_frame)
 .eh_frame      0x000000000800783c        0x0 /opt/st/stm32cubeide_1.5.1/plugins/com.st.stm32cube.ide.mcu.externaltools.gnu-tools-for-stm32.7-2018-q2-update.linux64_1.5.0.202011040924/tools/bin/../lib/gcc/arm-none-eabi/7.3.1/thumb/v7e-m/fpv4-sp/hard/crtbegin.o
 *(.init)
 .init          0x000000000800783c        0x4 /opt/st/stm32cubeide_1.5.1/plugins/com.st.stm32cube.ide.mcu.externaltools.gnu-tools-for-stm32.7-2018-q2-update.linux64_1.5.0.202011040924/tools/bin/../lib/gcc/arm-none-eabi/7.3.1/thumb/v7e-m/fpv4-sp/hard/crti.o
                0x000000000800783c                _init
 .init          0x0000000008007840        0x8 /opt/st/stm32cubeide_1.5.1/plugins/com.st.stm32cube.ide.mcu.externaltools.gnu-tools-for-stm32.7-2018-q2-update.linux64_1.5.0.202011040924/tools/bin/../lib/gcc/arm-none-eabi/7.3.1/thumb/v7e-m/fpv4-sp/hard/crtn.o
 *(.fini)
 .fini          0x0000000008007848        0x4 /opt/st/stm32cubeide_1.5.1/plugins/com.st.stm32cube.ide.mcu.externaltools.gnu-tools-for-stm32.7-2018-q2-update.linux64_1.5.0.202011040924/tools/bin/../lib/gcc/arm-none-eabi/7.3.1/thumb/v7e-m/fpv4-sp/hard/crti.o
                0x0000000008007848                _fini
 .fini          0x000000000800784c        0x8 /opt/st/stm32cubeide_1.5.1/plugins/com.st.stm32cube.ide.mcu.externaltools.gnu-tools-for-stm32.7-2018-q2-update.linux64_1.5.0.202011040924/tools/bin/../lib/gcc/arm-none-eabi/7.3.1/thumb/v7e-m/fpv4-sp/hard/crtn.o
                0x0000000008007854                . = ALIGN (0x4)
                0x0000000008007854                _etext = .

.vfp11_veneer   0x0000000008007854        0x0
 .vfp11_veneer  0x0000000008007854        0x0 linker stubs

.v4_bx          0x0000000008007854        0x0
 .v4_bx         0x0000000008007854        0x0 linker stubs

.iplt           0x0000000008007854        0x0
 .iplt          0x0000000008007854        0x0 /opt/st/stm32cubeide_1.5.1/plugins/com.st.stm32cube.ide.mcu.externaltools.gnu-tools-for-stm32.7-2018-q2-update.linux64_1.5.0.202011040924/tools/bin/../lib/gcc/arm-none-eabi/7.3.1/thumb/v7e-m/fpv4-sp/hard/crtbegin.o

.rodata         0x0000000008007854      0x198
                0x0000000008007854                . = ALIGN (0x4)
 *(.rodata)
 .rodata        0x0000000008007854       0x44 Core/Src/main.o
 .rodata        0x0000000008007898        0x5 ThirdParty/FreeRTOS/tasks.o
 *fill*         0x000000000800789d        0x3 
 .rodata        0x00000000080078a0        0xd ThirdParty/FreeRTOS/timers.o
 *fill*         0x00000000080078ad        0x3 
 .rodata        0x00000000080078b0       0x4d ThirdParty/SEGGER/Config/SEGGER_SYSVIEW_Config_FreeRTOS.o
 *fill*         0x00000000080078fd        0x3 
 .rodata        0x0000000008007900       0x58 ThirdParty/SEGGER/OS/SEGGER_SYSVIEW_FreeRTOS.o
 .rodata        0x0000000008007958       0x17 ThirdParty/SEGGER/SEGGER/SEGGER_RTT.o
 *fill*         0x000000000800796f        0x1 
 .rodata        0x0000000008007970        0x8 ThirdParty/SEGGER/SEGGER/SEGGER_SYSVIEW.o
 *(.rodata*)
 .rodata.AHBPrescTable
                0x0000000008007978       0x10 Core/Src/system_stm32f4xx.o
                0x0000000008007978                AHBPrescTable
 .rodata.APBPrescTable
                0x0000000008007988        0x8 Core/Src/system_stm32f4xx.o
                0x0000000008007988                APBPrescTable
 .rodata.SYSVIEW_X_OS_TraceAPI
                0x0000000008007990        0x8 ThirdParty/SEGGER/OS/SEGGER_SYSVIEW_FreeRTOS.o
                0x0000000008007990                SYSVIEW_X_OS_TraceAPI
 .rodata._abHelloMsg
                0x0000000008007998        0x4 ThirdParty/SEGGER/Rec/segger_uart.o
 .rodata._abSync
                0x000000000800799c        0xa ThirdParty/SEGGER/SEGGER/SEGGER_SYSVIEW.o
 *fill*         0x00000000080079a6        0x2 
 .rodata._aV2C.6914
                0x00000000080079a8       0x10 ThirdParty/SEGGER/SEGGER/SEGGER_SYSVIEW.o
 .rodata._svfprintf_r.str1.1
                0x00000000080079b8       0x11 /opt/st/stm32cubeide_1.5.1/plugins/com.st.stm32cube.ide.mcu.externaltools.gnu-tools-for-stm32.7-2018-q2-update.linux64_1.5.0.202011040924/tools/bin/../lib/gcc/arm-none-eabi/7.3.1/../../../../arm-none-eabi/lib/thumb/v7e-m/fpv4-sp/hard/libc_nano.a(lib_a-nano-svfprintf.o)
 .rodata._printf_i.str1.1
                0x00000000080079c9       0x22 /opt/st/stm32cubeide_1.5.1/plugins/com.st.stm32cube.ide.mcu.externaltools.gnu-tools-for-stm32.7-2018-q2-update.linux64_1.5.0.202011040924/tools/bin/../lib/gcc/arm-none-eabi/7.3.1/../../../../arm-none-eabi/lib/thumb/v7e-m/fpv4-sp/hard/libc_nano.a(lib_a-nano-vfprintf_i.o)
                0x00000000080079ec                . = ALIGN (0x4)
 *fill*         0x00000000080079eb        0x1 

.ARM.extab      0x00000000080079ec        0x0
                0x00000000080079ec                . = ALIGN (0x4)
 *(.ARM.extab* .gnu.linkonce.armextab.*)
                0x00000000080079ec                . = ALIGN (0x4)

.ARM            0x00000000080079ec        0x8
                0x00000000080079ec                . = ALIGN (0x4)
                0x00000000080079ec                __exidx_start = .
 *(.ARM.exidx*)
 .ARM.exidx     0x00000000080079ec        0x8 /opt/st/stm32cubeide_1.5.1/plugins/com.st.stm32cube.ide.mcu.externaltools.gnu-tools-for-stm32.7-2018-q2-update.linux64_1.5.0.202011040924/tools/bin/../lib/gcc/arm-none-eabi/7.3.1/thumb/v7e-m/fpv4-sp/hard/libgcc.a(_udivmoddi4.o)
                0x00000000080079f4                __exidx_end = .
                0x00000000080079f4                . = ALIGN (0x4)

.rel.dyn        0x00000000080079f4        0x0
 .rel.iplt      0x00000000080079f4        0x0 /opt/st/stm32cubeide_1.5.1/plugins/com.st.stm32cube.ide.mcu.externaltools.gnu-tools-for-stm32.7-2018-q2-update.linux64_1.5.0.202011040924/tools/bin/../lib/gcc/arm-none-eabi/7.3.1/thumb/v7e-m/fpv4-sp/hard/crtbegin.o

.preinit_array  0x00000000080079f4        0x0
                0x00000000080079f4                . = ALIGN (0x4)
                0x00000000080079f4                PROVIDE (__preinit_array_start = .)
 *(.preinit_array*)
                0x00000000080079f4                PROVIDE (__preinit_array_end = .)
                0x00000000080079f4                . = ALIGN (0x4)

.init_array     0x00000000080079f4        0x4
                0x00000000080079f4                . = ALIGN (0x4)
                0x00000000080079f4                PROVIDE (__init_array_start = .)
 *(SORT_BY_NAME(.init_array.*))
 *(.init_array*)
 .init_array    0x00000000080079f4        0x4 /opt/st/stm32cubeide_1.5.1/plugins/com.st.stm32cube.ide.mcu.externaltools.gnu-tools-for-stm32.7-2018-q2-update.linux64_1.5.0.202011040924/tools/bin/../lib/gcc/arm-none-eabi/7.3.1/thumb/v7e-m/fpv4-sp/hard/crtbegin.o
                0x00000000080079f8                PROVIDE (__init_array_end = .)
                0x00000000080079f8                . = ALIGN (0x4)

.fini_array     0x00000000080079f8        0x4
                0x00000000080079f8                . = ALIGN (0x4)
                [!provide]                        PROVIDE (__fini_array_start = .)
 *(SORT_BY_NAME(.fini_array.*))
 *(.fini_array*)
 .fini_array    0x00000000080079f8        0x4 /opt/st/stm32cubeide_1.5.1/plugins/com.st.stm32cube.ide.mcu.externaltools.gnu-tools-for-stm32.7-2018-q2-update.linux64_1.5.0.202011040924/tools/bin/../lib/gcc/arm-none-eabi/7.3.1/thumb/v7e-m/fpv4-sp/hard/crtbegin.o
                [!provide]                        PROVIDE (__fini_array_end = .)
                0x00000000080079fc                . = ALIGN (0x4)
                0x00000000080079fc                _sidata = LOADADDR (.data)

.data           0x0000000020000000       0x80 load address 0x00000000080079fc
                0x0000000020000000                . = ALIGN (0x4)
                0x0000000020000000                _sdata = .
 *(.data)
 *(.data*)
 .data.SystemCoreClock
                0x0000000020000000        0x4 Core/Src/system_stm32f4xx.o
                0x0000000020000000                SystemCoreClock
 .data.uwTickPrio
                0x0000000020000004        0x4 Drivers/STM32F4xx_HAL_Driver/Src/stm32f4xx_hal.o
                0x0000000020000004                uwTickPrio
 .data.uwTickFreq
                0x0000000020000008        0x1 Drivers/STM32F4xx_HAL_Driver/Src/stm32f4xx_hal.o
                0x0000000020000008                uwTickFreq
 *fill*         0x0000000020000009        0x3 
 .data.uxTopUsedPriority
                0x000000002000000c        0x4 ThirdParty/FreeRTOS/tasks.o
                0x000000002000000c                uxTopUsedPriority
 .data.uxCriticalNesting
                0x0000000020000010        0x4 ThirdParty/FreeRTOS/portable/GCC/ARM_CM4F/port.o
 .data._SVInfo  0x0000000020000014        0x8 ThirdParty/SEGGER/Rec/segger_uart.o
 .data._impure_ptr
                0x000000002000001c        0x4 /opt/st/stm32cubeide_1.5.1/plugins/com.st.stm32cube.ide.mcu.externaltools.gnu-tools-for-stm32.7-2018-q2-update.linux64_1.5.0.202011040924/tools/bin/../lib/gcc/arm-none-eabi/7.3.1/../../../../arm-none-eabi/lib/thumb/v7e-m/fpv4-sp/hard/libc_nano.a(lib_a-impure.o)
                0x000000002000001c                _impure_ptr
 .data.impure_data
                0x0000000020000020       0x60 /opt/st/stm32cubeide_1.5.1/plugins/com.st.stm32cube.ide.mcu.externaltools.gnu-tools-for-stm32.7-2018-q2-update.linux64_1.5.0.202011040924/tools/bin/../lib/gcc/arm-none-eabi/7.3.1/../../../../arm-none-eabi/lib/thumb/v7e-m/fpv4-sp/hard/libc_nano.a(lib_a-impure.o)
 *(.RamFunc)
 *(.RamFunc*)
                0x0000000020000080                . = ALIGN (0x4)
                0x0000000020000080                _edata = .

.igot.plt       0x0000000020000080        0x0 load address 0x0000000008007a7c
 .igot.plt      0x0000000020000080        0x0 /opt/st/stm32cubeide_1.5.1/plugins/com.st.stm32cube.ide.mcu.externaltools.gnu-tools-for-stm32.7-2018-q2-update.linux64_1.5.0.202011040924/tools/bin/../lib/gcc/arm-none-eabi/7.3.1/thumb/v7e-m/fpv4-sp/hard/crtbegin.o
                0x0000000020000080                . = ALIGN (0x4)

.bss            0x0000000020000080    0x14498 load address 0x0000000008007a7c
                0x0000000020000080                _sbss = .
                0x0000000020000080                __bss_start__ = _sbss
 *(.bss)
 .bss           0x0000000020000080       0x1c /opt/st/stm32cubeide_1.5.1/plugins/com.st.stm32cube.ide.mcu.externaltools.gnu-tools-for-stm32.7-2018-q2-update.linux64_1.5.0.202011040924/tools/bin/../lib/gcc/arm-none-eabi/7.3.1/thumb/v7e-m/fpv4-sp/hard/crtbegin.o
 *(.bss*)
 .bss.pxCurrentTCB
                0x000000002000009c        0x4 ThirdParty/FreeRTOS/tasks.o
                0x000000002000009c                pxCurrentTCB
 .bss.pxReadyTasksLists
                0x00000000200000a0       0x64 ThirdParty/FreeRTOS/tasks.o
 .bss.xDelayedTaskList1
                0x0000000020000104       0x14 ThirdParty/FreeRTOS/tasks.o
 .bss.xDelayedTaskList2
                0x0000000020000118       0x14 ThirdParty/FreeRTOS/tasks.o
 .bss.pxDelayedTaskList
                0x000000002000012c        0x4 ThirdParty/FreeRTOS/tasks.o
 .bss.pxOverflowDelayedTaskList
                0x0000000020000130        0x4 ThirdParty/FreeRTOS/tasks.o
 .bss.xPendingReadyList
                0x0000000020000134       0x14 ThirdParty/FreeRTOS/tasks.o
 .bss.xTasksWaitingTermination
                0x0000000020000148       0x14 ThirdParty/FreeRTOS/tasks.o
 .bss.uxDeletedTasksWaitingCleanUp
                0x000000002000015c        0x4 ThirdParty/FreeRTOS/tasks.o
 .bss.xSuspendedTaskList
                0x0000000020000160       0x14 ThirdParty/FreeRTOS/tasks.o
 .bss.uxCurrentNumberOfTasks
                0x0000000020000174        0x4 ThirdParty/FreeRTOS/tasks.o
 .bss.xTickCount
                0x0000000020000178        0x4 ThirdParty/FreeRTOS/tasks.o
 .bss.uxTopReadyPriority
                0x000000002000017c        0x4 ThirdParty/FreeRTOS/tasks.o
 .bss.xSchedulerRunning
                0x0000000020000180        0x4 ThirdParty/FreeRTOS/tasks.o
 .bss.xPendedTicks
                0x0000000020000184        0x4 ThirdParty/FreeRTOS/tasks.o
 .bss.xYieldPending
                0x0000000020000188        0x4 ThirdParty/FreeRTOS/tasks.o
 .bss.xNumOfOverflows
                0x000000002000018c        0x4 ThirdParty/FreeRTOS/tasks.o
 .bss.uxTaskNumber
                0x0000000020000190        0x4 ThirdParty/FreeRTOS/tasks.o
 .bss.xNextTaskUnblockTime
                0x0000000020000194        0x4 ThirdParty/FreeRTOS/tasks.o
 .bss.xIdleTaskHandle
                0x0000000020000198        0x4 ThirdParty/FreeRTOS/tasks.o
 .bss.uxSchedulerSuspended
                0x000000002000019c        0x4 ThirdParty/FreeRTOS/tasks.o
 .bss.xActiveTimerList1
                0x00000000200001a0       0x14 ThirdParty/FreeRTOS/timers.o
 .bss.xActiveTimerList2
                0x00000000200001b4       0x14 ThirdParty/FreeRTOS/timers.o
 .bss.pxCurrentTimerList
                0x00000000200001c8        0x4 ThirdParty/FreeRTOS/timers.o
 .bss.pxOverflowTimerList
                0x00000000200001cc        0x4 ThirdParty/FreeRTOS/timers.o
 .bss.xTimerQueue
                0x00000000200001d0        0x4 ThirdParty/FreeRTOS/timers.o
 .bss.xTimerTaskHandle
                0x00000000200001d4        0x4 ThirdParty/FreeRTOS/timers.o
 .bss.xLastTime.7148
                0x00000000200001d8        0x4 ThirdParty/FreeRTOS/timers.o
 .bss.ucMaxSysCallPriority
                0x00000000200001dc        0x1 ThirdParty/FreeRTOS/portable/GCC/ARM_CM4F/port.o
 *fill*         0x00000000200001dd        0x3 
 .bss.ulMaxPRIGROUPValue
                0x00000000200001e0        0x4 ThirdParty/FreeRTOS/portable/GCC/ARM_CM4F/port.o
 .bss.ucHeap    0x00000000200001e4    0x12c00 ThirdParty/FreeRTOS/portable/MemMang/heap_4.o
 .bss.xStart    0x0000000020012de4        0x8 ThirdParty/FreeRTOS/portable/MemMang/heap_4.o
 .bss.pxEnd     0x0000000020012dec        0x4 ThirdParty/FreeRTOS/portable/MemMang/heap_4.o
 .bss.xFreeBytesRemaining
                0x0000000020012df0        0x4 ThirdParty/FreeRTOS/portable/MemMang/heap_4.o
 .bss.xMinimumEverFreeBytesRemaining
                0x0000000020012df4        0x4 ThirdParty/FreeRTOS/portable/MemMang/heap_4.o
 .bss.xNumberOfSuccessfulAllocations
                0x0000000020012df8        0x4 ThirdParty/FreeRTOS/portable/MemMang/heap_4.o
 .bss.xNumberOfSuccessfulFrees
                0x0000000020012dfc        0x4 ThirdParty/FreeRTOS/portable/MemMang/heap_4.o
 .bss.xBlockAllocatedBit
                0x0000000020012e00        0x4 ThirdParty/FreeRTOS/portable/MemMang/heap_4.o
 .bss._aTasks   0x0000000020012e04       0xa0 ThirdParty/SEGGER/OS/SEGGER_SYSVIEW_FreeRTOS.o
 .bss._NumTasks
                0x0000000020012ea4        0x4 ThirdParty/SEGGER/OS/SEGGER_SYSVIEW_FreeRTOS.o
 .bss._cbOnRx   0x0000000020012ea8        0x4 ThirdParty/SEGGER/Rec/segger_uart.o
 .bss._cbOnTx   0x0000000020012eac        0x4 ThirdParty/SEGGER/Rec/segger_uart.o
 .bss._acUpBuffer
                0x0000000020012eb0      0x400 ThirdParty/SEGGER/SEGGER/SEGGER_RTT.o
 .bss._acDownBuffer
                0x00000000200132b0       0x10 ThirdParty/SEGGER/SEGGER/SEGGER_RTT.o
 .bss._UpBuffer
                0x00000000200132c0     0x1000 ThirdParty/SEGGER/SEGGER/SEGGER_SYSVIEW.o
 .bss._DownBuffer
                0x00000000200142c0        0x8 ThirdParty/SEGGER/SEGGER/SEGGER_SYSVIEW.o
 .bss._SYSVIEW_Globals
                0x00000000200142c8       0x28 ThirdParty/SEGGER/SEGGER/SEGGER_SYSVIEW.o
 .bss._pFirstModule
                0x00000000200142f0        0x4 ThirdParty/SEGGER/SEGGER/SEGGER_SYSVIEW.o
 .bss._NumModules
                0x00000000200142f4        0x1 ThirdParty/SEGGER/SEGGER/SEGGER_SYSVIEW.o
 *fill*         0x00000000200142f5        0x3 
 .bss._aPacket  0x00000000200142f8       0xe3 ThirdParty/SEGGER/SEGGER/SEGGER_SYSVIEW.o
 *fill*         0x00000000200143db        0x1 
 .bss.__malloc_free_list
                0x00000000200143dc        0x4 /opt/st/stm32cubeide_1.5.1/plugins/com.st.stm32cube.ide.mcu.externaltools.gnu-tools-for-stm32.7-2018-q2-update.linux64_1.5.0.202011040924/tools/bin/../lib/gcc/arm-none-eabi/7.3.1/../../../../arm-none-eabi/lib/thumb/v7e-m/fpv4-sp/hard/libc_nano.a(lib_a-nano-mallocr.o)
                0x00000000200143dc                __malloc_free_list
 .bss.__malloc_sbrk_start
                0x00000000200143e0        0x4 /opt/st/stm32cubeide_1.5.1/plugins/com.st.stm32cube.ide.mcu.externaltools.gnu-tools-for-stm32.7-2018-q2-update.linux64_1.5.0.202011040924/tools/bin/../lib/gcc/arm-none-eabi/7.3.1/../../../../arm-none-eabi/lib/thumb/v7e-m/fpv4-sp/hard/libc_nano.a(lib_a-nano-mallocr.o)
                0x00000000200143e0                __malloc_sbrk_start
 .bss.heap_end.5377
                0x00000000200143e4        0x4 /opt/st/stm32cubeide_1.5.1/plugins/com.st.stm32cube.ide.mcu.externaltools.gnu-tools-for-stm32.7-2018-q2-update.linux64_1.5.0.202011040924/tools/bin/../lib/gcc/arm-none-eabi/7.3.1/../../../../arm-none-eabi/lib/thumb/v7e-m/fpv4-sp/hard/libnosys.a(sbrk.o)
 *(COMMON)
 COMMON         0x00000000200143e8       0x40 Core/Src/stm32f4xx_hal_timebase_tim.o
                0x00000000200143e8                htim6
 COMMON         0x0000000020014428        0x4 Drivers/STM32F4xx_HAL_Driver/Src/stm32f4xx_hal.o
                0x0000000020014428                uwTick
 COMMON         0x000000002001442c       0x40 ThirdParty/FreeRTOS/queue.o
                0x000000002001442c                xQueueRegistry
 COMMON         0x000000002001446c       0xa8 ThirdParty/SEGGER/SEGGER/SEGGER_RTT.o
                0x000000002001446c                _SEGGER_RTT
 COMMON         0x0000000020014514        0x4 /opt/st/stm32cubeide_1.5.1/plugins/com.st.stm32cube.ide.mcu.externaltools.gnu-tools-for-stm32.7-2018-q2-update.linux64_1.5.0.202011040924/tools/bin/../lib/gcc/arm-none-eabi/7.3.1/../../../../arm-none-eabi/lib/thumb/v7e-m/fpv4-sp/hard/libc_nano.a(lib_a-reent.o)
                0x0000000020014514                errno
                0x0000000020014518                . = ALIGN (0x4)
                0x0000000020014518                _ebss = .
                0x0000000020014518                __bss_end__ = _ebss

._user_heap_stack
                0x0000000020014518      0x600 load address 0x0000000008007a7c
                0x0000000020014518                . = ALIGN (0x8)
                0x0000000020014518                PROVIDE (end = .)
                [!provide]                        PROVIDE (_end = .)
                0x0000000020014718                . = (. + _Min_Heap_Size)
 *fill*         0x0000000020014518      0x200 
                0x0000000020014b18                . = (. + _Min_Stack_Size)
 *fill*         0x0000000020014718      0x400 
                0x0000000020014b18                . = ALIGN (0x8)

/DISCARD/
 libc.a(*)
 libm.a(*)
 libgcc.a(*)

.ARM.attributes
                0x0000000000000000       0x30
 *(.ARM.attributes)
 .ARM.attributes
                0x0000000000000000       0x22 /opt/st/stm32cubeide_1.5.1/plugins/com.st.stm32cube.ide.mcu.externaltools.gnu-tools-for-stm32.7-2018-q2-update.linux64_1.5.0.202011040924/tools/bin/../lib/gcc/arm-none-eabi/7.3.1/thumb/v7e-m/fpv4-sp/hard/crti.o
 .ARM.attributes
                0x0000000000000022       0x34 /opt/st/stm32cubeide_1.5.1/plugins/com.st.stm32cube.ide.mcu.externaltools.gnu-tools-for-stm32.7-2018-q2-update.linux64_1.5.0.202011040924/tools/bin/../lib/gcc/arm-none-eabi/7.3.1/thumb/v7e-m/fpv4-sp/hard/crtbegin.o
 .ARM.attributes
                0x0000000000000056       0x39 Core/Src/main.o
 .ARM.attributes
                0x000000000000008f       0x39 Core/Src/stm32f4xx_hal_msp.o
 .ARM.attributes
                0x00000000000000c8       0x39 Core/Src/stm32f4xx_hal_timebase_tim.o
 .ARM.attributes
                0x0000000000000101       0x39 Core/Src/stm32f4xx_it.o
 .ARM.attributes
                0x000000000000013a       0x39 Core/Src/system_stm32f4xx.o
 .ARM.attributes
                0x0000000000000173       0x21 Core/Startup/startup_stm32f407vgtx.o
 .ARM.attributes
                0x0000000000000194       0x39 Drivers/STM32F4xx_HAL_Driver/Src/stm32f4xx_hal.o
 .ARM.attributes
                0x00000000000001cd       0x39 Drivers/STM32F4xx_HAL_Driver/Src/stm32f4xx_hal_cortex.o
 .ARM.attributes
                0x0000000000000206       0x39 Drivers/STM32F4xx_HAL_Driver/Src/stm32f4xx_hal_gpio.o
 .ARM.attributes
                0x000000000000023f       0x39 Drivers/STM32F4xx_HAL_Driver/Src/stm32f4xx_hal_rcc.o
 .ARM.attributes
                0x0000000000000278       0x39 Drivers/STM32F4xx_HAL_Driver/Src/stm32f4xx_hal_tim.o
 .ARM.attributes
                0x00000000000002b1       0x39 Drivers/STM32F4xx_HAL_Driver/Src/stm32f4xx_hal_tim_ex.o
 .ARM.attributes
                0x00000000000002ea       0x39 ThirdParty/FreeRTOS/list.o
 .ARM.attributes
                0x0000000000000323       0x39 ThirdParty/FreeRTOS/queue.o
 .ARM.attributes
                0x000000000000035c       0x39 ThirdParty/FreeRTOS/tasks.o
 .ARM.attributes
                0x0000000000000395       0x39 ThirdParty/FreeRTOS/timers.o
 .ARM.attributes
                0x00000000000003ce       0x39 ThirdParty/FreeRTOS/portable/GCC/ARM_CM4F/port.o
 .ARM.attributes
                0x0000000000000407       0x39 ThirdParty/FreeRTOS/portable/MemMang/heap_4.o
 .ARM.attributes
                0x0000000000000440       0x39 ThirdParty/SEGGER/Config/SEGGER_SYSVIEW_Config_FreeRTOS.o
 .ARM.attributes
                0x0000000000000479       0x39 ThirdParty/SEGGER/OS/SEGGER_SYSVIEW_FreeRTOS.o
 .ARM.attributes
                0x00000000000004b2       0x39 ThirdParty/SEGGER/Rec/segger_uart.o
 .ARM.attributes
                0x00000000000004eb       0x39 ThirdParty/SEGGER/SEGGER/SEGGER_RTT.o
 .ARM.attributes
                0x0000000000000524       0x25 ThirdParty/SEGGER/SEGGER/SEGGER_RTT_ASM_ARMv7M.o
 .ARM.attributes
                0x0000000000000549       0x39 ThirdParty/SEGGER/SEGGER/SEGGER_SYSVIEW.o
 .ARM.attributes
                0x0000000000000582       0x34 /opt/st/stm32cubeide_1.5.1/plugins/com.st.stm32cube.ide.mcu.externaltools.gnu-tools-for-stm32.7-2018-q2-update.linux64_1.5.0.202011040924/tools/bin/../lib/gcc/arm-none-eabi/7.3.1/../../../../arm-none-eabi/lib/thumb/v7e-m/fpv4-sp/hard/libc_nano.a(lib_a-impure.o)
 .ARM.attributes
                0x00000000000005b6       0x34 /opt/st/stm32cubeide_1.5.1/plugins/com.st.stm32cube.ide.mcu.externaltools.gnu-tools-for-stm32.7-2018-q2-update.linux64_1.5.0.202011040924/tools/bin/../lib/gcc/arm-none-eabi/7.3.1/../../../../arm-none-eabi/lib/thumb/v7e-m/fpv4-sp/hard/libc_nano.a(lib_a-init.o)
 .ARM.attributes
                0x00000000000005ea       0x34 /opt/st/stm32cubeide_1.5.1/plugins/com.st.stm32cube.ide.mcu.externaltools.gnu-tools-for-stm32.7-2018-q2-update.linux64_1.5.0.202011040924/tools/bin/../lib/gcc/arm-none-eabi/7.3.1/../../../../arm-none-eabi/lib/thumb/v7e-m/fpv4-sp/hard/libc_nano.a(lib_a-memcmp.o)
 .ARM.attributes
                0x000000000000061e       0x34 /opt/st/stm32cubeide_1.5.1/plugins/com.st.stm32cube.ide.mcu.externaltools.gnu-tools-for-stm32.7-2018-q2-update.linux64_1.5.0.202011040924/tools/bin/../lib/gcc/arm-none-eabi/7.3.1/../../../../arm-none-eabi/lib/thumb/v7e-m/fpv4-sp/hard/libc_nano.a(lib_a-memcpy-stub.o)
 .ARM.attributes
                0x0000000000000652       0x34 /opt/st/stm32cubeide_1.5.1/plugins/com.st.stm32cube.ide.mcu.externaltools.gnu-tools-for-stm32.7-2018-q2-update.linux64_1.5.0.202011040924/tools/bin/../lib/gcc/arm-none-eabi/7.3.1/../../../../arm-none-eabi/lib/thumb/v7e-m/fpv4-sp/hard/libc_nano.a(lib_a-memset.o)
 .ARM.attributes
                0x0000000000000686       0x34 /opt/st/stm32cubeide_1.5.1/plugins/com.st.stm32cube.ide.mcu.externaltools.gnu-tools-for-stm32.7-2018-q2-update.linux64_1.5.0.202011040924/tools/bin/../lib/gcc/arm-none-eabi/7.3.1/../../../../arm-none-eabi/lib/thumb/v7e-m/fpv4-sp/hard/libc_nano.a(lib_a-sprintf.o)
 .ARM.attributes
                0x00000000000006ba       0x34 /opt/st/stm32cubeide_1.5.1/plugins/com.st.stm32cube.ide.mcu.externaltools.gnu-tools-for-stm32.7-2018-q2-update.linux64_1.5.0.202011040924/tools/bin/../lib/gcc/arm-none-eabi/7.3.1/../../../../arm-none-eabi/lib/thumb/v7e-m/fpv4-sp/hard/libc_nano.a(lib_a-nano-svfprintf.o)
 .ARM.attributes
                0x00000000000006ee       0x34 /opt/st/stm32cubeide_1.5.1/plugins/com.st.stm32cube.ide.mcu.externaltools.gnu-tools-for-stm32.7-2018-q2-update.linux64_1.5.0.202011040924/tools/bin/../lib/gcc/arm-none-eabi/7.3.1/../../../../arm-none-eabi/lib/thumb/v7e-m/fpv4-sp/hard/libc_nano.a(lib_a-nano-vfprintf_i.o)
 .ARM.attributes
                0x0000000000000722       0x20 /opt/st/stm32cubeide_1.5.1/plugins/com.st.stm32cube.ide.mcu.externaltools.gnu-tools-for-stm32.7-2018-q2-update.linux64_1.5.0.202011040924/tools/bin/../lib/gcc/arm-none-eabi/7.3.1/../../../../arm-none-eabi/lib/thumb/v7e-m/fpv4-sp/hard/libc_nano.a(lib_a-memchr.o)
 .ARM.attributes
                0x0000000000000742       0x34 /opt/st/stm32cubeide_1.5.1/plugins/com.st.stm32cube.ide.mcu.externaltools.gnu-tools-for-stm32.7-2018-q2-update.linux64_1.5.0.202011040924/tools/bin/../lib/gcc/arm-none-eabi/7.3.1/../../../../arm-none-eabi/lib/thumb/v7e-m/fpv4-sp/hard/libc_nano.a(lib_a-memmove.o)
 .ARM.attributes
                0x0000000000000776       0x34 /opt/st/stm32cubeide_1.5.1/plugins/com.st.stm32cube.ide.mcu.externaltools.gnu-tools-for-stm32.7-2018-q2-update.linux64_1.5.0.202011040924/tools/bin/../lib/gcc/arm-none-eabi/7.3.1/../../../../arm-none-eabi/lib/thumb/v7e-m/fpv4-sp/hard/libc_nano.a(lib_a-nano-freer.o)
 .ARM.attributes
                0x00000000000007aa       0x34 /opt/st/stm32cubeide_1.5.1/plugins/com.st.stm32cube.ide.mcu.externaltools.gnu-tools-for-stm32.7-2018-q2-update.linux64_1.5.0.202011040924/tools/bin/../lib/gcc/arm-none-eabi/7.3.1/../../../../arm-none-eabi/lib/thumb/v7e-m/fpv4-sp/hard/libc_nano.a(lib_a-nano-mallocr.o)
 .ARM.attributes
                0x00000000000007de       0x34 /opt/st/stm32cubeide_1.5.1/plugins/com.st.stm32cube.ide.mcu.externaltools.gnu-tools-for-stm32.7-2018-q2-update.linux64_1.5.0.202011040924/tools/bin/../lib/gcc/arm-none-eabi/7.3.1/../../../../arm-none-eabi/lib/thumb/v7e-m/fpv4-sp/hard/libc_nano.a(lib_a-nano-reallocr.o)
 .ARM.attributes
                0x0000000000000812       0x34 /opt/st/stm32cubeide_1.5.1/plugins/com.st.stm32cube.ide.mcu.externaltools.gnu-tools-for-stm32.7-2018-q2-update.linux64_1.5.0.202011040924/tools/bin/../lib/gcc/arm-none-eabi/7.3.1/../../../../arm-none-eabi/lib/thumb/v7e-m/fpv4-sp/hard/libc_nano.a(lib_a-sbrkr.o)
 .ARM.attributes
                0x0000000000000846       0x34 /opt/st/stm32cubeide_1.5.1/plugins/com.st.stm32cube.ide.mcu.externaltools.gnu-tools-for-stm32.7-2018-q2-update.linux64_1.5.0.202011040924/tools/bin/../lib/gcc/arm-none-eabi/7.3.1/../../../../arm-none-eabi/lib/thumb/v7e-m/fpv4-sp/hard/libc_nano.a(lib_a-mlock.o)
 .ARM.attributes
                0x000000000000087a       0x34 /opt/st/stm32cubeide_1.5.1/plugins/com.st.stm32cube.ide.mcu.externaltools.gnu-tools-for-stm32.7-2018-q2-update.linux64_1.5.0.202011040924/tools/bin/../lib/gcc/arm-none-eabi/7.3.1/../../../../arm-none-eabi/lib/thumb/v7e-m/fpv4-sp/hard/libc_nano.a(lib_a-nano-msizer.o)
 .ARM.attributes
                0x00000000000008ae       0x34 /opt/st/stm32cubeide_1.5.1/plugins/com.st.stm32cube.ide.mcu.externaltools.gnu-tools-for-stm32.7-2018-q2-update.linux64_1.5.0.202011040924/tools/bin/../lib/gcc/arm-none-eabi/7.3.1/../../../../arm-none-eabi/lib/thumb/v7e-m/fpv4-sp/hard/libc_nano.a(lib_a-reent.o)
 .ARM.attributes
                0x00000000000008e2       0x22 /opt/st/stm32cubeide_1.5.1/plugins/com.st.stm32cube.ide.mcu.externaltools.gnu-tools-for-stm32.7-2018-q2-update.linux64_1.5.0.202011040924/tools/bin/../lib/gcc/arm-none-eabi/7.3.1/thumb/v7e-m/fpv4-sp/hard/libgcc.a(_aeabi_uldivmod.o)
 .ARM.attributes
                0x0000000000000904       0x34 /opt/st/stm32cubeide_1.5.1/plugins/com.st.stm32cube.ide.mcu.externaltools.gnu-tools-for-stm32.7-2018-q2-update.linux64_1.5.0.202011040924/tools/bin/../lib/gcc/arm-none-eabi/7.3.1/thumb/v7e-m/fpv4-sp/hard/libgcc.a(_udivmoddi4.o)
 .ARM.attributes
                0x0000000000000938       0x22 /opt/st/stm32cubeide_1.5.1/plugins/com.st.stm32cube.ide.mcu.externaltools.gnu-tools-for-stm32.7-2018-q2-update.linux64_1.5.0.202011040924/tools/bin/../lib/gcc/arm-none-eabi/7.3.1/thumb/v7e-m/fpv4-sp/hard/libgcc.a(_dvmd_tls.o)
 .ARM.attributes
                0x000000000000095a       0x34 /opt/st/stm32cubeide_1.5.1/plugins/com.st.stm32cube.ide.mcu.externaltools.gnu-tools-for-stm32.7-2018-q2-update.linux64_1.5.0.202011040924/tools/bin/../lib/gcc/arm-none-eabi/7.3.1/../../../../arm-none-eabi/lib/thumb/v7e-m/fpv4-sp/hard/libnosys.a(sbrk.o)
 .ARM.attributes
                0x000000000000098e       0x22 /opt/st/stm32cubeide_1.5.1/plugins/com.st.stm32cube.ide.mcu.externaltools.gnu-tools-for-stm32.7-2018-q2-update.linux64_1.5.0.202011040924/tools/bin/../lib/gcc/arm-none-eabi/7.3.1/thumb/v7e-m/fpv4-sp/hard/crtn.o
OUTPUT(001Tasks.elf elf32-littlearm)

.debug_info     0x0000000000000000    0x18367
 .debug_info    0x0000000000000000     0x1570 Core/Src/main.o
 .debug_info    0x0000000000001570      0x37f Core/Src/stm32f4xx_hal_msp.o
 .debug_info    0x00000000000018ef      0xb2d Core/Src/stm32f4xx_hal_timebase_tim.o
 .debug_info    0x000000000000241c      0x6b8 Core/Src/stm32f4xx_it.o
 .debug_info    0x0000000000002ad4      0x554 Core/Src/system_stm32f4xx.o
 .debug_info    0x0000000000003028       0x22 Core/Startup/startup_stm32f407vgtx.o
 .debug_info    0x000000000000304a      0x945 Drivers/STM32F4xx_HAL_Driver/Src/stm32f4xx_hal.o
 .debug_info    0x000000000000398f      0xe28 Drivers/STM32F4xx_HAL_Driver/Src/stm32f4xx_hal_cortex.o
 .debug_info    0x00000000000047b7      0x7b5 Drivers/STM32F4xx_HAL_Driver/Src/stm32f4xx_hal_gpio.o
 .debug_info    0x0000000000004f6c      0x904 Drivers/STM32F4xx_HAL_Driver/Src/stm32f4xx_hal_rcc.o
 .debug_info    0x0000000000005870     0x24a9 Drivers/STM32F4xx_HAL_Driver/Src/stm32f4xx_hal_tim.o
 .debug_info    0x0000000000007d19     0x1157 Drivers/STM32F4xx_HAL_Driver/Src/stm32f4xx_hal_tim_ex.o
 .debug_info    0x0000000000008e70      0xae1 ThirdParty/FreeRTOS/list.o
 .debug_info    0x0000000000009951     0x200d ThirdParty/FreeRTOS/queue.o
 .debug_info    0x000000000000b95e     0x2a06 ThirdParty/FreeRTOS/tasks.o
 .debug_info    0x000000000000e364     0x14df ThirdParty/FreeRTOS/timers.o
 .debug_info    0x000000000000f843      0x608 ThirdParty/FreeRTOS/portable/GCC/ARM_CM4F/port.o
 .debug_info    0x000000000000fe4b      0xd03 ThirdParty/FreeRTOS/portable/MemMang/heap_4.o
 .debug_info    0x0000000000010b4e      0x125 ThirdParty/SEGGER/Config/SEGGER_SYSVIEW_Config_FreeRTOS.o
 .debug_info    0x0000000000010c73      0xb92 ThirdParty/SEGGER/OS/SEGGER_SYSVIEW_FreeRTOS.o
 .debug_info    0x0000000000011805     0x1290 ThirdParty/SEGGER/Rec/segger_uart.o
 .debug_info    0x0000000000012a95     0x1c1b ThirdParty/SEGGER/SEGGER/SEGGER_RTT.o
 .debug_info    0x00000000000146b0       0x26 ThirdParty/SEGGER/SEGGER/SEGGER_RTT_ASM_ARMv7M.o
 .debug_info    0x00000000000146d6     0x3c91 ThirdParty/SEGGER/SEGGER/SEGGER_SYSVIEW.o

.debug_abbrev   0x0000000000000000     0x3017
 .debug_abbrev  0x0000000000000000      0x2f3 Core/Src/main.o
 .debug_abbrev  0x00000000000002f3      0x109 Core/Src/stm32f4xx_hal_msp.o
 .debug_abbrev  0x00000000000003fc      0x19d Core/Src/stm32f4xx_hal_timebase_tim.o
 .debug_abbrev  0x0000000000000599      0x15a Core/Src/stm32f4xx_it.o
 .debug_abbrev  0x00000000000006f3      0x12b Core/Src/system_stm32f4xx.o
 .debug_abbrev  0x000000000000081e       0x12 Core/Startup/startup_stm32f407vgtx.o
 .debug_abbrev  0x0000000000000830      0x1c7 Drivers/STM32F4xx_HAL_Driver/Src/stm32f4xx_hal.o
 .debug_abbrev  0x00000000000009f7      0x2fa Drivers/STM32F4xx_HAL_Driver/Src/stm32f4xx_hal_cortex.o
 .debug_abbrev  0x0000000000000cf1      0x1c9 Drivers/STM32F4xx_HAL_Driver/Src/stm32f4xx_hal_gpio.o
 .debug_abbrev  0x0000000000000eba      0x245 Drivers/STM32F4xx_HAL_Driver/Src/stm32f4xx_hal_rcc.o
 .debug_abbrev  0x00000000000010ff      0x230 Drivers/STM32F4xx_HAL_Driver/Src/stm32f4xx_hal_tim.o
 .debug_abbrev  0x000000000000132f      0x21e Drivers/STM32F4xx_HAL_Driver/Src/stm32f4xx_hal_tim_ex.o
 .debug_abbrev  0x000000000000154d      0x1cf ThirdParty/FreeRTOS/list.o
 .debug_abbrev  0x000000000000171c      0x2f1 ThirdParty/FreeRTOS/queue.o
 .debug_abbrev  0x0000000000001a0d      0x35d ThirdParty/FreeRTOS/tasks.o
 .debug_abbrev  0x0000000000001d6a      0x2c8 ThirdParty/FreeRTOS/timers.o
 .debug_abbrev  0x0000000000002032      0x210 ThirdParty/FreeRTOS/portable/GCC/ARM_CM4F/port.o
 .debug_abbrev  0x0000000000002242      0x29e ThirdParty/FreeRTOS/portable/MemMang/heap_4.o
 .debug_abbrev  0x00000000000024e0       0xb5 ThirdParty/SEGGER/Config/SEGGER_SYSVIEW_Config_FreeRTOS.o
 .debug_abbrev  0x0000000000002595      0x1ed ThirdParty/SEGGER/OS/SEGGER_SYSVIEW_FreeRTOS.o
 .debug_abbrev  0x0000000000002782      0x2a2 ThirdParty/SEGGER/Rec/segger_uart.o
 .debug_abbrev  0x0000000000002a24      0x2a7 ThirdParty/SEGGER/SEGGER/SEGGER_RTT.o
 .debug_abbrev  0x0000000000002ccb       0x14 ThirdParty/SEGGER/SEGGER/SEGGER_RTT_ASM_ARMv7M.o
 .debug_abbrev  0x0000000000002cdf      0x338 ThirdParty/SEGGER/SEGGER/SEGGER_SYSVIEW.o

.debug_aranges  0x0000000000000000     0x1300
 .debug_aranges
                0x0000000000000000       0x50 Core/Src/main.o
 .debug_aranges
                0x0000000000000050       0x20 Core/Src/stm32f4xx_hal_msp.o
 .debug_aranges
                0x0000000000000070       0x30 Core/Src/stm32f4xx_hal_timebase_tim.o
 .debug_aranges
                0x00000000000000a0       0x50 Core/Src/stm32f4xx_it.o
 .debug_aranges
                0x00000000000000f0       0x28 Core/Src/system_stm32f4xx.o
 .debug_aranges
                0x0000000000000118       0x28 Core/Startup/startup_stm32f407vgtx.o
 .debug_aranges
                0x0000000000000140       0xf0 Drivers/STM32F4xx_HAL_Driver/Src/stm32f4xx_hal.o
 .debug_aranges
                0x0000000000000230      0x118 Drivers/STM32F4xx_HAL_Driver/Src/stm32f4xx_hal_cortex.o
 .debug_aranges
                0x0000000000000348       0x58 Drivers/STM32F4xx_HAL_Driver/Src/stm32f4xx_hal_gpio.o
 .debug_aranges
                0x00000000000003a0       0x88 Drivers/STM32F4xx_HAL_Driver/Src/stm32f4xx_hal_rcc.o
 .debug_aranges
                0x0000000000000428      0x3a8 Drivers/STM32F4xx_HAL_Driver/Src/stm32f4xx_hal_tim.o
 .debug_aranges
                0x00000000000007d0      0x150 Drivers/STM32F4xx_HAL_Driver/Src/stm32f4xx_hal_tim_ex.o
 .debug_aranges
                0x0000000000000920       0x40 ThirdParty/FreeRTOS/list.o
 .debug_aranges
                0x0000000000000960      0x130 ThirdParty/FreeRTOS/queue.o
 .debug_aranges
                0x0000000000000a90      0x208 ThirdParty/FreeRTOS/tasks.o
 .debug_aranges
                0x0000000000000c98       0xd8 ThirdParty/FreeRTOS/timers.o
 .debug_aranges
                0x0000000000000d70       0x88 ThirdParty/FreeRTOS/portable/GCC/ARM_CM4F/port.o
 .debug_aranges
                0x0000000000000df8       0x58 ThirdParty/FreeRTOS/portable/MemMang/heap_4.o
 .debug_aranges
                0x0000000000000e50       0x28 ThirdParty/SEGGER/Config/SEGGER_SYSVIEW_Config_FreeRTOS.o
 .debug_aranges
                0x0000000000000e78       0x48 ThirdParty/SEGGER/OS/SEGGER_SYSVIEW_FreeRTOS.o
 .debug_aranges
                0x0000000000000ec0       0x68 ThirdParty/SEGGER/Rec/segger_uart.o
 .debug_aranges
                0x0000000000000f28      0x138 ThirdParty/SEGGER/SEGGER/SEGGER_RTT.o
 .debug_aranges
                0x0000000000001060       0x20 ThirdParty/SEGGER/SEGGER/SEGGER_RTT_ASM_ARMv7M.o
 .debug_aranges
                0x0000000000001080      0x280 ThirdParty/SEGGER/SEGGER/SEGGER_SYSVIEW.o

.debug_ranges   0x0000000000000000     0x1178
 .debug_ranges  0x0000000000000000       0x40 Core/Src/main.o
 .debug_ranges  0x0000000000000040       0x10 Core/Src/stm32f4xx_hal_msp.o
 .debug_ranges  0x0000000000000050       0x20 Core/Src/stm32f4xx_hal_timebase_tim.o
 .debug_ranges  0x0000000000000070       0x40 Core/Src/stm32f4xx_it.o
 .debug_ranges  0x00000000000000b0       0x18 Core/Src/system_stm32f4xx.o
 .debug_ranges  0x00000000000000c8       0x20 Core/Startup/startup_stm32f407vgtx.o
 .debug_ranges  0x00000000000000e8       0xe0 Drivers/STM32F4xx_HAL_Driver/Src/stm32f4xx_hal.o
 .debug_ranges  0x00000000000001c8      0x108 Drivers/STM32F4xx_HAL_Driver/Src/stm32f4xx_hal_cortex.o
 .debug_ranges  0x00000000000002d0       0x48 Drivers/STM32F4xx_HAL_Driver/Src/stm32f4xx_hal_gpio.o
 .debug_ranges  0x0000000000000318       0x78 Drivers/STM32F4xx_HAL_Driver/Src/stm32f4xx_hal_rcc.o
 .debug_ranges  0x0000000000000390      0x398 Drivers/STM32F4xx_HAL_Driver/Src/stm32f4xx_hal_tim.o
 .debug_ranges  0x0000000000000728      0x140 Drivers/STM32F4xx_HAL_Driver/Src/stm32f4xx_hal_tim_ex.o
 .debug_ranges  0x0000000000000868       0x30 ThirdParty/FreeRTOS/list.o
 .debug_ranges  0x0000000000000898      0x120 ThirdParty/FreeRTOS/queue.o
 .debug_ranges  0x00000000000009b8      0x1f8 ThirdParty/FreeRTOS/tasks.o
 .debug_ranges  0x0000000000000bb0       0xc8 ThirdParty/FreeRTOS/timers.o
 .debug_ranges  0x0000000000000c78       0x78 ThirdParty/FreeRTOS/portable/GCC/ARM_CM4F/port.o
 .debug_ranges  0x0000000000000cf0       0x48 ThirdParty/FreeRTOS/portable/MemMang/heap_4.o
 .debug_ranges  0x0000000000000d38       0x18 ThirdParty/SEGGER/Config/SEGGER_SYSVIEW_Config_FreeRTOS.o
 .debug_ranges  0x0000000000000d50       0x38 ThirdParty/SEGGER/OS/SEGGER_SYSVIEW_FreeRTOS.o
 .debug_ranges  0x0000000000000d88       0x58 ThirdParty/SEGGER/Rec/segger_uart.o
 .debug_ranges  0x0000000000000de0      0x128 ThirdParty/SEGGER/SEGGER/SEGGER_RTT.o
 .debug_ranges  0x0000000000000f08      0x270 ThirdParty/SEGGER/SEGGER/SEGGER_SYSVIEW.o

.debug_macro    0x0000000000000000    0x23bbe
 .debug_macro   0x0000000000000000      0x3f8 Core/Src/main.o
 .debug_macro   0x00000000000003f8      0xa5a Core/Src/main.o
 .debug_macro   0x0000000000000e52      0x28e Core/Src/main.o
 .debug_macro   0x00000000000010e0       0x2e Core/Src/main.o
 .debug_macro   0x000000000000110e       0x2f Core/Src/main.o
 .debug_macro   0x000000000000113d       0x22 Core/Src/main.o
 .debug_macro   0x000000000000115f       0x8e Core/Src/main.o
 .debug_macro   0x00000000000011ed       0x51 Core/Src/main.o
 .debug_macro   0x000000000000123e       0xef Core/Src/main.o
 .debug_macro   0x000000000000132d       0x6a Core/Src/main.o
 .debug_macro   0x0000000000001397      0x1df Core/Src/main.o
 .debug_macro   0x0000000000001576       0x1c Core/Src/main.o
 .debug_macro   0x0000000000001592       0x22 Core/Src/main.o
 .debug_macro   0x00000000000015b4       0xdf Core/Src/main.o
 .debug_macro   0x0000000000001693     0x102d Core/Src/main.o
 .debug_macro   0x00000000000026c0      0x11f Core/Src/main.o
 .debug_macro   0x00000000000027df    0x15e3c Core/Src/main.o
 .debug_macro   0x000000000001861b       0x43 Core/Src/main.o
 .debug_macro   0x000000000001865e     0x3659 Core/Src/main.o
 .debug_macro   0x000000000001bcb7      0x174 Core/Src/main.o
 .debug_macro   0x000000000001be2b       0x5a Core/Src/main.o
 .debug_macro   0x000000000001be85      0x96b Core/Src/main.o
 .debug_macro   0x000000000001c7f0      0x9fe Core/Src/main.o
 .debug_macro   0x000000000001d1ee      0x117 Core/Src/main.o
 .debug_macro   0x000000000001d305      0x13e Core/Src/main.o
 .debug_macro   0x000000000001d443       0x27 Core/Src/main.o
 .debug_macro   0x000000000001d46a      0x174 Core/Src/main.o
 .debug_macro   0x000000000001d5de      0x287 Core/Src/main.o
 .debug_macro   0x000000000001d865       0x5f Core/Src/main.o
 .debug_macro   0x000000000001d8c4      0x236 Core/Src/main.o
 .debug_macro   0x000000000001dafa      0x12c Core/Src/main.o
 .debug_macro   0x000000000001dc26      0x21e Core/Src/main.o
 .debug_macro   0x000000000001de44       0x2e Core/Src/main.o
 .debug_macro   0x000000000001de72      0x11a Core/Src/main.o
 .debug_macro   0x000000000001df8c       0x7e Core/Src/main.o
 .debug_macro   0x000000000001e00a       0x89 Core/Src/main.o
 .debug_macro   0x000000000001e093      0x8a0 Core/Src/main.o
 .debug_macro   0x000000000001e933       0x47 Core/Src/main.o
 .debug_macro   0x000000000001e97a      0x12d Core/Src/main.o
 .debug_macro   0x000000000001eaa7      0x190 Core/Src/main.o
 .debug_macro   0x000000000001ec37       0x46 Core/Src/main.o
 .debug_macro   0x000000000001ec7d       0x18 Core/Src/main.o
 .debug_macro   0x000000000001ec95       0x3c Core/Src/main.o
 .debug_macro   0x000000000001ecd1       0x34 Core/Src/main.o
 .debug_macro   0x000000000001ed05       0x16 Core/Src/main.o
 .debug_macro   0x000000000001ed1b       0x35 Core/Src/main.o
 .debug_macro   0x000000000001ed50      0x32a Core/Src/main.o
 .debug_macro   0x000000000001f07a       0x10 Core/Src/main.o
 .debug_macro   0x000000000001f08a       0x52 Core/Src/main.o
 .debug_macro   0x000000000001f0dc       0x1f Core/Src/main.o
 .debug_macro   0x000000000001f0fb       0x43 Core/Src/main.o
 .debug_macro   0x000000000001f13e       0x20 Core/Src/main.o
 .debug_macro   0x000000000001f15e      0x1a3 Core/Src/main.o
 .debug_macro   0x000000000001f301       0x10 Core/Src/main.o
 .debug_macro   0x000000000001f311       0x1c Core/Src/main.o
 .debug_macro   0x000000000001f32d       0x52 Core/Src/main.o
 .debug_macro   0x000000000001f37f       0x40 Core/Src/main.o
 .debug_macro   0x000000000001f3bf       0x10 Core/Src/main.o
 .debug_macro   0x000000000001f3cf       0x40 Core/Src/main.o
 .debug_macro   0x000000000001f40f       0xd7 Core/Src/main.o
 .debug_macro   0x000000000001f4e6       0x1c Core/Src/main.o
 .debug_macro   0x000000000001f502       0x3d Core/Src/main.o
 .debug_macro   0x000000000001f53f       0x16 Core/Src/main.o
 .debug_macro   0x000000000001f555      0x145 Core/Src/main.o
 .debug_macro   0x000000000001f69a      0x113 Core/Src/main.o
 .debug_macro   0x000000000001f7ad       0x4c Core/Src/main.o
 .debug_macro   0x000000000001f7f9       0x46 Core/Src/main.o
 .debug_macro   0x000000000001f83f       0x64 Core/Src/main.o
 .debug_macro   0x000000000001f8a3       0x16 Core/Src/main.o
 .debug_macro   0x000000000001f8b9       0x49 Core/Src/main.o
 .debug_macro   0x000000000001f902       0xbc Core/Src/main.o
 .debug_macro   0x000000000001f9be      0x204 Core/Src/main.o
 .debug_macro   0x000000000001fbc2      0x450 Core/Src/main.o
 .debug_macro   0x0000000000020012      0x15a Core/Src/main.o
 .debug_macro   0x000000000002016c       0xea Core/Src/main.o
 .debug_macro   0x0000000000020256       0x1c Core/Src/main.o
 .debug_macro   0x0000000000020272       0x26 Core/Src/main.o
 .debug_macro   0x0000000000020298      0x3d0 Core/Src/main.o
 .debug_macro   0x0000000000020668       0xb5 Core/Src/main.o
 .debug_macro   0x000000000002071d      0x120 Core/Src/main.o
 .debug_macro   0x000000000002083d      0x284 Core/Src/stm32f4xx_hal_msp.o
 .debug_macro   0x0000000000020ac1       0x58 Core/Src/stm32f4xx_hal_msp.o
 .debug_macro   0x0000000000020b19      0x1c4 Core/Src/stm32f4xx_hal_timebase_tim.o
 .debug_macro   0x0000000000020cdd      0x1dd Core/Src/stm32f4xx_it.o
 .debug_macro   0x0000000000020eba      0x1ca Core/Src/system_stm32f4xx.o
 .debug_macro   0x0000000000021084      0x224 Drivers/STM32F4xx_HAL_Driver/Src/stm32f4xx_hal.o
 .debug_macro   0x00000000000212a8      0x1c4 Drivers/STM32F4xx_HAL_Driver/Src/stm32f4xx_hal_cortex.o
 .debug_macro   0x000000000002146c      0x1fa Drivers/STM32F4xx_HAL_Driver/Src/stm32f4xx_hal_gpio.o
 .debug_macro   0x0000000000021666      0x1e8 Drivers/STM32F4xx_HAL_Driver/Src/stm32f4xx_hal_rcc.o
 .debug_macro   0x000000000002184e      0x1c5 Drivers/STM32F4xx_HAL_Driver/Src/stm32f4xx_hal_tim.o
 .debug_macro   0x0000000000021a13      0x1c4 Drivers/STM32F4xx_HAL_Driver/Src/stm32f4xx_hal_tim_ex.o
 .debug_macro   0x0000000000021bd7      0x1e7 ThirdParty/FreeRTOS/list.o
 .debug_macro   0x0000000000021dbe      0x270 ThirdParty/FreeRTOS/queue.o
 .debug_macro   0x000000000002202e       0x16 ThirdParty/FreeRTOS/queue.o