Archive member included to satisfy reference by file (symbol)

/opt/st/stm32cubeide_1.5.1/plugins/com.st.stm32cube.ide.mcu.externaltools.gnu-tools-for-stm32.7-2018-q2-update.linux64_1.5.0.202011040924/tools/bin/../lib/gcc/arm-none-eabi/7.3.1/../../../../arm-none-eabi/lib/thumb/v7e-m/fpv4-sp/hard/libc_nano.a(lib_a-errno.o)
                              Core/Src/syscalls.o (__errno)
/opt/st/stm32cubeide_1.5.1/plugins/com.st.stm32cube.ide.mcu.externaltools.gnu-tools-for-stm32.7-2018-q2-update.linux64_1.5.0.202011040924/tools/bin/../lib/gcc/arm-none-eabi/7.3.1/../../../../arm-none-eabi/lib/thumb/v7e-m/fpv4-sp/hard/libc_nano.a(lib_a-exit.o)
                              /opt/st/stm32cubeide_1.5.1/plugins/com.st.stm32cube.ide.mcu.externaltools.gnu-tools-for-stm32.7-2018-q2-update.linux64_1.5.0.202011040924/tools/bin/../lib/gcc/arm-none-eabi/7.3.1/../../../../arm-none-eabi/lib/thumb/v7e-m/fpv4-sp/hard/crt0.o (exit)
/opt/st/stm32cubeide_1.5.1/plugins/com.st.stm32cube.ide.mcu.externaltools.gnu-tools-for-stm32.7-2018-q2-update.linux64_1.5.0.202011040924/tools/bin/../lib/gcc/arm-none-eabi/7.3.1/../../../../arm-none-eabi/lib/thumb/v7e-m/fpv4-sp/hard/libc_nano.a(lib_a-impure.o)
                              /opt/st/stm32cubeide_1.5.1/plugins/com.st.stm32cube.ide.mcu.externaltools.gnu-tools-for-stm32.7-2018-q2-update.linux64_1.5.0.202011040924/tools/bin/../lib/gcc/arm-none-eabi/7.3.1/../../../../arm-none-eabi/lib/thumb/v7e-m/fpv4-sp/hard/libc_nano.a(lib_a-exit.o) (_global_impure_ptr)
/opt/st/stm32cubeide_1.5.1/plugins/com.st.stm32cube.ide.mcu.externaltools.gnu-tools-for-stm32.7-2018-q2-update.linux64_1.5.0.202011040924/tools/bin/../lib/gcc/arm-none-eabi/7.3.1/../../../../arm-none-eabi/lib/thumb/v7e-m/fpv4-sp/hard/libc_nano.a(lib_a-init.o)
                              /opt/st/stm32cubeide_1.5.1/plugins/com.st.stm32cube.ide.mcu.externaltools.gnu-tools-for-stm32.7-2018-q2-update.linux64_1.5.0.202011040924/tools/bin/../lib/gcc/arm-none-eabi/7.3.1/../../../../arm-none-eabi/lib/thumb/v7e-m/fpv4-sp/hard/crt0.o (__libc_init_array)
/opt/st/stm32cubeide_1.5.1/plugins/com.st.stm32cube.ide.mcu.externaltools.gnu-tools-for-stm32.7-2018-q2-update.linux64_1.5.0.202011040924/tools/bin/../lib/gcc/arm-none-eabi/7.3.1/../../../../arm-none-eabi/lib/thumb/v7e-m/fpv4-sp/hard/libc_nano.a(lib_a-memcpy-stub.o)
                              ThirdParty/FreeRTOS/queue.o (memcpy)
/opt/st/stm32cubeide_1.5.1/plugins/com.st.stm32cube.ide.mcu.externaltools.gnu-tools-for-stm32.7-2018-q2-update.linux64_1.5.0.202011040924/tools/bin/../lib/gcc/arm-none-eabi/7.3.1/../../../../arm-none-eabi/lib/thumb/v7e-m/fpv4-sp/hard/libc_nano.a(lib_a-memset.o)
                              /opt/st/stm32cubeide_1.5.1/plugins/com.st.stm32cube.ide.mcu.externaltools.gnu-tools-for-stm32.7-2018-q2-update.linux64_1.5.0.202011040924/tools/bin/../lib/gcc/arm-none-eabi/7.3.1/../../../../arm-none-eabi/lib/thumb/v7e-m/fpv4-sp/hard/crt0.o (memset)
/opt/st/stm32cubeide_1.5.1/plugins/com.st.stm32cube.ide.mcu.externaltools.gnu-tools-for-stm32.7-2018-q2-update.linux64_1.5.0.202011040924/tools/bin/../lib/gcc/arm-none-eabi/7.3.1/../../../../arm-none-eabi/lib/thumb/v7e-m/fpv4-sp/hard/libc_nano.a(lib_a-puts.o)
                              Core/Src/main.o (puts)
/opt/st/stm32cubeide_1.5.1/plugins/com.st.stm32cube.ide.mcu.externaltools.gnu-tools-for-stm32.7-2018-q2-update.linux64_1.5.0.202011040924/tools/bin/../lib/gcc/arm-none-eabi/7.3.1/../../../../arm-none-eabi/lib/thumb/v7e-m/fpv4-sp/hard/libc_nano.a(lib_a-wbuf.o)
                              /opt/st/stm32cubeide_1.5.1/plugins/com.st.stm32cube.ide.mcu.externaltools.gnu-tools-for-stm32.7-2018-q2-update.linux64_1.5.0.202011040924/tools/bin/../lib/gcc/arm-none-eabi/7.3.1/../../../../arm-none-eabi/lib/thumb/v7e-m/fpv4-sp/hard/libc_nano.a(lib_a-puts.o) (__swbuf_r)
/opt/st/stm32cubeide_1.5.1/plugins/com.st.stm32cube.ide.mcu.externaltools.gnu-tools-for-stm32.7-2018-q2-update.linux64_1.5.0.202011040924/tools/bin/../lib/gcc/arm-none-eabi/7.3.1/../../../../arm-none-eabi/lib/thumb/v7e-m/fpv4-sp/hard/libc_nano.a(lib_a-wsetup.o)
                              /opt/st/stm32cubeide_1.5.1/plugins/com.st.stm32cube.ide.mcu.externaltools.gnu-tools-for-stm32.7-2018-q2-update.linux64_1.5.0.202011040924/tools/bin/../lib/gcc/arm-none-eabi/7.3.1/../../../../arm-none-eabi/lib/thumb/v7e-m/fpv4-sp/hard/libc_nano.a(lib_a-puts.o) (__swsetup_r)
/opt/st/stm32cubeide_1.5.1/plugins/com.st.stm32cube.ide.mcu.externaltools.gnu-tools-for-stm32.7-2018-q2-update.linux64_1.5.0.202011040924/tools/bin/../lib/gcc/arm-none-eabi/7.3.1/../../../../arm-none-eabi/lib/thumb/v7e-m/fpv4-sp/hard/libc_nano.a(lib_a-fflush.o)
                              /opt/st/stm32cubeide_1.5.1/plugins/com.st.stm32cube.ide.mcu.externaltools.gnu-tools-for-stm32.7-2018-q2-update.linux64_1.5.0.202011040924/tools/bin/../lib/gcc/arm-none-eabi/7.3.1/../../../../arm-none-eabi/lib/thumb/v7e-m/fpv4-sp/hard/libc_nano.a(lib_a-wbuf.o) (_fflush_r)
[...]
Memory Configuration

Name             Origin             Length             Attributes
CCMRAM           0x0000000010000000 0x0000000000010000 xrw
RAM              0x0000000020000000 0x0000000000020000 xrw
FLASH            0x0000000008000000 0x0000000000100000 xr
*default*        0x0000000000000000 0xffffffffffffffff

Linker script and memory map

LOAD /opt/st/stm32cubeide_1.5.1/plugins/com.st.stm32cube.ide.mcu.externaltools.gnu-tools-for-stm32.7-2018-q2-update.linux64_1.5.0.202011040924/tools/bin/../lib/gcc/arm-none-eabi/7.3.1/thumb/v7e-m/fpv4-sp/hard/crti.o
LOAD /opt/st/stm32cubeide_1.5.1/plugins/com.st.stm32cube.ide.mcu.externaltools.gnu-tools-for-stm32.7-2018-q2-update.linux64_1.5.0.202011040924/tools/bin/../lib/gcc/arm-none-eabi/7.3.1/thumb/v7e-m/fpv4-sp/hard/crtbegin.o
LOAD /opt/st/stm32cubeide_1.5.1/plugins/com.st.stm32cube.ide.mcu.externaltools.gnu-tools-for-stm32.7-2018-q2-update.linux64_1.5.0.202011040924/tools/bin/../lib/gcc/arm-none-eabi/7.3.1/../../../../arm-none-eabi/lib/thumb/v7e-m/fpv4-sp/hard/crt0.o
LOAD Core/Src/main.o
LOAD Core/Src/stm32f4xx_hal_msp.o
LOAD Core/Src/stm32f4xx_hal_timebase_tim.o
LOAD Core/Src/stm32f4xx_it.o
LOAD Core/Src/syscalls.o
LOAD Core/Src/system_stm32f4xx.o
LOAD Core/Startup/startup_stm32f407vgtx.o
LOAD Drivers/STM32F4xx_HAL_Driver/Src/stm32f4xx_hal.o
LOAD Drivers/STM32F4xx_HAL_Driver/Src/stm32f4xx_hal_cortex.o
LOAD Drivers/STM32F4xx_HAL_Driver/Src/stm32f4xx_hal_dma.o
LOAD Drivers/STM32F4xx_HAL_Driver/Src/stm32f4xx_hal_dma_ex.o
LOAD Drivers/STM32F4xx_HAL_Driver/Src/stm32f4xx_hal_exti.o
LOAD Drivers/STM32F4xx_HAL_Driver/Src/stm32f4xx_hal_flash.o
LOAD Drivers/STM32F4xx_HAL_Driver/Src/stm32f4xx_hal_flash_ex.o
LOAD Drivers/STM32F4xx_HAL_Driver/Src/stm32f4xx_hal_flash_ramfunc.o
LOAD Drivers/STM32F4xx_HAL_Driver/Src/stm32f4xx_hal_gpio.o
LOAD Drivers/STM32F4xx_HAL_Driver/Src/stm32f4xx_hal_pwr.o
LOAD Drivers/STM32F4xx_HAL_Driver/Src/stm32f4xx_hal_pwr_ex.o
LOAD Drivers/STM32F4xx_HAL_Driver/Src/stm32f4xx_hal_rcc.o
LOAD Drivers/STM32F4xx_HAL_Driver/Src/stm32f4xx_hal_rcc_ex.o
LOAD Drivers/STM32F4xx_HAL_Driver/Src/stm32f4xx_hal_tim.o
LOAD Drivers/STM32F4xx_HAL_Driver/Src/stm32f4xx_hal_tim_ex.o
LOAD ThirdParty/FreeRTOS/croutine.o
LOAD ThirdParty/FreeRTOS/event_groups.o
LOAD ThirdParty/FreeRTOS/list.o
LOAD ThirdParty/FreeRTOS/queue.o
LOAD ThirdParty/FreeRTOS/stream_buffer.o
LOAD ThirdParty/FreeRTOS/tasks.o
LOAD ThirdParty/FreeRTOS/timers.o
LOAD ThirdParty/FreeRTOS/portable/GCC/ARM_CM4F/port.o
LOAD ThirdParty/FreeRTOS/portable/MemMang/heap_4.o
START GROUP
LOAD /opt/st/stm32cubeide_1.5.1/plugins/com.st.stm32cube.ide.mcu.externaltools.gnu-tools-for-stm32.7-2018-q2-update.linux64_1.5.0.202011040924/tools/bin/../lib/gcc/arm-none-eabi/7.3.1/../../../../arm-none-eabi/lib/thumb/v7e-m/fpv4-sp/hard/libc_nano.a
LOAD /opt/st/stm32cubeide_1.5.1/plugins/com.st.stm32cube.ide.mcu.externaltools.gnu-tools-for-stm32.7-2018-q2-update.linux64_1.5.0.202011040924/tools/bin/../lib/gcc/arm-none-eabi/7.3.1/../../../../arm-none-eabi/lib/thumb/v7e-m/fpv4-sp/hard/libm.a
END GROUP
START GROUP
LOAD /opt/st/stm32cubeide_1.5.1/plugins/com.st.stm32cube.ide.mcu.externaltools.gnu-tools-for-stm32.7-2018-q2-update.linux64_1.5.0.202011040924/tools/bin/../lib/gcc/arm-none-eabi/7.3.1/thumb/v7e-m/fpv4-sp/hard/libgcc.a
LOAD /opt/st/stm32cubeide_1.5.1/plugins/com.st.stm32cube.ide.mcu.externaltools.gnu-tools-for-stm32.7-2018-q2-update.linux64_1.5.0.202011040924/tools/bin/../lib/gcc/arm-none-eabi/7.3.1/../../../../arm-none-eabi/lib/thumb/v7e-m/fpv4-sp/hard/libc_nano.a
END GROUP
START GROUP
LOAD /opt/st/stm32cubeide_1.5.1/plugins/com.st.stm32cube.ide.mcu.externaltools.gnu-tools-for-stm32.7-2018-q2-update.linux64_1.5.0.202011040924/tools/bin/../lib/gcc/arm-none-eabi/7.3.1/thumb/v7e-m/fpv4-sp/hard/libgcc.a
LOAD /opt/st/stm32cubeide_1.5.1/plugins/com.st.stm32cube.ide.mcu.externaltools.gnu-tools-for-stm32.7-2018-q2-update.linux64_1.5.0.202011040924/tools/bin/../lib/gcc/arm-none-eabi/7.3.1/../../../../arm-none-eabi/lib/thumb/v7e-m/fpv4-sp/hard/libc_nano.a
LOAD /opt/st/stm32cubeide_1.5.1/plugins/com.st.stm32cube.ide.mcu.externaltools.gnu-tools-for-stm32.7-2018-q2-update.linux64_1.5.0.202011040924/tools/bin/../lib/gcc/arm-none-eabi/7.3.1/../../../../arm-none-eabi/lib/thumb/v7e-m/fpv4-sp/hard/libnosys.a
END GROUP
START GROUP
LOAD /opt/st/stm32cubeide_1.5.1/plugins/com.st.stm32cube.ide.mcu.externaltools.gnu-tools-for-stm32.7-2018-q2-update.linux64_1.5.0.202011040924/tools/bin/../lib/gcc/arm-none-eabi/7.3.1/thumb/v7e-m/fpv4-sp/hard/libgcc.a
LOAD /opt/st/stm32cubeide_1.5.1/plugins/com.st.stm32cube.ide.mcu.externaltools.gnu-tools-for-stm32.7-2018-q2-update.linux64_1.5.0.202011040924/tools/bin/../lib/gcc/arm-none-eabi/7.3.1/../../../../arm-none-eabi/lib/thumb/v7e-m/fpv4-sp/hard/libc_nano.a
LOAD /opt/st/stm32cubeide_1.5.1/plugins/com.st.stm32cube.ide.mcu.externaltools.gnu-tools-for-stm32.7-2018-q2-update.linux64_1.5.0.202011040924/tools/bin/../lib/gcc/arm-none-eabi/7.3.1/../../../../arm-none-eabi/lib/thumb/v7e-m/fpv4-sp/hard/libnosys.a
END GROUP
LOAD /opt/st/stm32cubeide_1.5.1/plugins/com.st.stm32cube.ide.mcu.externaltools.gnu-tools-for-stm32.7-2018-q2-update.linux64_1.5.0.202011040924/tools/bin/../lib/gcc/arm-none-eabi/7.3.1/thumb/v7e-m/fpv4-sp/hard/crtend.o
LOAD /opt/st/stm32cubeide_1.5.1/plugins/com.st.stm32cube.ide.mcu.externaltools.gnu-tools-for-stm32.7-2018-q2-update.linux64_1.5.0.202011040924/tools/bin/../lib/gcc/arm-none-eabi/7.3.1/thumb/v7e-m/fpv4-sp/hard/crtn.o
                0x0000000020020000                _estack = (ORIGIN (RAM) + LENGTH (RAM))
                0x0000000000000200                _Min_Heap_Size = 0x200
                0x0000000000000400                _Min_Stack_Size = 0x400

.isr_vector     0x0000000008000000      0x188
                0x0000000008000000                . = ALIGN (0x4)
 *(.isr_vector)
 .isr_vector    0x0000000008000000      0x188 Core/Startup/startup_stm32f407vgtx.o
                0x0000000008000000                g_pfnVectors
                0x0000000008000188                . = ALIGN (0x4)

.text           0x0000000008000190     0x4c98
                0x0000000008000190                . = ALIGN (0x4)
 *(.text)
 .text          0x0000000008000190       0x40 /opt/st/stm32cubeide_1.5.1/plugins/com.st.stm32cube.ide.mcu.externaltools.gnu-tools-for-stm32.7-2018-q2-update.linux64_1.5.0.202011040924/tools/bin/../lib/gcc/arm-none-eabi/7.3.1/thumb/v7e-m/fpv4-sp/hard/crtbegin.o
 .text          0x00000000080001d0       0x30 /opt/st/stm32cubeide_1.5.1/plugins/com.st.stm32cube.ide.mcu.externaltools.gnu-tools-for-stm32.7-2018-q2-update.linux64_1.5.0.202011040924/tools/bin/../lib/gcc/arm-none-eabi/7.3.1/thumb/v7e-m/fpv4-sp/hard/libgcc.a(_aeabi_uldivmod.o)
                0x00000000080001d0                __aeabi_uldivmod
 .text          0x0000000008000200      0x2cc /opt/st/stm32cubeide_1.5.1/plugins/com.st.stm32cube.ide.mcu.externaltools.gnu-tools-for-stm32.7-2018-q2-update.linux64_1.5.0.202011040924/tools/bin/../lib/gcc/arm-none-eabi/7.3.1/thumb/v7e-m/fpv4-sp/hard/libgcc.a(_udivmoddi4.o)
                0x0000000008000200                __udivmoddi4
 .text          0x00000000080004cc        0x4 /opt/st/stm32cubeide_1.5.1/plugins/com.st.stm32cube.ide.mcu.externaltools.gnu-tools-for-stm32.7-2018-q2-update.linux64_1.5.0.202011040924/tools/bin/../lib/gcc/arm-none-eabi/7.3.1/thumb/v7e-m/fpv4-sp/hard/libgcc.a(_dvmd_tls.o)
                0x00000000080004cc                __aeabi_ldiv0
                0x00000000080004cc                __aeabi_idiv0
 *(.text*)
 .text.main     0x00000000080004d0       0x94 Core/Src/main.o
                0x00000000080004d0                main
 .text.SystemClock_Config
                0x0000000008000564       0xd4 Core/Src/main.o
                0x0000000008000564                SystemClock_Config
 .text.MX_GPIO_Init
                0x0000000008000638      0x2c0 Core/Src/main.o
 .text.task1_handler
                0x00000000080008f8       0x24 Core/Src/main.o
 .text.task2_handler
                0x000000000800091c       0x24 Core/Src/main.o
 .text.HAL_TIM_PeriodElapsedCallback
                0x0000000008000940       0x24 Core/Src/main.o
                0x0000000008000940                HAL_TIM_PeriodElapsedCallback
 .text.Error_Handler
                0x0000000008000964        0x8 Core/Src/main.o
                0x0000000008000964                Error_Handler
 .text.HAL_MspInit
                0x000000000800096c       0x50 Core/Src/stm32f4xx_hal_msp.o
                0x000000000800096c                HAL_MspInit
 .text.HAL_InitTick
                0x00000000080009bc       0xb4 Core/Src/stm32f4xx_hal_timebase_tim.o
                0x00000000080009bc                HAL_InitTick
 .text.NMI_Handler
                0x0000000008000a70        0x6 Core/Src/stm32f4xx_it.o
                0x0000000008000a70                NMI_Handler
 .text.HardFault_Handler
                0x0000000008000a76        0x6 Core/Src/stm32f4xx_it.o
                0x0000000008000a76                HardFault_Handler
 .text.MemManage_Handler
                0x0000000008000a7c        0x6 Core/Src/stm32f4xx_it.o
                0x0000000008000a7c                MemManage_Handler
 .text.BusFault_Handler
                0x0000000008000a82        0x6 Core/Src/stm32f4xx_it.o
                0x0000000008000a82                BusFault_Handler
 .text.UsageFault_Handler
                0x0000000008000a88        0x6 Core/Src/stm32f4xx_it.o
                0x0000000008000a88                UsageFault_Handler
 .text.DebugMon_Handler
                0x0000000008000a8e        0xe Core/Src/stm32f4xx_it.o
                0x0000000008000a8e                DebugMon_Handler
 .text.TIM6_DAC_IRQHandler
                0x0000000008000a9c       0x14 Core/Src/stm32f4xx_it.o
                0x0000000008000a9c                TIM6_DAC_IRQHandler
 .text.ITM_SendChar
                0x0000000008000ab0       0x50 Core/Src/syscalls.o
                0x0000000008000ab0                ITM_SendChar
 .text._read    0x0000000008000b00       0x3a Core/Src/syscalls.o
                0x0000000008000b00                _read
 .text._write   0x0000000008000b3a       0x38 Core/Src/syscalls.o
                0x0000000008000b3a                _write
 .text._close   0x0000000008000b72       0x18 Core/Src/syscalls.o
                0x0000000008000b72                _close
 .text._fstat   0x0000000008000b8a       0x20 Core/Src/syscalls.o
                0x0000000008000b8a                _fstat
 .text._isatty  0x0000000008000baa       0x16 Core/Src/syscalls.o
                0x0000000008000baa                _isatty
 .text._lseek   0x0000000008000bc0       0x1a Core/Src/syscalls.o
                0x0000000008000bc0                _lseek
 *fill*         0x0000000008000bda        0x2 
 .text.SystemInit
                0x0000000008000bdc       0x2c Core/Src/system_stm32f4xx.o
                0x0000000008000bdc                SystemInit
 .text.Reset_Handler
                0x0000000008000c08       0x50 Core/Startup/startup_stm32f407vgtx.o
                0x0000000008000c08                Reset_Handler
 .text.Default_Handler
                0x0000000008000c58        0x2 Core/Startup/startup_stm32f407vgtx.o
                0x0000000008000c58                RTC_Alarm_IRQHandler
                0x0000000008000c58                HASH_RNG_IRQHandler
                0x0000000008000c58                EXTI2_IRQHandler
                0x0000000008000c58                TIM8_CC_IRQHandler
                0x0000000008000c58                TIM1_CC_IRQHandler
                0x0000000008000c58                DMA2_Stream5_IRQHandler
                0x0000000008000c58                DMA1_Stream5_IRQHandler
                0x0000000008000c58                PVD_IRQHandler
                0x0000000008000c58                SDIO_IRQHandler
                0x0000000008000c58                TAMP_STAMP_IRQHandler
                0x0000000008000c58                CAN2_RX1_IRQHandler
                0x0000000008000c58                EXTI3_IRQHandler
                0x0000000008000c58                TIM8_TRG_COM_TIM14_IRQHandler
                0x0000000008000c58                TIM1_UP_TIM10_IRQHandler
                0x0000000008000c58                TIM8_UP_TIM13_IRQHandler
                0x0000000008000c58                I2C3_ER_IRQHandler
                0x0000000008000c58                EXTI0_IRQHandler
                0x0000000008000c58                I2C2_EV_IRQHandler
                0x0000000008000c58                DMA1_Stream2_IRQHandler
                0x0000000008000c58                CAN1_RX0_IRQHandler
                0x0000000008000c58                FPU_IRQHandler
                0x0000000008000c58                OTG_HS_WKUP_IRQHandler
                0x0000000008000c58                CAN2_SCE_IRQHandler
                0x0000000008000c58                DMA2_Stream2_IRQHandler
                0x0000000008000c58                SPI1_IRQHandler
                0x0000000008000c58                TIM1_BRK_TIM9_IRQHandler
                0x0000000008000c58                DCMI_IRQHandler
                0x0000000008000c58                CAN2_RX0_IRQHandler
                0x0000000008000c58                DMA2_Stream3_IRQHandler
                0x0000000008000c58                USART6_IRQHandler
                0x0000000008000c58                USART3_IRQHandler
                0x0000000008000c58                CAN1_RX1_IRQHandler
                0x0000000008000c58                UART5_IRQHandler
                0x0000000008000c58                DMA2_Stream0_IRQHandler
                0x0000000008000c58                TIM4_IRQHandler
                0x0000000008000c58                I2C1_EV_IRQHandler
                0x0000000008000c58                DMA1_Stream6_IRQHandler
                0x0000000008000c58                DMA1_Stream1_IRQHandler
                0x0000000008000c58                UART4_IRQHandler
                0x0000000008000c58                TIM3_IRQHandler
                0x0000000008000c58                RCC_IRQHandler
                0x0000000008000c58                TIM8_BRK_TIM12_IRQHandler
                0x0000000008000c58                Default_Handler
                0x0000000008000c58                EXTI15_10_IRQHandler
                0x0000000008000c58                ADC_IRQHandler
                0x0000000008000c58                DMA1_Stream7_IRQHandler
                0x0000000008000c58                TIM7_IRQHandler
                0x0000000008000c58                CAN2_TX_IRQHandler
                0x0000000008000c58                TIM5_IRQHandler
                0x0000000008000c58                DMA2_Stream7_IRQHandler
                0x0000000008000c58                I2C3_EV_IRQHandler
                0x0000000008000c58                EXTI9_5_IRQHandler
                0x0000000008000c58                RTC_WKUP_IRQHandler
                0x0000000008000c58                ETH_WKUP_IRQHandler
                0x0000000008000c58                SPI2_IRQHandler
                0x0000000008000c58                OTG_HS_EP1_IN_IRQHandler
                0x0000000008000c58                DMA1_Stream0_IRQHandler
                0x0000000008000c58                CAN1_TX_IRQHandler
                0x0000000008000c58                EXTI4_IRQHandler
                0x0000000008000c58                FSMC_IRQHandler
                0x0000000008000c58                ETH_IRQHandler
                0x0000000008000c58                OTG_HS_EP1_OUT_IRQHandler
                0x0000000008000c58                WWDG_IRQHandler
                0x0000000008000c58                TIM2_IRQHandler
                0x0000000008000c58                OTG_FS_WKUP_IRQHandler
                0x0000000008000c58                TIM1_TRG_COM_TIM11_IRQHandler
                0x0000000008000c58                OTG_HS_IRQHandler
                0x0000000008000c58                EXTI1_IRQHandler
                0x0000000008000c58                USART2_IRQHandler
                0x0000000008000c58                I2C2_ER_IRQHandler
                0x0000000008000c58                DMA2_Stream1_IRQHandler
                0x0000000008000c58                CAN1_SCE_IRQHandler
                0x0000000008000c58                FLASH_IRQHandler
                0x0000000008000c58                DMA2_Stream4_IRQHandler
                0x0000000008000c58                USART1_IRQHandler
                0x0000000008000c58                OTG_FS_IRQHandler
                0x0000000008000c58                SPI3_IRQHandler
                0x0000000008000c58                DMA1_Stream4_IRQHandler
                0x0000000008000c58                I2C1_ER_IRQHandler
                0x0000000008000c58                DMA2_Stream6_IRQHandler
                0x0000000008000c58                DMA1_Stream3_IRQHandler
 *fill*         0x0000000008000c5a        0x2 
 .text.HAL_Init
                0x0000000008000c5c       0x44 Drivers/STM32F4xx_HAL_Driver/Src/stm32f4xx_hal.o
                0x0000000008000c5c                HAL_Init
 .text.HAL_IncTick
                0x0000000008000ca0       0x28 Drivers/STM32F4xx_HAL_Driver/Src/stm32f4xx_hal.o
                0x0000000008000ca0                HAL_IncTick
 .text.HAL_GetTick
                0x0000000008000cc8       0x18 Drivers/STM32F4xx_HAL_Driver/Src/stm32f4xx_hal.o
                0x0000000008000cc8                HAL_GetTick
 .text.__NVIC_SetPriorityGrouping
                0x0000000008000ce0       0x48 Drivers/STM32F4xx_HAL_Driver/Src/stm32f4xx_hal_cortex.o
 .text.__NVIC_GetPriorityGrouping
                0x0000000008000d28       0x1c Drivers/STM32F4xx_HAL_Driver/Src/stm32f4xx_hal_cortex.o
 .text.__NVIC_EnableIRQ
                0x0000000008000d44       0x3c Drivers/STM32F4xx_HAL_Driver/Src/stm32f4xx_hal_cortex.o
 .text.__NVIC_SetPriority
                0x0000000008000d80       0x54 Drivers/STM32F4xx_HAL_Driver/Src/stm32f4xx_hal_cortex.o
 .text.NVIC_EncodePriority
                0x0000000008000dd4       0x66 Drivers/STM32F4xx_HAL_Driver/Src/stm32f4xx_hal_cortex.o
 .text.HAL_NVIC_SetPriorityGrouping
                0x0000000008000e3a       0x16 Drivers/STM32F4xx_HAL_Driver/Src/stm32f4xx_hal_cortex.o
                0x0000000008000e3a                HAL_NVIC_SetPriorityGrouping
 .text.HAL_NVIC_SetPriority
                0x0000000008000e50       0x38 Drivers/STM32F4xx_HAL_Driver/Src/stm32f4xx_hal_cortex.o
                0x0000000008000e50                HAL_NVIC_SetPriority
 .text.HAL_NVIC_EnableIRQ
                0x0000000008000e88       0x1c Drivers/STM32F4xx_HAL_Driver/Src/stm32f4xx_hal_cortex.o
                0x0000000008000e88                HAL_NVIC_EnableIRQ
 .text.HAL_GPIO_Init
                0x0000000008000ea4      0x334 Drivers/STM32F4xx_HAL_Driver/Src/stm32f4xx_hal_gpio.o
                0x0000000008000ea4                HAL_GPIO_Init
 .text.HAL_GPIO_WritePin
                0x00000000080011d8       0x32 Drivers/STM32F4xx_HAL_Driver/Src/stm32f4xx_hal_gpio.o
                0x00000000080011d8                HAL_GPIO_WritePin
 *fill*         0x000000000800120a        0x2 
 .text.HAL_RCC_OscConfig
                0x000000000800120c      0x4e0 Drivers/STM32F4xx_HAL_Driver/Src/stm32f4xx_hal_rcc.o
                0x000000000800120c                HAL_RCC_OscConfig
 .text.HAL_RCC_ClockConfig
                0x00000000080016ec      0x1cc Drivers/STM32F4xx_HAL_Driver/Src/stm32f4xx_hal_rcc.o
                0x00000000080016ec                HAL_RCC_ClockConfig
 .text.HAL_RCC_GetSysClockFreq
                0x00000000080018b8      0x1b0 Drivers/STM32F4xx_HAL_Driver/Src/stm32f4xx_hal_rcc.o
                0x00000000080018b8                HAL_RCC_GetSysClockFreq
 .text.HAL_RCC_GetHCLKFreq
                0x0000000008001a68       0x18 Drivers/STM32F4xx_HAL_Driver/Src/stm32f4xx_hal_rcc.o
                0x0000000008001a68                HAL_RCC_GetHCLKFreq
 .text.HAL_RCC_GetPCLK1Freq
                0x0000000008001a80       0x28 Drivers/STM32F4xx_HAL_Driver/Src/stm32f4xx_hal_rcc.o
                0x0000000008001a80                HAL_RCC_GetPCLK1Freq
 .text.HAL_RCC_GetClockConfig
                0x0000000008001aa8       0x64 Drivers/STM32F4xx_HAL_Driver/Src/stm32f4xx_hal_rcc.o
                0x0000000008001aa8                HAL_RCC_GetClockConfig
 .text.HAL_TIM_Base_Init
                0x0000000008001b0c       0x56 Drivers/STM32F4xx_HAL_Driver/Src/stm32f4xx_hal_tim.o
                0x0000000008001b0c                HAL_TIM_Base_Init
 .text.HAL_TIM_Base_MspInit
                0x0000000008001b62       0x14 Drivers/STM32F4xx_HAL_Driver/Src/stm32f4xx_hal_tim.o
                0x0000000008001b62                HAL_TIM_Base_MspInit
 .text.HAL_TIM_Base_Start_IT
                0x0000000008001b76       0x48 Drivers/STM32F4xx_HAL_Driver/Src/stm32f4xx_hal_tim.o
                0x0000000008001b76                HAL_TIM_Base_Start_IT
 .text.HAL_TIM_IRQHandler
                0x0000000008001bbe      0x210 Drivers/STM32F4xx_HAL_Driver/Src/stm32f4xx_hal_tim.o
                0x0000000008001bbe                HAL_TIM_IRQHandler
 .text.HAL_TIM_OC_DelayElapsedCallback
                0x0000000008001dce       0x14 Drivers/STM32F4xx_HAL_Driver/Src/stm32f4xx_hal_tim.o
                0x0000000008001dce                HAL_TIM_OC_DelayElapsedCallback
 .text.HAL_TIM_IC_CaptureCallback
                0x0000000008001de2       0x14 Drivers/STM32F4xx_HAL_Driver/Src/stm32f4xx_hal_tim.o
                0x0000000008001de2                HAL_TIM_IC_CaptureCallback
 .text.HAL_TIM_PWM_PulseFinishedCallback
                0x0000000008001df6       0x14 Drivers/STM32F4xx_HAL_Driver/Src/stm32f4xx_hal_tim.o
                0x0000000008001df6                HAL_TIM_PWM_PulseFinishedCallback
 .text.HAL_TIM_TriggerCallback
                0x0000000008001e0a       0x14 Drivers/STM32F4xx_HAL_Driver/Src/stm32f4xx_hal_tim.o
                0x0000000008001e0a                HAL_TIM_TriggerCallback
 *fill*         0x0000000008001e1e        0x2 
 .text.TIM_Base_SetConfig
                0x0000000008001e20      0x140 Drivers/STM32F4xx_HAL_Driver/Src/stm32f4xx_hal_tim.o
                0x0000000008001e20                TIM_Base_SetConfig
 .text.HAL_TIMEx_CommutCallback
                0x0000000008001f60       0x14 Drivers/STM32F4xx_HAL_Driver/Src/stm32f4xx_hal_tim_ex.o
                0x0000000008001f60                HAL_TIMEx_CommutCallback
 .text.HAL_TIMEx_BreakCallback
                0x0000000008001f74       0x14 Drivers/STM32F4xx_HAL_Driver/Src/stm32f4xx_hal_tim_ex.o
                0x0000000008001f74                HAL_TIMEx_BreakCallback
 .text.vListInitialise
                0x0000000008001f88       0x40 ThirdParty/FreeRTOS/list.o
                0x0000000008001f88                vListInitialise
 .text.vListInitialiseItem
                0x0000000008001fc8       0x1a ThirdParty/FreeRTOS/list.o
                0x0000000008001fc8                vListInitialiseItem
 .text.vListInsertEnd
                0x0000000008001fe2       0x48 ThirdParty/FreeRTOS/list.o
                0x0000000008001fe2                vListInsertEnd
 .text.vListInsert
                0x000000000800202a       0x72 ThirdParty/FreeRTOS/list.o
                0x000000000800202a                vListInsert
 .text.uxListRemove
                0x000000000800209c       0x54 ThirdParty/FreeRTOS/list.o
                0x000000000800209c                uxListRemove
 .text.xQueueGenericReset
                0x00000000080020f0       0xb4 ThirdParty/FreeRTOS/queue.o
                0x00000000080020f0                xQueueGenericReset
 .text.xQueueGenericCreate
                0x00000000080021a4       0xb8 ThirdParty/FreeRTOS/queue.o
                0x00000000080021a4                xQueueGenericCreate
 .text.prvInitialiseNewQueue
                0x000000000800225c       0x46 ThirdParty/FreeRTOS/queue.o
 *fill*         0x00000000080022a2        0x2 
 .text.xQueueGenericSend
                0x00000000080022a4      0x1c4 ThirdParty/FreeRTOS/queue.o
                0x00000000080022a4                xQueueGenericSend
 .text.xQueueGenericSendFromISR
                0x0000000008002468      0x14a ThirdParty/FreeRTOS/queue.o
                0x0000000008002468                xQueueGenericSendFromISR
 *fill*         0x00000000080025b2        0x2 
 .text.xQueueReceive
                0x00000000080025b4      0x1a4 ThirdParty/FreeRTOS/queue.o
                0x00000000080025b4                xQueueReceive
 .text.prvCopyDataToQueue
                0x0000000008002758       0xd4 ThirdParty/FreeRTOS/queue.o
 .text.prvCopyDataFromQueue
                0x000000000800282c       0x4c ThirdParty/FreeRTOS/queue.o
 .text.prvUnlockQueue
                0x0000000008002878       0xa4 ThirdParty/FreeRTOS/queue.o
 .text.prvIsQueueEmpty
                0x000000000800291c       0x2c ThirdParty/FreeRTOS/queue.o
 .text.prvIsQueueFull
                0x0000000008002948       0x30 ThirdParty/FreeRTOS/queue.o
 .text.vQueueAddToRegistry
                0x0000000008002978       0x50 ThirdParty/FreeRTOS/queue.o
                0x0000000008002978                vQueueAddToRegistry
 .text.vQueueWaitForMessageRestricted
                0x00000000080029c8       0x68 ThirdParty/FreeRTOS/queue.o
                0x00000000080029c8                vQueueWaitForMessageRestricted
 .text.xTaskCreate
                0x0000000008002a30       0x82 ThirdParty/FreeRTOS/tasks.o
                0x0000000008002a30                xTaskCreate
 .text.prvInitialiseNewTask
                0x0000000008002ab2      0x12a ThirdParty/FreeRTOS/tasks.o
 .text.prvAddNewTaskToReadyList
                0x0000000008002bdc       0xc0 ThirdParty/FreeRTOS/tasks.o
 .text.vTaskStartScheduler
                0x0000000008002c9c       0xa0 ThirdParty/FreeRTOS/tasks.o
                0x0000000008002c9c                vTaskStartScheduler
 .text.vTaskSuspendAll
                0x0000000008002d3c       0x1c ThirdParty/FreeRTOS/tasks.o
                0x0000000008002d3c                vTaskSuspendAll
 .text.xTaskResumeAll
                0x0000000008002d58      0x11c ThirdParty/FreeRTOS/tasks.o
                0x0000000008002d58                xTaskResumeAll
 .text.xTaskGetTickCount
                0x0000000008002e74       0x20 ThirdParty/FreeRTOS/tasks.o
                0x0000000008002e74                xTaskGetTickCount
 .text.xTaskIncrementTick
                0x0000000008002e94      0x128 ThirdParty/FreeRTOS/tasks.o
                0x0000000008002e94                xTaskIncrementTick
 .text.vTaskSwitchContext
                0x0000000008002fbc       0xb4 ThirdParty/FreeRTOS/tasks.o
                0x0000000008002fbc                vTaskSwitchContext
 .text.vTaskPlaceOnEventList
                0x0000000008003070       0x48 ThirdParty/FreeRTOS/tasks.o
                0x0000000008003070                vTaskPlaceOnEventList
 .text.vTaskPlaceOnEventListRestricted
                0x00000000080030b8       0x54 ThirdParty/FreeRTOS/tasks.o
                0x00000000080030b8                vTaskPlaceOnEventListRestricted
 .text.xTaskRemoveFromEventList
                0x000000000800310c       0xc4 ThirdParty/FreeRTOS/tasks.o
                0x000000000800310c                xTaskRemoveFromEventList
 .text.vTaskInternalSetTimeOutState
                0x00000000080031d0       0x2c ThirdParty/FreeRTOS/tasks.o
                0x00000000080031d0                vTaskInternalSetTimeOutState
 .text.xTaskCheckForTimeOut
                0x00000000080031fc       0xc8 ThirdParty/FreeRTOS/tasks.o
                0x00000000080031fc                xTaskCheckForTimeOut
 .text.vTaskMissedYield
                0x00000000080032c4       0x18 ThirdParty/FreeRTOS/tasks.o
                0x00000000080032c4                vTaskMissedYield
 .text.prvIdleTask
                0x00000000080032dc       0x24 ThirdParty/FreeRTOS/tasks.o
 .text.prvInitialiseTaskLists
                0x0000000008003300       0x80 ThirdParty/FreeRTOS/tasks.o
 .text.prvCheckTasksWaitingTermination
                0x0000000008003380       0x58 ThirdParty/FreeRTOS/tasks.o
 .text.prvDeleteTCB
                0x00000000080033d8       0x20 ThirdParty/FreeRTOS/tasks.o
 .text.prvResetNextTaskUnblockTime
                0x00000000080033f8       0x38 ThirdParty/FreeRTOS/tasks.o
 .text.xTaskGetSchedulerState
                0x0000000008003430       0x3c ThirdParty/FreeRTOS/tasks.o
                0x0000000008003430                xTaskGetSchedulerState
 .text.xTaskPriorityDisinherit
                0x000000000800346c       0xf0 ThirdParty/FreeRTOS/tasks.o
                0x000000000800346c                xTaskPriorityDisinherit
 .text.prvAddCurrentTaskToDelayedList
                0x000000000800355c       0xcc ThirdParty/FreeRTOS/tasks.o
 .text.xTimerCreateTimerTask
                0x0000000008003628       0x64 ThirdParty/FreeRTOS/timers.o
                0x0000000008003628                xTimerCreateTimerTask
 .text.xTimerGenericCommand
                0x000000000800368c       0x98 ThirdParty/FreeRTOS/timers.o
                0x000000000800368c                xTimerGenericCommand
 .text.prvProcessExpiredTimer
                0x0000000008003724       0x98 ThirdParty/FreeRTOS/timers.o
 .text.prvTimerTask
                0x00000000080037bc       0x24 ThirdParty/FreeRTOS/timers.o
 .text.prvProcessTimerOrBlockTask
                0x00000000080037e0       0x9c ThirdParty/FreeRTOS/timers.o
 .text.prvGetNextExpireTime
                0x000000000800387c       0x48 ThirdParty/FreeRTOS/timers.o
 .text.prvSampleTimeNow
                0x00000000080038c4       0x40 ThirdParty/FreeRTOS/timers.o
 .text.prvInsertTimerInActiveList
                0x0000000008003904       0x84 ThirdParty/FreeRTOS/timers.o
 .text.prvProcessReceivedCommands
                0x0000000008003988      0x188 ThirdParty/FreeRTOS/timers.o
 .text.prvSwitchTimerLists
                0x0000000008003b10       0xc8 ThirdParty/FreeRTOS/timers.o
 .text.prvCheckForValidListAndQueue
                0x0000000008003bd8       0x6c ThirdParty/FreeRTOS/timers.o
 .text.pxPortInitialiseStack
                0x0000000008003c44       0x68 ThirdParty/FreeRTOS/portable/GCC/ARM_CM4F/port.o
                0x0000000008003c44                pxPortInitialiseStack
 .text.prvTaskExitError
                0x0000000008003cac       0x54 ThirdParty/FreeRTOS/portable/GCC/ARM_CM4F/port.o
 .text.SVC_Handler
                0x0000000008003d00       0x28 ThirdParty/FreeRTOS/portable/GCC/ARM_CM4F/port.o
                0x0000000008003d00                SVC_Handler
 .text.prvPortStartFirstTask
                0x0000000008003d28       0x2c ThirdParty/FreeRTOS/portable/GCC/ARM_CM4F/port.o
 .text.xPortStartScheduler
                0x0000000008003d54      0x13c ThirdParty/FreeRTOS/portable/GCC/ARM_CM4F/port.o
                0x0000000008003d54                xPortStartScheduler
 .text.vPortEnterCritical
                0x0000000008003e90       0x5c ThirdParty/FreeRTOS/portable/GCC/ARM_CM4F/port.o
                0x0000000008003e90                vPortEnterCritical
 .text.vPortExitCritical
                0x0000000008003eec       0x50 ThirdParty/FreeRTOS/portable/GCC/ARM_CM4F/port.o
                0x0000000008003eec                vPortExitCritical
 *fill*         0x0000000008003f3c        0x4 
 .text.PendSV_Handler
                0x0000000008003f40       0x68 ThirdParty/FreeRTOS/portable/GCC/ARM_CM4F/port.o
                0x0000000008003f40                PendSV_Handler
 .text.SysTick_Handler
                0x0000000008003fa8       0x40 ThirdParty/FreeRTOS/portable/GCC/ARM_CM4F/port.o
                0x0000000008003fa8                SysTick_Handler
 .text.vPortSetupTimerInterrupt
                0x0000000008003fe8       0x48 ThirdParty/FreeRTOS/portable/GCC/ARM_CM4F/port.o
                0x0000000008003fe8                vPortSetupTimerInterrupt
 .text.vPortEnableVFP
                0x0000000008004030       0x18 ThirdParty/FreeRTOS/portable/GCC/ARM_CM4F/port.o
 .text.vPortValidateInterruptPriority
                0x0000000008004048       0x7c ThirdParty/FreeRTOS/portable/GCC/ARM_CM4F/port.o
                0x0000000008004048                vPortValidateInterruptPriority
 .text.pvPortMalloc
                0x00000000080040c4      0x1b8 ThirdParty/FreeRTOS/portable/MemMang/heap_4.o
                0x00000000080040c4                pvPortMalloc
 .text.vPortFree
                0x000000000800427c       0xc0 ThirdParty/FreeRTOS/portable/MemMang/heap_4.o
                0x000000000800427c                vPortFree
 .text.prvHeapInit
                0x000000000800433c       0xc4 ThirdParty/FreeRTOS/portable/MemMang/heap_4.o
 .text.prvInsertBlockIntoFreeList
                0x0000000008004400       0xb4 ThirdParty/FreeRTOS/portable/MemMang/heap_4.o
 .text.__libc_init_array
                0x00000000080044b4       0x48 /opt/st/stm32cubeide_1.5.1/plugins/com.st.stm32cube.ide.mcu.externaltools.gnu-tools-for-stm32.7-2018-q2-update.linux64_1.5.0.202011040924/tools/bin/../lib/gcc/arm-none-eabi/7.3.1/../../../../arm-none-eabi/lib/thumb/v7e-m/fpv4-sp/hard/libc_nano.a(lib_a-init.o)
                0x00000000080044b4                __libc_init_array
 .text.memcpy   0x00000000080044fc       0x16 /opt/st/stm32cubeide_1.5.1/plugins/com.st.stm32cube.ide.mcu.externaltools.gnu-tools-for-stm32.7-2018-q2-update.linux64_1.5.0.202011040924/tools/bin/../lib/gcc/arm-none-eabi/7.3.1/../../../../arm-none-eabi/lib/thumb/v7e-m/fpv4-sp/hard/libc_nano.a(lib_a-memcpy-stub.o)
                0x00000000080044fc                memcpy
 .text.memset   0x0000000008004512       0x10 /opt/st/stm32cubeide_1.5.1/plugins/com.st.stm32cube.ide.mcu.externaltools.gnu-tools-for-stm32.7-2018-q2-update.linux64_1.5.0.202011040924/tools/bin/../lib/gcc/arm-none-eabi/7.3.1/../../../../arm-none-eabi/lib/thumb/v7e-m/fpv4-sp/hard/libc_nano.a(lib_a-memset.o)
                0x0000000008004512                memset
 *fill*         0x0000000008004522        0x2 
 .text._puts_r  0x0000000008004524       0xb8 /opt/st/stm32cubeide_1.5.1/plugins/com.st.stm32cube.ide.mcu.externaltools.gnu-tools-for-stm32.7-2018-q2-update.linux64_1.5.0.202011040924/tools/bin/../lib/gcc/arm-none-eabi/7.3.1/../../../../arm-none-eabi/lib/thumb/v7e-m/fpv4-sp/hard/libc_nano.a(lib_a-puts.o)
                0x0000000008004524                _puts_r
 .text.puts     0x00000000080045dc       0x10 /opt/st/stm32cubeide_1.5.1/plugins/com.st.stm32cube.ide.mcu.externaltools.gnu-tools-for-stm32.7-2018-q2-update.linux64_1.5.0.202011040924/tools/bin/../lib/gcc/arm-none-eabi/7.3.1/../../../../arm-none-eabi/lib/thumb/v7e-m/fpv4-sp/hard/libc_nano.a(lib_a-puts.o)
                0x00000000080045dc                puts
 .text.__swbuf_r
                0x00000000080045ec       0xa4 /opt/st/stm32cubeide_1.5.1/plugins/com.st.stm32cube.ide.mcu.externaltools.gnu-tools-for-stm32.7-2018-q2-update.linux64_1.5.0.202011040924/tools/bin/../lib/gcc/arm-none-eabi/7.3.1/../../../../arm-none-eabi/lib/thumb/v7e-m/fpv4-sp/hard/libc_nano.a(lib_a-wbuf.o)
                0x00000000080045ec                __swbuf_r
 .text.__swsetup_r
                0x0000000008004690       0xdc /opt/st/stm32cubeide_1.5.1/plugins/com.st.stm32cube.ide.mcu.externaltools.gnu-tools-for-stm32.7-2018-q2-update.linux64_1.5.0.202011040924/tools/bin/../lib/gcc/arm-none-eabi/7.3.1/../../../../arm-none-eabi/lib/thumb/v7e-m/fpv4-sp/hard/libc_nano.a(lib_a-wsetup.o)
                0x0000000008004690                __swsetup_r
 .text.__sflush_r
                0x000000000800476c      0x10c /opt/st/stm32cubeide_1.5.1/plugins/com.st.stm32cube.ide.mcu.externaltools.gnu-tools-for-stm32.7-2018-q2-update.linux64_1.5.0.202011040924/tools/bin/../lib/gcc/arm-none-eabi/7.3.1/../../../../arm-none-eabi/lib/thumb/v7e-m/fpv4-sp/hard/libc_nano.a(lib_a-fflush.o)
                0x000000000800476c                __sflush_r
 .text._fflush_r
                0x0000000008004878       0x54 /opt/st/stm32cubeide_1.5.1/plugins/com.st.stm32cube.ide.mcu.externaltools.gnu-tools-for-stm32.7-2018-q2-update.linux64_1.5.0.202011040924/tools/bin/../lib/gcc/arm-none-eabi/7.3.1/../../../../arm-none-eabi/lib/thumb/v7e-m/fpv4-sp/hard/libc_nano.a(lib_a-fflush.o)
                0x0000000008004878                _fflush_r
 .text.std      0x00000000080048cc       0x48 /opt/st/stm32cubeide_1.5.1/plugins/com.st.stm32cube.ide.mcu.externaltools.gnu-tools-for-stm32.7-2018-q2-update.linux64_1.5.0.202011040924/tools/bin/../lib/gcc/arm-none-eabi/7.3.1/../../../../arm-none-eabi/lib/thumb/v7e-m/fpv4-sp/hard/libc_nano.a(lib_a-findfp.o)
 .text._cleanup_r
                0x0000000008004914        0xc /opt/st/stm32cubeide_1.5.1/plugins/com.st.stm32cube.ide.mcu.externaltools.gnu-tools-for-stm32.7-2018-q2-update.linux64_1.5.0.202011040924/tools/bin/../lib/gcc/arm-none-eabi/7.3.1/../../../../arm-none-eabi/lib/thumb/v7e-m/fpv4-sp/hard/libc_nano.a(lib_a-findfp.o)
                0x0000000008004914                _cleanup_r
 .text.__sfmoreglue
                0x0000000008004920       0x2c /opt/st/stm32cubeide_1.5.1/plugins/com.st.stm32cube.ide.mcu.externaltools.gnu-tools-for-stm32.7-2018-q2-update.linux64_1.5.0.202011040924/tools/bin/../lib/gcc/arm-none-eabi/7.3.1/../../../../arm-none-eabi/lib/thumb/v7e-m/fpv4-sp/hard/libc_nano.a(lib_a-findfp.o)
                0x0000000008004920                __sfmoreglue
 .text.__sinit  0x000000000800494c       0x60 /opt/st/stm32cubeide_1.5.1/plugins/com.st.stm32cube.ide.mcu.externaltools.gnu-tools-for-stm32.7-2018-q2-update.linux64_1.5.0.202011040924/tools/bin/../lib/gcc/arm-none-eabi/7.3.1/../../../../arm-none-eabi/lib/thumb/v7e-m/fpv4-sp/hard/libc_nano.a(lib_a-findfp.o)
                0x000000000800494c                __sinit
 .text.__sfp    0x00000000080049ac       0x78 /opt/st/stm32cubeide_1.5.1/plugins/com.st.stm32cube.ide.mcu.externaltools.gnu-tools-for-stm32.7-2018-q2-update.linux64_1.5.0.202011040924/tools/bin/../lib/gcc/arm-none-eabi/7.3.1/../../../../arm-none-eabi/lib/thumb/v7e-m/fpv4-sp/hard/libc_nano.a(lib_a-findfp.o)
                0x00000000080049ac                __sfp
 .text._fwalk_reent
                0x0000000008004a24       0x3c /opt/st/stm32cubeide_1.5.1/plugins/com.st.stm32cube.ide.mcu.externaltools.gnu-tools-for-stm32.7-2018-q2-update.linux64_1.5.0.202011040924/tools/bin/../lib/gcc/arm-none-eabi/7.3.1/../../../../arm-none-eabi/lib/thumb/v7e-m/fpv4-sp/hard/libc_nano.a(lib_a-fwalk.o)
                0x0000000008004a24                _fwalk_reent
 .text.__swhatbuf_r
                0x0000000008004a60       0x48 /opt/st/stm32cubeide_1.5.1/plugins/com.st.stm32cube.ide.mcu.externaltools.gnu-tools-for-stm32.7-2018-q2-update.linux64_1.5.0.202011040924/tools/bin/../lib/gcc/arm-none-eabi/7.3.1/../../../../arm-none-eabi/lib/thumb/v7e-m/fpv4-sp/hard/libc_nano.a(lib_a-makebuf.o)
                0x0000000008004a60                __swhatbuf_r
 .text.__smakebuf_r
                0x0000000008004aa8       0x80 /opt/st/stm32cubeide_1.5.1/plugins/com.st.stm32cube.ide.mcu.externaltools.gnu-tools-for-stm32.7-2018-q2-update.linux64_1.5.0.202011040924/tools/bin/../lib/gcc/arm-none-eabi/7.3.1/../../../../arm-none-eabi/lib/thumb/v7e-m/fpv4-sp/hard/libc_nano.a(lib_a-makebuf.o)
                0x0000000008004aa8                __smakebuf_r
 .text._free_r  0x0000000008004b28       0x9c /opt/st/stm32cubeide_1.5.1/plugins/com.st.stm32cube.ide.mcu.externaltools.gnu-tools-for-stm32.7-2018-q2-update.linux64_1.5.0.202011040924/tools/bin/../lib/gcc/arm-none-eabi/7.3.1/../../../../arm-none-eabi/lib/thumb/v7e-m/fpv4-sp/hard/libc_nano.a(lib_a-nano-freer.o)
                0x0000000008004b28                _free_r
 .text._malloc_r
                0x0000000008004bc4       0xb4 /opt/st/stm32cubeide_1.5.1/plugins/com.st.stm32cube.ide.mcu.externaltools.gnu-tools-for-stm32.7-2018-q2-update.linux64_1.5.0.202011040924/tools/bin/../lib/gcc/arm-none-eabi/7.3.1/../../../../arm-none-eabi/lib/thumb/v7e-m/fpv4-sp/hard/libc_nano.a(lib_a-nano-mallocr.o)
                0x0000000008004bc4                _malloc_r
 .text._sbrk_r  0x0000000008004c78       0x20 /opt/st/stm32cubeide_1.5.1/plugins/com.st.stm32cube.ide.mcu.externaltools.gnu-tools-for-stm32.7-2018-q2-update.linux64_1.5.0.202011040924/tools/bin/../lib/gcc/arm-none-eabi/7.3.1/../../../../arm-none-eabi/lib/thumb/v7e-m/fpv4-sp/hard/libc_nano.a(lib_a-sbrkr.o)
                0x0000000008004c78                _sbrk_r
 .text.__sread  0x0000000008004c98       0x22 /opt/st/stm32cubeide_1.5.1/plugins/com.st.stm32cube.ide.mcu.externaltools.gnu-tools-for-stm32.7-2018-q2-update.linux64_1.5.0.202011040924/tools/bin/../lib/gcc/arm-none-eabi/7.3.1/../../../../arm-none-eabi/lib/thumb/v7e-m/fpv4-sp/hard/libc_nano.a(lib_a-stdio.o)
                0x0000000008004c98                __sread
 .text.__swrite
                0x0000000008004cba       0x38 /opt/st/stm32cubeide_1.5.1/plugins/com.st.stm32cube.ide.mcu.externaltools.gnu-tools-for-stm32.7-2018-q2-update.linux64_1.5.0.202011040924/tools/bin/../lib/gcc/arm-none-eabi/7.3.1/../../../../arm-none-eabi/lib/thumb/v7e-m/fpv4-sp/hard/libc_nano.a(lib_a-stdio.o)
                0x0000000008004cba                __swrite
 .text.__sseek  0x0000000008004cf2       0x24 /opt/st/stm32cubeide_1.5.1/plugins/com.st.stm32cube.ide.mcu.externaltools.gnu-tools-for-stm32.7-2018-q2-update.linux64_1.5.0.202011040924/tools/bin/../lib/gcc/arm-none-eabi/7.3.1/../../../../arm-none-eabi/lib/thumb/v7e-m/fpv4-sp/hard/libc_nano.a(lib_a-stdio.o)
                0x0000000008004cf2                __sseek
 .text.__sclose
                0x0000000008004d16        0x8 /opt/st/stm32cubeide_1.5.1/plugins/com.st.stm32cube.ide.mcu.externaltools.gnu-tools-for-stm32.7-2018-q2-update.linux64_1.5.0.202011040924/tools/bin/../lib/gcc/arm-none-eabi/7.3.1/../../../../arm-none-eabi/lib/thumb/v7e-m/fpv4-sp/hard/libc_nano.a(lib_a-stdio.o)
                0x0000000008004d16                __sclose
 *fill*         0x0000000008004d1e        0x2 
 .text._write_r
                0x0000000008004d20       0x24 /opt/st/stm32cubeide_1.5.1/plugins/com.st.stm32cube.ide.mcu.externaltools.gnu-tools-for-stm32.7-2018-q2-update.linux64_1.5.0.202011040924/tools/bin/../lib/gcc/arm-none-eabi/7.3.1/../../../../arm-none-eabi/lib/thumb/v7e-m/fpv4-sp/hard/libc_nano.a(lib_a-writer.o)
                0x0000000008004d20                _write_r
 .text._close_r
                0x0000000008004d44       0x20 /opt/st/stm32cubeide_1.5.1/plugins/com.st.stm32cube.ide.mcu.externaltools.gnu-tools-for-stm32.7-2018-q2-update.linux64_1.5.0.202011040924/tools/bin/../lib/gcc/arm-none-eabi/7.3.1/../../../../arm-none-eabi/lib/thumb/v7e-m/fpv4-sp/hard/libc_nano.a(lib_a-closer.o)
                0x0000000008004d44                _close_r
 .text._fstat_r
                0x0000000008004d64       0x24 /opt/st/stm32cubeide_1.5.1/plugins/com.st.stm32cube.ide.mcu.externaltools.gnu-tools-for-stm32.7-2018-q2-update.linux64_1.5.0.202011040924/tools/bin/../lib/gcc/arm-none-eabi/7.3.1/../../../../arm-none-eabi/lib/thumb/v7e-m/fpv4-sp/hard/libc_nano.a(lib_a-fstatr.o)
                0x0000000008004d64                _fstat_r
 .text._isatty_r
                0x0000000008004d88       0x20 /opt/st/stm32cubeide_1.5.1/plugins/com.st.stm32cube.ide.mcu.externaltools.gnu-tools-for-stm32.7-2018-q2-update.linux64_1.5.0.202011040924/tools/bin/../lib/gcc/arm-none-eabi/7.3.1/../../../../arm-none-eabi/lib/thumb/v7e-m/fpv4-sp/hard/libc_nano.a(lib_a-isattyr.o)
                0x0000000008004d88                _isatty_r
 .text._lseek_r
                0x0000000008004da8       0x24 /opt/st/stm32cubeide_1.5.1/plugins/com.st.stm32cube.ide.mcu.externaltools.gnu-tools-for-stm32.7-2018-q2-update.linux64_1.5.0.202011040924/tools/bin/../lib/gcc/arm-none-eabi/7.3.1/../../../../arm-none-eabi/lib/thumb/v7e-m/fpv4-sp/hard/libc_nano.a(lib_a-lseekr.o)
                0x0000000008004da8                _lseek_r
 .text.__malloc_lock
                0x0000000008004dcc        0x2 /opt/st/stm32cubeide_1.5.1/plugins/com.st.stm32cube.ide.mcu.externaltools.gnu-tools-for-stm32.7-2018-q2-update.linux64_1.5.0.202011040924/tools/bin/../lib/gcc/arm-none-eabi/7.3.1/../../../../arm-none-eabi/lib/thumb/v7e-m/fpv4-sp/hard/libc_nano.a(lib_a-mlock.o)
                0x0000000008004dcc                __malloc_lock
 .text.__malloc_unlock
                0x0000000008004dce        0x2 /opt/st/stm32cubeide_1.5.1/plugins/com.st.stm32cube.ide.mcu.externaltools.gnu-tools-for-stm32.7-2018-q2-update.linux64_1.5.0.202011040924/tools/bin/../lib/gcc/arm-none-eabi/7.3.1/../../../../arm-none-eabi/lib/thumb/v7e-m/fpv4-sp/hard/libc_nano.a(lib_a-mlock.o)
                0x0000000008004dce                __malloc_unlock
 .text._read_r  0x0000000008004dd0       0x24 /opt/st/stm32cubeide_1.5.1/plugins/com.st.stm32cube.ide.mcu.externaltools.gnu-tools-for-stm32.7-2018-q2-update.linux64_1.5.0.202011040924/tools/bin/../lib/gcc/arm-none-eabi/7.3.1/../../../../arm-none-eabi/lib/thumb/v7e-m/fpv4-sp/hard/libc_nano.a(lib_a-readr.o)
                0x0000000008004dd0                _read_r
 .text._sbrk    0x0000000008004df4       0x1c /opt/st/stm32cubeide_1.5.1/plugins/com.st.stm32cube.ide.mcu.externaltools.gnu-tools-for-stm32.7-2018-q2-update.linux64_1.5.0.202011040924/tools/bin/../lib/gcc/arm-none-eabi/7.3.1/../../../../arm-none-eabi/lib/thumb/v7e-m/fpv4-sp/hard/libnosys.a(sbrk.o)
                0x0000000008004df4                _sbrk
 *(.glue_7)
 .glue_7        0x0000000008004e10        0x0 linker stubs
 *(.glue_7t)
 .glue_7t       0x0000000008004e10        0x0 linker stubs
 *(.eh_frame)
 .eh_frame      0x0000000008004e10        0x0 /opt/st/stm32cubeide_1.5.1/plugins/com.st.stm32cube.ide.mcu.externaltools.gnu-tools-for-stm32.7-2018-q2-update.linux64_1.5.0.202011040924/tools/bin/../lib/gcc/arm-none-eabi/7.3.1/thumb/v7e-m/fpv4-sp/hard/crtbegin.o
 *(.init)
 .init          0x0000000008004e10        0x4 /opt/st/stm32cubeide_1.5.1/plugins/com.st.stm32cube.ide.mcu.externaltools.gnu-tools-for-stm32.7-2018-q2-update.linux64_1.5.0.202011040924/tools/bin/../lib/gcc/arm-none-eabi/7.3.1/thumb/v7e-m/fpv4-sp/hard/crti.o
                0x0000000008004e10                _init
 .init          0x0000000008004e14        0x8 /opt/st/stm32cubeide_1.5.1/plugins/com.st.stm32cube.ide.mcu.externaltools.gnu-tools-for-stm32.7-2018-q2-update.linux64_1.5.0.202011040924/tools/bin/../lib/gcc/arm-none-eabi/7.3.1/thumb/v7e-m/fpv4-sp/hard/crtn.o
 *(.fini)
 .fini          0x0000000008004e1c        0x4 /opt/st/stm32cubeide_1.5.1/plugins/com.st.stm32cube.ide.mcu.externaltools.gnu-tools-for-stm32.7-2018-q2-update.linux64_1.5.0.202011040924/tools/bin/../lib/gcc/arm-none-eabi/7.3.1/thumb/v7e-m/fpv4-sp/hard/crti.o
                0x0000000008004e1c                _fini
 .fini          0x0000000008004e20        0x8 /opt/st/stm32cubeide_1.5.1/plugins/com.st.stm32cube.ide.mcu.externaltools.gnu-tools-for-stm32.7-2018-q2-update.linux64_1.5.0.202011040924/tools/bin/../lib/gcc/arm-none-eabi/7.3.1/thumb/v7e-m/fpv4-sp/hard/crtn.o
                0x0000000008004e28                . = ALIGN (0x4)
                0x0000000008004e28                _etext = .

.vfp11_veneer   0x0000000008004e28        0x0
 .vfp11_veneer  0x0000000008004e28        0x0 linker stubs

.v4_bx          0x0000000008004e28        0x0
 .v4_bx         0x0000000008004e28        0x0 linker stubs

.iplt           0x0000000008004e28        0x0
 .iplt          0x0000000008004e28        0x0 /opt/st/stm32cubeide_1.5.1/plugins/com.st.stm32cube.ide.mcu.externaltools.gnu-tools-for-stm32.7-2018-q2-update.linux64_1.5.0.202011040924/tools/bin/../lib/gcc/arm-none-eabi/7.3.1/thumb/v7e-m/fpv4-sp/hard/crtbegin.o

.rodata         0x0000000008004e28       0xd4
                0x0000000008004e28                . = ALIGN (0x4)
 *(.rodata)
 .rodata        0x0000000008004e28       0x3f Core/Src/main.o
 *fill*         0x0000000008004e67        0x1 
 .rodata        0x0000000008004e68        0x5 ThirdParty/FreeRTOS/tasks.o
 *fill*         0x0000000008004e6d        0x3 
 .rodata        0x0000000008004e70        0xd ThirdParty/FreeRTOS/timers.o
 *(.rodata*)
 *fill*         0x0000000008004e7d        0x3 
 .rodata.AHBPrescTable
                0x0000000008004e80       0x10 Core/Src/system_stm32f4xx.o
                0x0000000008004e80                AHBPrescTable
 .rodata.APBPrescTable
                0x0000000008004e90        0x8 Core/Src/system_stm32f4xx.o
                0x0000000008004e90                APBPrescTable
 .rodata._global_impure_ptr
                0x0000000008004e98        0x4 /opt/st/stm32cubeide_1.5.1/plugins/com.st.stm32cube.ide.mcu.externaltools.gnu-tools-for-stm32.7-2018-q2-update.linux64_1.5.0.202011040924/tools/bin/../lib/gcc/arm-none-eabi/7.3.1/../../../../arm-none-eabi/lib/thumb/v7e-m/fpv4-sp/hard/libc_nano.a(lib_a-impure.o)
                0x0000000008004e98                _global_impure_ptr
 .rodata.__sf_fake_stderr
                0x0000000008004e9c       0x20 /opt/st/stm32cubeide_1.5.1/plugins/com.st.stm32cube.ide.mcu.externaltools.gnu-tools-for-stm32.7-2018-q2-update.linux64_1.5.0.202011040924/tools/bin/../lib/gcc/arm-none-eabi/7.3.1/../../../../arm-none-eabi/lib/thumb/v7e-m/fpv4-sp/hard/libc_nano.a(lib_a-findfp.o)
                0x0000000008004e9c                __sf_fake_stderr
 .rodata.__sf_fake_stdin
                0x0000000008004ebc       0x20 /opt/st/stm32cubeide_1.5.1/plugins/com.st.stm32cube.ide.mcu.externaltools.gnu-tools-for-stm32.7-2018-q2-update.linux64_1.5.0.202011040924/tools/bin/../lib/gcc/arm-none-eabi/7.3.1/../../../../arm-none-eabi/lib/thumb/v7e-m/fpv4-sp/hard/libc_nano.a(lib_a-findfp.o)
                0x0000000008004ebc                __sf_fake_stdin
 .rodata.__sf_fake_stdout
                0x0000000008004edc       0x20 /opt/st/stm32cubeide_1.5.1/plugins/com.st.stm32cube.ide.mcu.externaltools.gnu-tools-for-stm32.7-2018-q2-update.linux64_1.5.0.202011040924/tools/bin/../lib/gcc/arm-none-eabi/7.3.1/../../../../arm-none-eabi/lib/thumb/v7e-m/fpv4-sp/hard/libc_nano.a(lib_a-findfp.o)
                0x0000000008004edc                __sf_fake_stdout
                0x0000000008004efc                . = ALIGN (0x4)

.ARM.extab      0x0000000008004efc        0x0
                0x0000000008004efc                . = ALIGN (0x4)
 *(.ARM.extab* .gnu.linkonce.armextab.*)
                0x0000000008004efc                . = ALIGN (0x4)

.ARM            0x0000000008004efc        0x8
                0x0000000008004efc                . = ALIGN (0x4)
                0x0000000008004efc                __exidx_start = .
 *(.ARM.exidx*)
 .ARM.exidx     0x0000000008004efc        0x8 /opt/st/stm32cubeide_1.5.1/plugins/com.st.stm32cube.ide.mcu.externaltools.gnu-tools-for-stm32.7-2018-q2-update.linux64_1.5.0.202011040924/tools/bin/../lib/gcc/arm-none-eabi/7.3.1/thumb/v7e-m/fpv4-sp/hard/libgcc.a(_udivmoddi4.o)
                0x0000000008004f04                __exidx_end = .
                0x0000000008004f04                . = ALIGN (0x4)

.rel.dyn        0x0000000008004f04        0x0
 .rel.iplt      0x0000000008004f04        0x0 /opt/st/stm32cubeide_1.5.1/plugins/com.st.stm32cube.ide.mcu.externaltools.gnu-tools-for-stm32.7-2018-q2-update.linux64_1.5.0.202011040924/tools/bin/../lib/gcc/arm-none-eabi/7.3.1/thumb/v7e-m/fpv4-sp/hard/crtbegin.o

.preinit_array  0x0000000008004f04        0x0
                0x0000000008004f04                . = ALIGN (0x4)
                0x0000000008004f04                PROVIDE (__preinit_array_start = .)
 *(.preinit_array*)
                0x0000000008004f04                PROVIDE (__preinit_array_end = .)
                0x0000000008004f04                . = ALIGN (0x4)

.init_array     0x0000000008004f04        0x4
                0x0000000008004f04                . = ALIGN (0x4)
                0x0000000008004f04                PROVIDE (__init_array_start = .)
 *(SORT_BY_NAME(.init_array.*))
 *(.init_array*)
 .init_array    0x0000000008004f04        0x4 /opt/st/stm32cubeide_1.5.1/plugins/com.st.stm32cube.ide.mcu.externaltools.gnu-tools-for-stm32.7-2018-q2-update.linux64_1.5.0.202011040924/tools/bin/../lib/gcc/arm-none-eabi/7.3.1/thumb/v7e-m/fpv4-sp/hard/crtbegin.o
                0x0000000008004f08                PROVIDE (__init_array_end = .)
                0x0000000008004f08                . = ALIGN (0x4)

.fini_array     0x0000000008004f08        0x4
                0x0000000008004f08                . = ALIGN (0x4)
                [!provide]                        PROVIDE (__fini_array_start = .)
 *(SORT_BY_NAME(.fini_array.*))
 *(.fini_array*)
 .fini_array    0x0000000008004f08        0x4 /opt/st/stm32cubeide_1.5.1/plugins/com.st.stm32cube.ide.mcu.externaltools.gnu-tools-for-stm32.7-2018-q2-update.linux64_1.5.0.202011040924/tools/bin/../lib/gcc/arm-none-eabi/7.3.1/thumb/v7e-m/fpv4-sp/hard/crtbegin.o
                [!provide]                        PROVIDE (__fini_array_end = .)
                0x0000000008004f0c                . = ALIGN (0x4)
                0x0000000008004f0c                _sidata = LOADADDR (.data)

.data           0x0000000020000000       0x78 load address 0x0000000008004f0c
                0x0000000020000000                . = ALIGN (0x4)
                0x0000000020000000                _sdata = .
 *(.data)
 *(.data*)
 .data.SystemCoreClock
                0x0000000020000000        0x4 Core/Src/system_stm32f4xx.o
                0x0000000020000000                SystemCoreClock
 .data.uwTickPrio
                0x0000000020000004        0x4 Drivers/STM32F4xx_HAL_Driver/Src/stm32f4xx_hal.o
                0x0000000020000004                uwTickPrio
 .data.uwTickFreq
                0x0000000020000008        0x1 Drivers/STM32F4xx_HAL_Driver/Src/stm32f4xx_hal.o
                0x0000000020000008                uwTickFreq
 *fill*         0x0000000020000009        0x3 
 .data.uxTopUsedPriority
                0x000000002000000c        0x4 ThirdParty/FreeRTOS/tasks.o
                0x000000002000000c                uxTopUsedPriority
 .data.uxCriticalNesting
                0x0000000020000010        0x4 ThirdParty/FreeRTOS/portable/GCC/ARM_CM4F/port.o
 .data._impure_ptr
                0x0000000020000014        0x4 /opt/st/stm32cubeide_1.5.1/plugins/com.st.stm32cube.ide.mcu.externaltools.gnu-tools-for-stm32.7-2018-q2-update.linux64_1.5.0.202011040924/tools/bin/../lib/gcc/arm-none-eabi/7.3.1/../../../../arm-none-eabi/lib/thumb/v7e-m/fpv4-sp/hard/libc_nano.a(lib_a-impure.o)
                0x0000000020000014                _impure_ptr
 .data.impure_data
                0x0000000020000018       0x60 /opt/st/stm32cubeide_1.5.1/plugins/com.st.stm32cube.ide.mcu.externaltools.gnu-tools-for-stm32.7-2018-q2-update.linux64_1.5.0.202011040924/tools/bin/../lib/gcc/arm-none-eabi/7.3.1/../../../../arm-none-eabi/lib/thumb/v7e-m/fpv4-sp/hard/libc_nano.a(lib_a-impure.o)
 *(.RamFunc)
 *(.RamFunc*)
                0x0000000020000078                . = ALIGN (0x4)
                0x0000000020000078                _edata = .

.igot.plt       0x0000000020000078        0x0 load address 0x0000000008004f84
 .igot.plt      0x0000000020000078        0x0 /opt/st/stm32cubeide_1.5.1/plugins/com.st.stm32cube.ide.mcu.externaltools.gnu-tools-for-stm32.7-2018-q2-update.linux64_1.5.0.202011040924/tools/bin/../lib/gcc/arm-none-eabi/7.3.1/thumb/v7e-m/fpv4-sp/hard/crtbegin.o
                0x0000000020000078                . = ALIGN (0x4)

.bss            0x0000000020000078    0x12e18 load address 0x0000000008004f84
                0x0000000020000078                _sbss = .
                0x0000000020000078                __bss_start__ = _sbss
 *(.bss)
 .bss           0x0000000020000078       0x1c /opt/st/stm32cubeide_1.5.1/plugins/com.st.stm32cube.ide.mcu.externaltools.gnu-tools-for-stm32.7-2018-q2-update.linux64_1.5.0.202011040924/tools/bin/../lib/gcc/arm-none-eabi/7.3.1/thumb/v7e-m/fpv4-sp/hard/crtbegin.o
 *(.bss*)
 .bss.pxCurrentTCB
                0x0000000020000094        0x4 ThirdParty/FreeRTOS/tasks.o
                0x0000000020000094                pxCurrentTCB
 .bss.pxReadyTasksLists
                0x0000000020000098       0x64 ThirdParty/FreeRTOS/tasks.o
 .bss.xDelayedTaskList1
                0x00000000200000fc       0x14 ThirdParty/FreeRTOS/tasks.o
 .bss.xDelayedTaskList2
                0x0000000020000110       0x14 ThirdParty/FreeRTOS/tasks.o
 .bss.pxDelayedTaskList
                0x0000000020000124        0x4 ThirdParty/FreeRTOS/tasks.o
 .bss.pxOverflowDelayedTaskList
                0x0000000020000128        0x4 ThirdParty/FreeRTOS/tasks.o
 .bss.xPendingReadyList
                0x000000002000012c       0x14 ThirdParty/FreeRTOS/tasks.o
 .bss.xTasksWaitingTermination
                0x0000000020000140       0x14 ThirdParty/FreeRTOS/tasks.o
 .bss.uxDeletedTasksWaitingCleanUp
                0x0000000020000154        0x4 ThirdParty/FreeRTOS/tasks.o
 .bss.xSuspendedTaskList
                0x0000000020000158       0x14 ThirdParty/FreeRTOS/tasks.o
 .bss.uxCurrentNumberOfTasks
                0x000000002000016c        0x4 ThirdParty/FreeRTOS/tasks.o
 .bss.xTickCount
                0x0000000020000170        0x4 ThirdParty/FreeRTOS/tasks.o
 .bss.uxTopReadyPriority
                0x0000000020000174        0x4 ThirdParty/FreeRTOS/tasks.o
 .bss.xSchedulerRunning
                0x0000000020000178        0x4 ThirdParty/FreeRTOS/tasks.o
 .bss.xPendedTicks
                0x000000002000017c        0x4 ThirdParty/FreeRTOS/tasks.o
 .bss.xYieldPending
                0x0000000020000180        0x4 ThirdParty/FreeRTOS/tasks.o
 .bss.xNumOfOverflows
                0x0000000020000184        0x4 ThirdParty/FreeRTOS/tasks.o
 .bss.uxTaskNumber
                0x0000000020000188        0x4 ThirdParty/FreeRTOS/tasks.o
 .bss.xNextTaskUnblockTime
                0x000000002000018c        0x4 ThirdParty/FreeRTOS/tasks.o
 .bss.xIdleTaskHandle
                0x0000000020000190        0x4 ThirdParty/FreeRTOS/tasks.o
 .bss.uxSchedulerSuspended
                0x0000000020000194        0x4 ThirdParty/FreeRTOS/tasks.o
 .bss.xActiveTimerList1
                0x0000000020000198       0x14 ThirdParty/FreeRTOS/timers.o
 .bss.xActiveTimerList2
                0x00000000200001ac       0x14 ThirdParty/FreeRTOS/timers.o
 .bss.pxCurrentTimerList
                0x00000000200001c0        0x4 ThirdParty/FreeRTOS/timers.o
 .bss.pxOverflowTimerList
                0x00000000200001c4        0x4 ThirdParty/FreeRTOS/timers.o
 .bss.xTimerQueue
                0x00000000200001c8        0x4 ThirdParty/FreeRTOS/timers.o
 .bss.xTimerTaskHandle
                0x00000000200001cc        0x4 ThirdParty/FreeRTOS/timers.o
 .bss.xLastTime.6732
                0x00000000200001d0        0x4 ThirdParty/FreeRTOS/timers.o
 .bss.ucMaxSysCallPriority
                0x00000000200001d4        0x1 ThirdParty/FreeRTOS/portable/GCC/ARM_CM4F/port.o
 *fill*         0x00000000200001d5        0x3 
 .bss.ulMaxPRIGROUPValue
                0x00000000200001d8        0x4 ThirdParty/FreeRTOS/portable/GCC/ARM_CM4F/port.o
 .bss.ucHeap    0x00000000200001dc    0x12c00 ThirdParty/FreeRTOS/portable/MemMang/heap_4.o
 .bss.xStart    0x0000000020012ddc        0x8 ThirdParty/FreeRTOS/portable/MemMang/heap_4.o
 .bss.pxEnd     0x0000000020012de4        0x4 ThirdParty/FreeRTOS/portable/MemMang/heap_4.o
 .bss.xFreeBytesRemaining
                0x0000000020012de8        0x4 ThirdParty/FreeRTOS/portable/MemMang/heap_4.o
 .bss.xMinimumEverFreeBytesRemaining
                0x0000000020012dec        0x4 ThirdParty/FreeRTOS/portable/MemMang/heap_4.o
 .bss.xNumberOfSuccessfulAllocations
                0x0000000020012df0        0x4 ThirdParty/FreeRTOS/portable/MemMang/heap_4.o
 .bss.xNumberOfSuccessfulFrees
                0x0000000020012df4        0x4 ThirdParty/FreeRTOS/portable/MemMang/heap_4.o
 .bss.xBlockAllocatedBit
                0x0000000020012df8        0x4 ThirdParty/FreeRTOS/portable/MemMang/heap_4.o
 .bss.__malloc_free_list
                0x0000000020012dfc        0x4 /opt/st/stm32cubeide_1.5.1/plugins/com.st.stm32cube.ide.mcu.externaltools.gnu-tools-for-stm32.7-2018-q2-update.linux64_1.5.0.202011040924/tools/bin/../lib/gcc/arm-none-eabi/7.3.1/../../../../arm-none-eabi/lib/thumb/v7e-m/fpv4-sp/hard/libc_nano.a(lib_a-nano-mallocr.o)
                0x0000000020012dfc                __malloc_free_list
 .bss.__malloc_sbrk_start
                0x0000000020012e00        0x4 /opt/st/stm32cubeide_1.5.1/plugins/com.st.stm32cube.ide.mcu.externaltools.gnu-tools-for-stm32.7-2018-q2-update.linux64_1.5.0.202011040924/tools/bin/../lib/gcc/arm-none-eabi/7.3.1/../../../../arm-none-eabi/lib/thumb/v7e-m/fpv4-sp/hard/libc_nano.a(lib_a-nano-mallocr.o)
                0x0000000020012e00                __malloc_sbrk_start
 .bss.heap_end.5377
                0x0000000020012e04        0x4 /opt/st/stm32cubeide_1.5.1/plugins/com.st.stm32cube.ide.mcu.externaltools.gnu-tools-for-stm32.7-2018-q2-update.linux64_1.5.0.202011040924/tools/bin/../lib/gcc/arm-none-eabi/7.3.1/../../../../arm-none-eabi/lib/thumb/v7e-m/fpv4-sp/hard/libnosys.a(sbrk.o)
 *(COMMON)
 COMMON         0x0000000020012e08       0x40 Core/Src/stm32f4xx_hal_timebase_tim.o
                0x0000000020012e08                htim6
 COMMON         0x0000000020012e48        0x4 Drivers/STM32F4xx_HAL_Driver/Src/stm32f4xx_hal.o
                0x0000000020012e48                uwTick
 COMMON         0x0000000020012e4c       0x40 ThirdParty/FreeRTOS/queue.o
                0x0000000020012e4c                xQueueRegistry
 COMMON         0x0000000020012e8c        0x4 /opt/st/stm32cubeide_1.5.1/plugins/com.st.stm32cube.ide.mcu.externaltools.gnu-tools-for-stm32.7-2018-q2-update.linux64_1.5.0.202011040924/tools/bin/../lib/gcc/arm-none-eabi/7.3.1/../../../../arm-none-eabi/lib/thumb/v7e-m/fpv4-sp/hard/libc_nano.a(lib_a-reent.o)
                0x0000000020012e8c                errno
                0x0000000020012e90                . = ALIGN (0x4)
                0x0000000020012e90                _ebss = .
                0x0000000020012e90                __bss_end__ = _ebss

._user_heap_stack
                0x0000000020012e90      0x600 load address 0x0000000008004f84
                0x0000000020012e90                . = ALIGN (0x8)
                0x0000000020012e90                PROVIDE (end = .)
                [!provide]                        PROVIDE (_end = .)
                0x0000000020013090                . = (. + _Min_Heap_Size)
 *fill*         0x0000000020012e90      0x200 
                0x0000000020013490                . = (. + _Min_Stack_Size)
 *fill*         0x0000000020013090      0x400 
                0x0000000020013490                . = ALIGN (0x8)

/DISCARD/
 libc.a(*)
 libm.a(*)
 libgcc.a(*)

.ARM.attributes
                0x0000000000000000       0x30
 *(.ARM.attributes)
 .ARM.attributes
                0x0000000000000000       0x22 /opt/st/stm32cubeide_1.5.1/plugins/com.st.stm32cube.ide.mcu.externaltools.gnu-tools-for-stm32.7-2018-q2-update.linux64_1.5.0.202011040924/tools/bin/../lib/gcc/arm-none-eabi/7.3.1/thumb/v7e-m/fpv4-sp/hard/crti.o
 .ARM.attributes
                0x0000000000000022       0x34 /opt/st/stm32cubeide_1.5.1/plugins/com.st.stm32cube.ide.mcu.externaltools.gnu-tools-for-stm32.7-2018-q2-update.linux64_1.5.0.202011040924/tools/bin/../lib/gcc/arm-none-eabi/7.3.1/thumb/v7e-m/fpv4-sp/hard/crtbegin.o
 .ARM.attributes
                0x0000000000000056       0x39 Core/Src/main.o
 .ARM.attributes
                0x000000000000008f       0x39 Core/Src/stm32f4xx_hal_msp.o
 .ARM.attributes
                0x00000000000000c8       0x39 Core/Src/stm32f4xx_hal_timebase_tim.o
 .ARM.attributes
                0x0000000000000101       0x39 Core/Src/stm32f4xx_it.o
 .ARM.attributes
                0x000000000000013a       0x39 Core/Src/syscalls.o
 .ARM.attributes
                0x0000000000000173       0x39 Core/Src/system_stm32f4xx.o
 .ARM.attributes
                0x00000000000001ac       0x21 Core/Startup/startup_stm32f407vgtx.o
 .ARM.attributes
                0x00000000000001cd       0x39 Drivers/STM32F4xx_HAL_Driver/Src/stm32f4xx_hal.o
 .ARM.attributes
                0x0000000000000206       0x39 Drivers/STM32F4xx_HAL_Driver/Src/stm32f4xx_hal_cortex.o
 .ARM.attributes
                0x000000000000023f       0x39 Drivers/STM32F4xx_HAL_Driver/Src/stm32f4xx_hal_gpio.o
 .ARM.attributes
                0x0000000000000278       0x39 Drivers/STM32F4xx_HAL_Driver/Src/stm32f4xx_hal_rcc.o
 .ARM.attributes
                0x00000000000002b1       0x39 Drivers/STM32F4xx_HAL_Driver/Src/stm32f4xx_hal_tim.o
 .ARM.attributes
                0x00000000000002ea       0x39 Drivers/STM32F4xx_HAL_Driver/Src/stm32f4xx_hal_tim_ex.o
 .ARM.attributes
                0x0000000000000323       0x39 ThirdParty/FreeRTOS/list.o
 .ARM.attributes
                0x000000000000035c       0x39 ThirdParty/FreeRTOS/queue.o
 .ARM.attributes
                0x0000000000000395       0x39 ThirdParty/FreeRTOS/tasks.o
 .ARM.attributes
                0x00000000000003ce       0x39 ThirdParty/FreeRTOS/timers.o
 .ARM.attributes
                0x0000000000000407       0x39 ThirdParty/FreeRTOS/portable/GCC/ARM_CM4F/port.o
 .ARM.attributes
                0x0000000000000440       0x39 ThirdParty/FreeRTOS/portable/MemMang/heap_4.o
 .ARM.attributes
                0x0000000000000479       0x34 /opt/st/stm32cubeide_1.5.1/plugins/com.st.stm32cube.ide.mcu.externaltools.gnu-tools-for-stm32.7-2018-q2-update.linux64_1.5.0.202011040924/tools/bin/../lib/gcc/arm-none-eabi/7.3.1/../../../../arm-none-eabi/lib/thumb/v7e-m/fpv4-sp/hard/libc_nano.a(lib_a-impure.o)
 .ARM.attributes
                0x00000000000004ad       0x34 /opt/st/stm32cubeide_1.5.1/plugins/com.st.stm32cube.ide.mcu.externaltools.gnu-tools-for-stm32.7-2018-q2-update.linux64_1.5.0.202011040924/tools/bin/../lib/gcc/arm-none-eabi/7.3.1/../../../../arm-none-eabi/lib/thumb/v7e-m/fpv4-sp/hard/libc_nano.a(lib_a-init.o)
 .ARM.attributes
                0x00000000000004e1       0x34 /opt/st/stm32cubeide_1.5.1/plugins/com.st.stm32cube.ide.mcu.externaltools.gnu-tools-for-stm32.7-2018-q2-update.linux64_1.5.0.202011040924/tools/bin/../lib/gcc/arm-none-eabi/7.3.1/../../../../arm-none-eabi/lib/thumb/v7e-m/fpv4-sp/hard/libc_nano.a(lib_a-memcpy-stub.o)
 .ARM.attributes
                0x0000000000000515       0x34 /opt/st/stm32cubeide_1.5.1/plugins/com.st.stm32cube.ide.mcu.externaltools.gnu-tools-for-stm32.7-2018-q2-update.linux64_1.5.0.202011040924/tools/bin/../lib/gcc/arm-none-eabi/7.3.1/../../../../arm-none-eabi/lib/thumb/v7e-m/fpv4-sp/hard/libc_nano.a(lib_a-memset.o)
 .ARM.attributes
                0x0000000000000549       0x34 /opt/st/stm32cubeide_1.5.1/plugins/com.st.stm32cube.ide.mcu.externaltools.gnu-tools-for-stm32.7-2018-q2-update.linux64_1.5.0.202011040924/tools/bin/../lib/gcc/arm-none-eabi/7.3.1/../../../../arm-none-eabi/lib/thumb/v7e-m/fpv4-sp/hard/libc_nano.a(lib_a-puts.o)
 .ARM.attributes
                0x000000000000057d       0x34 /opt/st/stm32cubeide_1.5.1/plugins/com.st.stm32cube.ide.mcu.externaltools.gnu-tools-for-stm32.7-2018-q2-update.linux64_1.5.0.202011040924/tools/bin/../lib/gcc/arm-none-eabi/7.3.1/../../../../arm-none-eabi/lib/thumb/v7e-m/fpv4-sp/hard/libc_nano.a(lib_a-wbuf.o)
 .ARM.attributes
                0x00000000000005b1       0x34 /opt/st/stm32cubeide_1.5.1/plugins/com.st.stm32cube.ide.mcu.externaltools.gnu-tools-for-stm32.7-2018-q2-update.linux64_1.5.0.202011040924/tools/bin/../lib/gcc/arm-none-eabi/7.3.1/../../../../arm-none-eabi/lib/thumb/v7e-m/fpv4-sp/hard/libc_nano.a(lib_a-wsetup.o)
 .ARM.attributes
                0x00000000000005e5       0x34 /opt/st/stm32cubeide_1.5.1/plugins/com.st.stm32cube.ide.mcu.externaltools.gnu-tools-for-stm32.7-2018-q2-update.linux64_1.5.0.202011040924/tools/bin/../lib/gcc/arm-none-eabi/7.3.1/../../../../arm-none-eabi/lib/thumb/v7e-m/fpv4-sp/hard/libc_nano.a(lib_a-fflush.o)
 .ARM.attributes
                0x0000000000000619       0x34 /opt/st/stm32cubeide_1.5.1/plugins/com.st.stm32cube.ide.mcu.externaltools.gnu-tools-for-stm32.7-2018-q2-update.linux64_1.5.0.202011040924/tools/bin/../lib/gcc/arm-none-eabi/7.3.1/../../../../arm-none-eabi/lib/thumb/v7e-m/fpv4-sp/hard/libc_nano.a(lib_a-findfp.o)
 .ARM.attributes
                0x000000000000064d       0x34 /opt/st/stm32cubeide_1.5.1/plugins/com.st.stm32cube.ide.mcu.externaltools.gnu-tools-for-stm32.7-2018-q2-update.linux64_1.5.0.202011040924/tools/bin/../lib/gcc/arm-none-eabi/7.3.1/../../../../arm-none-eabi/lib/thumb/v7e-m/fpv4-sp/hard/libc_nano.a(lib_a-fwalk.o)
 .ARM.attributes
                0x0000000000000681       0x34 /opt/st/stm32cubeide_1.5.1/plugins/com.st.stm32cube.ide.mcu.externaltools.gnu-tools-for-stm32.7-2018-q2-update.linux64_1.5.0.202011040924/tools/bin/../lib/gcc/arm-none-eabi/7.3.1/../../../../arm-none-eabi/lib/thumb/v7e-m/fpv4-sp/hard/libc_nano.a(lib_a-makebuf.o)
 .ARM.attributes
                0x00000000000006b5       0x34 /opt/st/stm32cubeide_1.5.1/plugins/com.st.stm32cube.ide.mcu.externaltools.gnu-tools-for-stm32.7-2018-q2-update.linux64_1.5.0.202011040924/tools/bin/../lib/gcc/arm-none-eabi/7.3.1/../../../../arm-none-eabi/lib/thumb/v7e-m/fpv4-sp/hard/libc_nano.a(lib_a-nano-freer.o)
 .ARM.attributes
                0x00000000000006e9       0x34 /opt/st/stm32cubeide_1.5.1/plugins/com.st.stm32cube.ide.mcu.externaltools.gnu-tools-for-stm32.7-2018-q2-update.linux64_1.5.0.202011040924/tools/bin/../lib/gcc/arm-none-eabi/7.3.1/../../../../arm-none-eabi/lib/thumb/v7e-m/fpv4-sp/hard/libc_nano.a(lib_a-nano-mallocr.o)
 .ARM.attributes
                0x000000000000071d       0x34 /opt/st/stm32cubeide_1.5.1/plugins/com.st.stm32cube.ide.mcu.externaltools.gnu-tools-for-stm32.7-2018-q2-update.linux64_1.5.0.202011040924/tools/bin/../lib/gcc/arm-none-eabi/7.3.1/../../../../arm-none-eabi/lib/thumb/v7e-m/fpv4-sp/hard/libc_nano.a(lib_a-sbrkr.o)
 .ARM.attributes
                0x0000000000000751       0x34 /opt/st/stm32cubeide_1.5.1/plugins/com.st.stm32cube.ide.mcu.externaltools.gnu-tools-for-stm32.7-2018-q2-update.linux64_1.5.0.202011040924/tools/bin/../lib/gcc/arm-none-eabi/7.3.1/../../../../arm-none-eabi/lib/thumb/v7e-m/fpv4-sp/hard/libc_nano.a(lib_a-stdio.o)
 .ARM.attributes
                0x0000000000000785       0x34 /opt/st/stm32cubeide_1.5.1/plugins/com.st.stm32cube.ide.mcu.externaltools.gnu-tools-for-stm32.7-2018-q2-update.linux64_1.5.0.202011040924/tools/bin/../lib/gcc/arm-none-eabi/7.3.1/../../../../arm-none-eabi/lib/thumb/v7e-m/fpv4-sp/hard/libc_nano.a(lib_a-writer.o)
 .ARM.attributes
                0x00000000000007b9       0x34 /opt/st/stm32cubeide_1.5.1/plugins/com.st.stm32cube.ide.mcu.externaltools.gnu-tools-for-stm32.7-2018-q2-update.linux64_1.5.0.202011040924/tools/bin/../lib/gcc/arm-none-eabi/7.3.1/../../../../arm-none-eabi/lib/thumb/v7e-m/fpv4-sp/hard/libc_nano.a(lib_a-closer.o)
 .ARM.attributes
                0x00000000000007ed       0x34 /opt/st/stm32cubeide_1.5.1/plugins/com.st.stm32cube.ide.mcu.externaltools.gnu-tools-for-stm32.7-2018-q2-update.linux64_1.5.0.202011040924/tools/bin/../lib/gcc/arm-none-eabi/7.3.1/../../../../arm-none-eabi/lib/thumb/v7e-m/fpv4-sp/hard/libc_nano.a(lib_a-fstatr.o)
 .ARM.attributes
                0x0000000000000821       0x34 /opt/st/stm32cubeide_1.5.1/plugins/com.st.stm32cube.ide.mcu.externaltools.gnu-tools-for-stm32.7-2018-q2-update.linux64_1.5.0.202011040924/tools/bin/../lib/gcc/arm-none-eabi/7.3.1/../../../../arm-none-eabi/lib/thumb/v7e-m/fpv4-sp/hard/libc_nano.a(lib_a-isattyr.o)
 .ARM.attributes
                0x0000000000000855       0x34 /opt/st/stm32cubeide_1.5.1/plugins/com.st.stm32cube.ide.mcu.externaltools.gnu-tools-for-stm32.7-2018-q2-update.linux64_1.5.0.202011040924/tools/bin/../lib/gcc/arm-none-eabi/7.3.1/../../../../arm-none-eabi/lib/thumb/v7e-m/fpv4-sp/hard/libc_nano.a(lib_a-lseekr.o)
 .ARM.attributes
                0x0000000000000889       0x34 /opt/st/stm32cubeide_1.5.1/plugins/com.st.stm32cube.ide.mcu.externaltools.gnu-tools-for-stm32.7-2018-q2-update.linux64_1.5.0.202011040924/tools/bin/../lib/gcc/arm-none-eabi/7.3.1/../../../../arm-none-eabi/lib/thumb/v7e-m/fpv4-sp/hard/libc_nano.a(lib_a-mlock.o)
 .ARM.attributes
                0x00000000000008bd       0x34 /opt/st/stm32cubeide_1.5.1/plugins/com.st.stm32cube.ide.mcu.externaltools.gnu-tools-for-stm32.7-2018-q2-update.linux64_1.5.0.202011040924/tools/bin/../lib/gcc/arm-none-eabi/7.3.1/../../../../arm-none-eabi/lib/thumb/v7e-m/fpv4-sp/hard/libc_nano.a(lib_a-readr.o)
 .ARM.attributes
                0x00000000000008f1       0x34 /opt/st/stm32cubeide_1.5.1/plugins/com.st.stm32cube.ide.mcu.externaltools.gnu-tools-for-stm32.7-2018-q2-update.linux64_1.5.0.202011040924/tools/bin/../lib/gcc/arm-none-eabi/7.3.1/../../../../arm-none-eabi/lib/thumb/v7e-m/fpv4-sp/hard/libc_nano.a(lib_a-reent.o)
 .ARM.attributes
                0x0000000000000925       0x22 /opt/st/stm32cubeide_1.5.1/plugins/com.st.stm32cube.ide.mcu.externaltools.gnu-tools-for-stm32.7-2018-q2-update.linux64_1.5.0.202011040924/tools/bin/../lib/gcc/arm-none-eabi/7.3.1/thumb/v7e-m/fpv4-sp/hard/libgcc.a(_aeabi_uldivmod.o)
 .ARM.attributes
                0x0000000000000947       0x34 /opt/st/stm32cubeide_1.5.1/plugins/com.st.stm32cube.ide.mcu.externaltools.gnu-tools-for-stm32.7-2018-q2-update.linux64_1.5.0.202011040924/tools/bin/../lib/gcc/arm-none-eabi/7.3.1/thumb/v7e-m/fpv4-sp/hard/libgcc.a(_udivmoddi4.o)
 .ARM.attributes
                0x000000000000097b       0x22 /opt/st/stm32cubeide_1.5.1/plugins/com.st.stm32cube.ide.mcu.externaltools.gnu-tools-for-stm32.7-2018-q2-update.linux64_1.5.0.202011040924/tools/bin/../lib/gcc/arm-none-eabi/7.3.1/thumb/v7e-m/fpv4-sp/hard/libgcc.a(_dvmd_tls.o)
 .ARM.attributes
                0x000000000000099d       0x34 /opt/st/stm32cubeide_1.5.1/plugins/com.st.stm32cube.ide.mcu.externaltools.gnu-tools-for-stm32.7-2018-q2-update.linux64_1.5.0.202011040924/tools/bin/../lib/gcc/arm-none-eabi/7.3.1/../../../../arm-none-eabi/lib/thumb/v7e-m/fpv4-sp/hard/libnosys.a(sbrk.o)
 .ARM.attributes
                0x00000000000009d1       0x22 /opt/st/stm32cubeide_1.5.1/plugins/com.st.stm32cube.ide.mcu.externaltools.gnu-tools-for-stm32.7-2018-q2-update.linux64_1.5.0.202011040924/tools/bin/../lib/gcc/arm-none-eabi/7.3.1/thumb/v7e-m/fpv4-sp/hard/crtn.o
OUTPUT(001Tasks.elf elf32-littlearm)

.debug_info     0x0000000000000000    0x11802
 .debug_info    0x0000000000000000     0x1517 Core/Src/main.o
 .debug_info    0x0000000000001517      0x362 Core/Src/stm32f4xx_hal_msp.o
 .debug_info    0x0000000000001879      0xb2d Core/Src/stm32f4xx_hal_timebase_tim.o
 .debug_info    0x00000000000023a6      0x6b8 Core/Src/stm32f4xx_it.o
 .debug_info    0x0000000000002a5e      0xefd Core/Src/syscalls.o
 .debug_info    0x000000000000395b      0x554 Core/Src/system_stm32f4xx.o
 .debug_info    0x0000000000003eaf       0x22 Core/Startup/startup_stm32f407vgtx.o
 .debug_info    0x0000000000003ed1      0x945 Drivers/STM32F4xx_HAL_Driver/Src/stm32f4xx_hal.o
 .debug_info    0x0000000000004816      0xe28 Drivers/STM32F4xx_HAL_Driver/Src/stm32f4xx_hal_cortex.o
 .debug_info    0x000000000000563e      0x7b5 Drivers/STM32F4xx_HAL_Driver/Src/stm32f4xx_hal_gpio.o
 .debug_info    0x0000000000005df3      0x904 Drivers/STM32F4xx_HAL_Driver/Src/stm32f4xx_hal_rcc.o
 .debug_info    0x00000000000066f7     0x24a9 Drivers/STM32F4xx_HAL_Driver/Src/stm32f4xx_hal_tim.o
 .debug_info    0x0000000000008ba0     0x1157 Drivers/STM32F4xx_HAL_Driver/Src/stm32f4xx_hal_tim_ex.o
 .debug_info    0x0000000000009cf7      0xacb ThirdParty/FreeRTOS/list.o
 .debug_info    0x000000000000a7c2     0x1ff2 ThirdParty/FreeRTOS/queue.o
 .debug_info    0x000000000000c7b4     0x2965 ThirdParty/FreeRTOS/tasks.o
 .debug_info    0x000000000000f119     0x14c9 ThirdParty/FreeRTOS/timers.o
 .debug_info    0x00000000000105e2      0x533 ThirdParty/FreeRTOS/portable/GCC/ARM_CM4F/port.o
 .debug_info    0x0000000000010b15      0xced ThirdParty/FreeRTOS/portable/MemMang/heap_4.o

.debug_abbrev   0x0000000000000000     0x2725
 .debug_abbrev  0x0000000000000000      0x2cc Core/Src/main.o
 .debug_abbrev  0x00000000000002cc      0x109 Core/Src/stm32f4xx_hal_msp.o
 .debug_abbrev  0x00000000000003d5      0x19d Core/Src/stm32f4xx_hal_timebase_tim.o
 .debug_abbrev  0x0000000000000572      0x15a Core/Src/stm32f4xx_it.o
 .debug_abbrev  0x00000000000006cc      0x279 Core/Src/syscalls.o
 .debug_abbrev  0x0000000000000945      0x12b Core/Src/system_stm32f4xx.o
 .debug_abbrev  0x0000000000000a70       0x12 Core/Startup/startup_stm32f407vgtx.o
 .debug_abbrev  0x0000000000000a82      0x1c7 Drivers/STM32F4xx_HAL_Driver/Src/stm32f4xx_hal.o
 .debug_abbrev  0x0000000000000c49      0x2fa Drivers/STM32F4xx_HAL_Driver/Src/stm32f4xx_hal_cortex.o
 .debug_abbrev  0x0000000000000f43      0x1c9 Drivers/STM32F4xx_HAL_Driver/Src/stm32f4xx_hal_gpio.o
 .debug_abbrev  0x000000000000110c      0x245 Drivers/STM32F4xx_HAL_Driver/Src/stm32f4xx_hal_rcc.o
 .debug_abbrev  0x0000000000001351      0x230 Drivers/STM32F4xx_HAL_Driver/Src/stm32f4xx_hal_tim.o
 .debug_abbrev  0x0000000000001581      0x21e Drivers/STM32F4xx_HAL_Driver/Src/stm32f4xx_hal_tim_ex.o
 .debug_abbrev  0x000000000000179f      0x1cf ThirdParty/FreeRTOS/list.o
 .debug_abbrev  0x000000000000196e      0x2f1 ThirdParty/FreeRTOS/queue.o
 .debug_abbrev  0x0000000000001c5f      0x350 ThirdParty/FreeRTOS/tasks.o
 .debug_abbrev  0x0000000000001faf      0x2c8 ThirdParty/FreeRTOS/timers.o
 .debug_abbrev  0x0000000000002277      0x210 ThirdParty/FreeRTOS/portable/GCC/ARM_CM4F/port.o
 .debug_abbrev  0x0000000000002487      0x29e ThirdParty/FreeRTOS/portable/MemMang/heap_4.o

.debug_aranges  0x0000000000000000      0xee8
 .debug_aranges
                0x0000000000000000       0x50 Core/Src/main.o
 .debug_aranges
                0x0000000000000050       0x20 Core/Src/stm32f4xx_hal_msp.o
 .debug_aranges
                0x0000000000000070       0x30 Core/Src/stm32f4xx_hal_timebase_tim.o
 .debug_aranges
                0x00000000000000a0       0x50 Core/Src/stm32f4xx_it.o
 .debug_aranges
                0x00000000000000f0       0xb0 Core/Src/syscalls.o
 .debug_aranges
                0x00000000000001a0       0x28 Core/Src/system_stm32f4xx.o
 .debug_aranges
                0x00000000000001c8       0x28 Core/Startup/startup_stm32f407vgtx.o
 .debug_aranges
                0x00000000000001f0       0xf0 Drivers/STM32F4xx_HAL_Driver/Src/stm32f4xx_hal.o
 .debug_aranges
                0x00000000000002e0      0x118 Drivers/STM32F4xx_HAL_Driver/Src/stm32f4xx_hal_cortex.o
 .debug_aranges
                0x00000000000003f8       0x58 Drivers/STM32F4xx_HAL_Driver/Src/stm32f4xx_hal_gpio.o
 .debug_aranges
                0x0000000000000450       0x88 Drivers/STM32F4xx_HAL_Driver/Src/stm32f4xx_hal_rcc.o
 .debug_aranges
                0x00000000000004d8      0x3a8 Drivers/STM32F4xx_HAL_Driver/Src/stm32f4xx_hal_tim.o
 .debug_aranges
                0x0000000000000880      0x150 Drivers/STM32F4xx_HAL_Driver/Src/stm32f4xx_hal_tim_ex.o
 .debug_aranges
                0x00000000000009d0       0x40 ThirdParty/FreeRTOS/list.o
 .debug_aranges
                0x0000000000000a10      0x130 ThirdParty/FreeRTOS/queue.o
 .debug_aranges
                0x0000000000000b40      0x1f8 ThirdParty/FreeRTOS/tasks.o
 .debug_aranges
                0x0000000000000d38       0xd8 ThirdParty/FreeRTOS/timers.o
 .debug_aranges
                0x0000000000000e10       0x80 ThirdParty/FreeRTOS/portable/GCC/ARM_CM4F/port.o
 .debug_aranges
                0x0000000000000e90       0x58 ThirdParty/FreeRTOS/portable/MemMang/heap_4.o

.debug_ranges   0x0000000000000000      0xdc0
 .debug_ranges  0x0000000000000000       0x40 Core/Src/main.o
 .debug_ranges  0x0000000000000040       0x10 Core/Src/stm32f4xx_hal_msp.o
 .debug_ranges  0x0000000000000050       0x20 Core/Src/stm32f4xx_hal_timebase_tim.o
 .debug_ranges  0x0000000000000070       0x40 Core/Src/stm32f4xx_it.o
 .debug_ranges  0x00000000000000b0       0xa0 Core/Src/syscalls.o
 .debug_ranges  0x0000000000000150       0x18 Core/Src/system_stm32f4xx.o
 .debug_ranges  0x0000000000000168       0x20 Core/Startup/startup_stm32f407vgtx.o
 .debug_ranges  0x0000000000000188       0xe0 Drivers/STM32F4xx_HAL_Driver/Src/stm32f4xx_hal.o
 .debug_ranges  0x0000000000000268      0x108 Drivers/STM32F4xx_HAL_Driver/Src/stm32f4xx_hal_cortex.o
 .debug_ranges  0x0000000000000370       0x48 Drivers/STM32F4xx_HAL_Driver/Src/stm32f4xx_hal_gpio.o
 .debug_ranges  0x00000000000003b8       0x78 Drivers/STM32F4xx_HAL_Driver/Src/stm32f4xx_hal_rcc.o
 .debug_ranges  0x0000000000000430      0x398 Drivers/STM32F4xx_HAL_Driver/Src/stm32f4xx_hal_tim.o
 .debug_ranges  0x00000000000007c8      0x140 Drivers/STM32F4xx_HAL_Driver/Src/stm32f4xx_hal_tim_ex.o
 .debug_ranges  0x0000000000000908       0x30 ThirdParty/FreeRTOS/list.o
 .debug_ranges  0x0000000000000938      0x120 ThirdParty/FreeRTOS/queue.o
 .debug_ranges  0x0000000000000a58      0x1e8 ThirdParty/FreeRTOS/tasks.o
 .debug_ranges  0x0000000000000c40       0xc8 ThirdParty/FreeRTOS/timers.o
 .debug_ranges  0x0000000000000d08       0x70 ThirdParty/FreeRTOS/portable/GCC/ARM_CM4F/port.o
 .debug_ranges  0x0000000000000d78       0x48 ThirdParty/FreeRTOS/portable/MemMang/heap_4.o

.debug_macro    0x0000000000000000    0x22cb6
 .debug_macro   0x0000000000000000      0x391 Core/Src/main.o
 .debug_macro   0x0000000000000391      0xa5a Core/Src/main.o
 .debug_macro   0x0000000000000deb      0x28e Core/Src/main.o
 .debug_macro   0x0000000000001079       0x2e Core/Src/main.o
 .debug_macro   0x00000000000010a7       0x2f Core/Src/main.o
 .debug_macro   0x00000000000010d6       0x22 Core/Src/main.o
 .debug_macro   0x00000000000010f8       0x8e Core/Src/main.o
 .debug_macro   0x0000000000001186       0x51 Core/Src/main.o
 .debug_macro   0x00000000000011d7       0xef Core/Src/main.o
 .debug_macro   0x00000000000012c6       0x6a Core/Src/main.o
 .debug_macro   0x0000000000001330      0x1df Core/Src/main.o
 .debug_macro   0x000000000000150f       0x1c Core/Src/main.o
 .debug_macro   0x000000000000152b       0x22 Core/Src/main.o
 .debug_macro   0x000000000000154d       0xdf Core/Src/main.o
 .debug_macro   0x000000000000162c     0x102d Core/Src/main.o
 .debug_macro   0x0000000000002659      0x11f Core/Src/main.o
 .debug_macro   0x0000000000002778    0x15e3c Core/Src/main.o
 .debug_macro   0x00000000000185b4       0x43 Core/Src/main.o
 .debug_macro   0x00000000000185f7     0x3659 Core/Src/main.o
 .debug_macro   0x000000000001bc50      0x174 Core/Src/main.o
 .debug_macro   0x000000000001bdc4       0x5a Core/Src/main.o
 .debug_macro   0x000000000001be1e      0x96b Core/Src/main.o
 .debug_macro   0x000000000001c789      0x9fe Core/Src/main.o
 .debug_macro   0x000000000001d187      0x117 Core/Src/main.o
 .debug_macro   0x000000000001d29e      0x13e Core/Src/main.o
 .debug_macro   0x000000000001d3dc       0x27 Core/Src/main.o
 .debug_macro   0x000000000001d403      0x174 Core/Src/main.o
 .debug_macro   0x000000000001d577      0x287 Core/Src/main.o
 .debug_macro   0x000000000001d7fe       0x5f Core/Src/main.o
 .debug_macro   0x000000000001d85d      0x236 Core/Src/main.o
 .debug_macro   0x000000000001da93      0x12c Core/Src/main.o
 .debug_macro   0x000000000001dbbf      0x21e Core/Src/main.o
 .debug_macro   0x000000000001dddd       0x2e Core/Src/main.o
 .debug_macro   0x000000000001de0b      0x11a Core/Src/main.o
 .debug_macro   0x000000000001df25       0x7e Core/Src/main.o
 .debug_macro   0x000000000001dfa3       0x89 Core/Src/main.o
 .debug_macro   0x000000000001e02c      0x8a0 Core/Src/main.o
 .debug_macro   0x000000000001e8cc       0x47 Core/Src/main.o
 .debug_macro   0x000000000001e913      0x12d Core/Src/main.o
 .debug_macro   0x000000000001ea40      0x190 Core/Src/main.o
 .debug_macro   0x000000000001ebd0       0x46 Core/Src/main.o
 .debug_macro   0x000000000001ec16       0x18 Core/Src/main.o
 .debug_macro   0x000000000001ec2e       0x3c Core/Src/main.o
 .debug_macro   0x000000000001ec6a       0x34 Core/Src/main.o
 .debug_macro   0x000000000001ec9e       0x16 Core/Src/main.o
 .debug_macro   0x000000000001ecb4       0x35 Core/Src/main.o
 .debug_macro   0x000000000001ece9      0x32a Core/Src/main.o
 .debug_macro   0x000000000001f013       0x10 Core/Src/main.o
 .debug_macro   0x000000000001f023       0x52 Core/Src/main.o
 .debug_macro   0x000000000001f075       0x1f Core/Src/main.o
 .debug_macro   0x000000000001f094       0x43 Core/Src/main.o
 .debug_macro   0x000000000001f0d7       0x20 Core/Src/main.o
 .debug_macro   0x000000000001f0f7      0x1a3 Core/Src/main.o
 .debug_macro   0x000000000001f29a       0x10 Core/Src/main.o
 .debug_macro   0x000000000001f2aa       0x1c Core/Src/main.o
 .debug_macro   0x000000000001f2c6       0x52 Core/Src/main.o
 .debug_macro   0x000000000001f318       0x40 Core/Src/main.o
 .debug_macro   0x000000000001f358       0x10 Core/Src/main.o
 .debug_macro   0x000000000001f368       0x40 Core/Src/main.o
 .debug_macro   0x000000000001f3a8       0xd7 Core/Src/main.o
 .debug_macro   0x000000000001f47f       0x1c Core/Src/main.o
 .debug_macro   0x000000000001f49b       0x3d Core/Src/main.o
 .debug_macro   0x000000000001f4d8       0x16 Core/Src/main.o
 .debug_macro   0x000000000001f4ee      0x145 Core/Src/main.o
 .debug_macro   0x000000000001f633      0x106 Core/Src/main.o
 .debug_macro   0x000000000001f739      0x15a Core/Src/main.o
 .debug_macro   0x000000000001f893       0xea Core/Src/main.o
 .debug_macro   0x000000000001f97d       0x1c Core/Src/main.o
 .debug_macro   0x000000000001f999       0x26 Core/Src/main.o
 .debug_macro   0x000000000001f9bf      0x4fd Core/Src/main.o
 .debug_macro   0x000000000001febc       0xb5 Core/Src/main.o
 .debug_macro   0x000000000001ff71      0x120 Core/Src/main.o
 .debug_macro   0x0000000000020091      0x1d3 Core/Src/stm32f4xx_hal_msp.o
 .debug_macro   0x0000000000020264      0x1c4 Core/Src/stm32f4xx_hal_timebase_tim.o
 .debug_macro   0x0000000000020428      0x1dd Core/Src/stm32f4xx_it.o
 .debug_macro   0x0000000000020605      0x255 Core/Src/syscalls.o
 .debug_macro   0x000000000002085a       0x40 Core/Src/syscalls.o
 .debug_macro   0x000000000002089a       0x94 Core/Src/syscalls.o
 .debug_macro   0x000000000002092e       0x57 Core/Src/syscalls.o
 .debug_macro   0x0000000000020985      0x330 Core/Src/syscalls.o
 .debug_macro   0x0000000000020cb5       0x10 Core/Src/syscalls.o
 .debug_macro   0x0000000000020cc5       0x10 Core/Src/syscalls.o
 .debug_macro   0x0000000000020cd5       0x10 Core/Src/syscalls.o
 .debug_macro   0x0000000000020ce5       0x35 Core/Src/syscalls.o
 .debug_macro   0x0000000000020d1a      0x122 Core/Src/syscalls.o
 .debug_macro   0x0000000000020e3c       0x16 Core/Src/syscalls.o
 .debug_macro   0x0000000000020e52       0x16 Core/Src/syscalls.o
 .debug_macro   0x0000000000020e68       0x29 Core/Src/syscalls.o
 .debug_macro   0x0000000000020e91       0x10 Core/Src/syscalls.o
 .debug_macro   0x0000000000020ea1      0x241 Core/Src/syscalls.o
 .debug_macro   0x00000000000210e2       0x1c Core/Src/syscalls.o
 .debug_macro   0x00000000000210fe       0x10 Core/Src/syscalls.o
 .debug_macro   0x000000000002110e      0x189 Core/Src/syscalls.o
 .debug_macro   0x0000000000021297       0x16 Core/Src/syscalls.o
 .debug_macro   0x00000000000212ad       0x88 Core/Src/syscalls.o
 .debug_macro   0x0000000000021335      0x1ca Core/Src/system_stm32f4xx.o
 .debug_macro   0x00000000000214ff      0x224 Drivers/STM32F4xx_HAL_Driver/Src/stm32f4xx_hal.o
 .debug_macro   0x0000000000021723      0x1c4 Drivers/STM32F4xx_HAL_Driver/Src/stm32f4xx_hal_cortex.o
 .debug_macro   0x00000000000218e7      0x1fa Drivers/STM32F4xx_HAL_Driver/Src/stm32f4xx_hal_gpio.o
 .debug_macro   0x0000000000021ae1      0x1e8 Drivers/STM32F4xx_HAL_Driver/Src/stm32f4xx_hal_rcc.o
 .debug_macro   0x0000000000021cc9      0x1c5 Drivers/STM32F4xx_HAL_Driver/Src/stm32f4xx_hal_tim.o
 .debug_macro   0x0000000000021e8e      0x1c4 Drivers/STM32F4xx_HAL_Driver/Src/stm32f4xx_hal_tim_ex.o
 .debug_macro   0x0000000000022052      0x186 ThirdParty/FreeRTOS/list.o
 .debug_macro   0x00000000000221d8      0x20f ThirdParty/FreeRTOS/queue.o
 .debug_macro   0x00000000000223e7       0x16 ThirdParty/FreeRTOS/queue.o
 .debug_macro   0x00000000000223fd       0x20 ThirdParty/FreeRTOS/queue.o
 .debug_macro   0x000000000002241d       0x80 ThirdParty/FreeRTOS/queue.o
 .debug_macro   0x000000000002249d      0x26c ThirdParty/FreeRTOS/tasks.o
 .debug_macro   0x0000000000022709       0x10 ThirdParty/FreeRTOS/tasks.o
 .debug_macro   0x0000000000022719      0x1cf ThirdParty/FreeRTOS/timers.o
 .debug_macro   0x00000000000228e8       0x97 ThirdParty/FreeRTOS/timers.o
 .debug_macro   0x000000000002297f      0x196 ThirdParty/FreeRTOS/portable/GCC/ARM_CM4F/port.o
 .debug_macro   0x0000000000022b15      0x1a1 ThirdParty/FreeRTOS/portable/MemMang/heap_4.o

.debug_line     0x0000000000000000     0xbbd6
 .debug_line    0x0000000000000000      0xb26 Core/Src/main.o
 .debug_line    0x0000000000000b26      0x685 Core/Src/stm32f4xx_hal_msp.o
 .debug_line    0x00000000000011ab      0x6b9 Core/Src/stm32f4xx_hal_timebase_tim.o
 .debug_line    0x0000000000001864      0x70b Core/Src/stm32f4xx_it.o
 .debug_line    0x0000000000001f6f      0x730 Core/Src/syscalls.o
 .debug_line    0x000000000000269f      0x6a0 Core/Src/system_stm32f4xx.o
 .debug_line    0x0000000000002d3f       0x85 Core/Startup/startup_stm32f407vgtx.o
 .debug_line    0x0000000000002dc4      0x88a Drivers/STM32F4xx_HAL_Driver/Src/stm32f4xx_hal.o
 .debug_line    0x000000000000364e      0x9ae Drivers/STM32F4xx_HAL_Driver/Src/stm32f4xx_hal_cortex.o
 .debug_line    0x0000000000003ffc      0x869 Drivers/STM32F4xx_HAL_Driver/Src/stm32f4xx_hal_gpio.o
 .debug_line    0x0000000000004865      0x8e2 Drivers/STM32F4xx_HAL_Driver/Src/stm32f4xx_hal_rcc.o
 .debug_line    0x0000000000005147     0x1903 Drivers/STM32F4xx_HAL_Driver/Src/stm32f4xx_hal_tim.o
 .debug_line    0x0000000000006a4a      0xca0 Drivers/STM32F4xx_HAL_Driver/Src/stm32f4xx_hal_tim_ex.o
 .debug_line    0x00000000000076ea      0x6c9 ThirdParty/FreeRTOS/list.o
 .debug_line    0x0000000000007db3     0x108e ThirdParty/FreeRTOS/queue.o
 .debug_line    0x0000000000008e41     0x13f8 ThirdParty/FreeRTOS/tasks.o
 .debug_line    0x000000000000a239      0xa66 ThirdParty/FreeRTOS/timers.o
 .debug_line    0x000000000000ac9f      0x749 ThirdParty/FreeRTOS/portable/GCC/ARM_CM4F/port.o
 .debug_line    0x000000000000b3e8      0x7ee ThirdParty/FreeRTOS/portable/MemMang/heap_4.o

.debug_str      0x0000000000000000    0xd119e
 .debug_str     0x0000000000000000    0xc9c25 Core/Src/main.o
                                      0xc9fe2 (size before relaxing)
 .debug_str     0x00000000000c9c25       0x2c Core/Src/stm32f4xx_hal_msp.o
                                      0xc0cfa (size before relaxing)
 .debug_str     0x00000000000c9c51      0x57b Core/Src/stm32f4xx_hal_timebase_tim.o
                                      0xc1092 (size before relaxing)
 .debug_str     0x00000000000ca1cc       0xa6 Core/Src/stm32f4xx_it.o
                                      0xc1096 (size before relaxing)
 .debug_str     0x00000000000ca272     0x1118 Core/Src/syscalls.o
                                       0x895d (size before relaxing)
 .debug_str     0x00000000000cb38a       0xc4 Core/Src/system_stm32f4xx.o
                                      0xc071c (size before relaxing)
 .debug_str     0x00000000000cb44e       0x36 Core/Startup/startup_stm32f407vgtx.o
                                         0x7d (size before relaxing)
 .debug_str     0x00000000000cb484      0x53d Drivers/STM32F4xx_HAL_Driver/Src/stm32f4xx_hal.o
                                      0xc11e9 (size before relaxing)
 .debug_str     0x00000000000cb9c1      0x392 Drivers/STM32F4xx_HAL_Driver/Src/stm32f4xx_hal_cortex.o
                                      0xc0fd8 (size before relaxing)
 .debug_str     0x00000000000cbd53      0x20c Drivers/STM32F4xx_HAL_Driver/Src/stm32f4xx_hal_gpio.o
                                      0xc095b (size before relaxing)
 .debug_str     0x00000000000cbf5f      0x24f Drivers/STM32F4xx_HAL_Driver/Src/stm32f4xx_hal_rcc.o
                                      0xc0b09 (size before relaxing)
 .debug_str     0x00000000000cc1ae      0xd6f Drivers/STM32F4xx_HAL_Driver/Src/stm32f4xx_hal_tim.o
                                      0xc1828 (size before relaxing)
 .debug_str     0x00000000000ccf1d      0x4ec Drivers/STM32F4xx_HAL_Driver/Src/stm32f4xx_hal_tim_ex.o
                                      0xc1028 (size before relaxing)
 .debug_str     0x00000000000cd409      0x18f ThirdParty/FreeRTOS/list.o
                                       0xa9e1 (size before relaxing)
 .debug_str     0x00000000000cd598     0x1022 ThirdParty/FreeRTOS/queue.o
                                       0xcc8f (size before relaxing)
 .debug_str     0x00000000000ce5ba     0x1bb9 ThirdParty/FreeRTOS/tasks.o
                                       0xd9a6 (size before relaxing)
 .debug_str     0x00000000000d0173      0x51d ThirdParty/FreeRTOS/timers.o
                                       0xd089 (size before relaxing)
 .debug_str     0x00000000000d0690      0x7e7 ThirdParty/FreeRTOS/portable/GCC/ARM_CM4F/port.o
                                       0x9329 (size before relaxing)
 .debug_str     0x00000000000d0e77      0x327 ThirdParty/FreeRTOS/portable/MemMang/heap_4.o
                                       0xbe5b (size before relaxing)

.comment        0x0000000000000000       0x7b
 .comment       0x0000000000000000       0x7b Core/Src/main.o
                                         0x7c (size before relaxing)
 .comment       0x000000000000007b       0x7c Core/Src/stm32f4xx_hal_msp.o
 .comment       0x000000000000007b       0x7c Core/Src/stm32f4xx_hal_timebase_tim.o
 .comment       0x000000000000007b       0x7c Core/Src/stm32f4xx_it.o
 .comment       0x000000000000007b       0x7c Core/Src/syscalls.o
 .comment       0x000000000000007b       0x7c Core/Src/system_stm32f4xx.o
 .comment       0x000000000000007b       0x7c Drivers/STM32F4xx_HAL_Driver/Src/stm32f4xx_hal.o
 .comment       0x000000000000007b       0x7c Drivers/STM32F4xx_HAL_Driver/Src/stm32f4xx_hal_cortex.o
 .comment       0x000000000000007b       0x7c Drivers/STM32F4xx_HAL_Driver/Src/stm32f4xx_hal_gpio.o
 .comment       0x000000000000007b       0x7c Drivers/STM32F4xx_HAL_Driver/Src/stm32f4xx_hal_rcc.o
 .comment       0x000000000000007b       0x7c Drivers/STM32F4xx_HAL_Driver/Src/stm32f4xx_hal_tim.o
 .comment       0x000000000000007b       0x7c Drivers/STM32F4xx_HAL_Driver/Src/stm32f4xx_hal_tim_ex.o
 .comment       0x000000000000007b       0x7c ThirdParty/FreeRTOS/list.o
 .comment       0x000000000000007b       0x7c ThirdParty/FreeRTOS/queue.o
 .comment       0x000000000000007b       0x7c ThirdParty/FreeRTOS/tasks.o
 .comment       0x000000000000007b       0x7c ThirdParty/FreeRTOS/timers.o
 .comment       0x000000000000007b       0x7c ThirdParty/FreeRTOS/portable/GCC/ARM_CM4F/port.o
 .comment       0x000000000000007b       0x7c ThirdParty/FreeRTOS/portable/MemMang/heap_4.o

.debug_frame    0x0000000000000000     0x4300
 .debug_frame   0x0000000000000000       0xf8 Core/Src/main.o
 .debug_frame   0x00000000000000f8       0x38 Core/Src/stm32f4xx_hal_msp.o
 .debug_frame   0x0000000000000130       0x74 Core/Src/stm32f4xx_hal_timebase_tim.o