SEGGER_SYSVIEW.c:461:12:_EncodeData	32	static
SEGGER_SYSVIEW.c:495:12:_EncodeStr	32	static
SEGGER_SYSVIEW.c:549:12:_PreparePacket	16	static
SEGGER_SYSVIEW.c:566:13:_HandleIncomingPacket	16	static
SEGGER_SYSVIEW.c:633:12:_TrySendOverflowPacket	56	static
SEGGER_SYSVIEW.c:738:13:_SendPacket	48	static
SEGGER_SYSVIEW.c:879:12:_VPrintHost	144	static,ignoring_inline_asm
SEGGER_SYSVIEW.c:960:13:_StoreChar	48	static
SEGGER_SYSVIEW.c:1002:13:_PrintUnsigned	48	static
SEGGER_SYSVIEW.c:1093:13:_PrintInt	40	static
SEGGER_SYSVIEW.c:1166:13:_VPrintTarget	104	static,ignoring_inline_asm
SEGGER_SYSVIEW.c:1342:6:SEGGER_SYSVIEW_Init	32	static
SEGGER_SYSVIEW.c:1393:6:SEGGER_SYSVIEW_SetRAMBase	16	static
SEGGER_SYSVIEW.c:1407:6:SEGGER_SYSVIEW_RecordVoid	24	static,ignoring_inline_asm
SEGGER_SYSVIEW.c:1427:6:SEGGER_SYSVIEW_RecordU32	40	static,ignoring_inline_asm
SEGGER_SYSVIEW.c:1450:6:SEGGER_SYSVIEW_RecordU32x2	56	static,ignoring_inline_asm
SEGGER_SYSVIEW.c:1475:6:SEGGER_SYSVIEW_RecordU32x3	64	static,ignoring_inline_asm
SEGGER_SYSVIEW.c:1502:6:SEGGER_SYSVIEW_RecordU32x4	72	static,ignoring_inline_asm
SEGGER_SYSVIEW.c:1531:6:SEGGER_SYSVIEW_RecordU32x5	80	static,ignoring_inline_asm
SEGGER_SYSVIEW.c:1562:6:SEGGER_SYSVIEW_RecordU32x6	88	static,ignoring_inline_asm
SEGGER_SYSVIEW.c:1595:6:SEGGER_SYSVIEW_RecordU32x7	96	static,ignoring_inline_asm
SEGGER_SYSVIEW.c:1630:6:SEGGER_SYSVIEW_RecordU32x8	104	static,ignoring_inline_asm
SEGGER_SYSVIEW.c:1667:6:SEGGER_SYSVIEW_RecordU32x9	112	static,ignoring_inline_asm
SEGGER_SYSVIEW.c:1706:6:SEGGER_SYSVIEW_RecordU32x10	120	static,ignoring_inline_asm
SEGGER_SYSVIEW.c:1741:6:SEGGER_SYSVIEW_RecordString	32	static,ignoring_inline_asm
SEGGER_SYSVIEW.c:1777:6:SEGGER_SYSVIEW_Start	56	static,ignoring_inline_asm
SEGGER_SYSVIEW.c:1832:6:SEGGER_SYSVIEW_Stop	16	static,ignoring_inline_asm
SEGGER_SYSVIEW.c:1850:5:SEGGER_SYSVIEW_GetChannelID	4	static
SEGGER_SYSVIEW.c:1862:6:SEGGER_SYSVIEW_GetSysDesc	56	static,ignoring_inline_asm
SEGGER_SYSVIEW.c:1890:6:SEGGER_SYSVIEW_SendTaskInfo	80	static,ignoring_inline_asm
SEGGER_SYSVIEW.c:1917:6:SEGGER_SYSVIEW_SendTaskList	8	static
SEGGER_SYSVIEW.c:1947:6:SEGGER_SYSVIEW_SendSysDesc	32	static,ignoring_inline_asm
SEGGER_SYSVIEW.c:1965:6:SEGGER_SYSVIEW_RecordSystime	24	static
SEGGER_SYSVIEW.c:1989:6:SEGGER_SYSVIEW_RecordEnterISR	32	static,ignoring_inline_asm
SEGGER_SYSVIEW.c:2016:6:SEGGER_SYSVIEW_RecordExitISR	16	static,ignoring_inline_asm
SEGGER_SYSVIEW.c:2038:6:SEGGER_SYSVIEW_RecordExitISRToScheduler	16	static,ignoring_inline_asm
SEGGER_SYSVIEW.c:2056:6:SEGGER_SYSVIEW_RecordEnterTimer	40	static,ignoring_inline_asm
SEGGER_SYSVIEW.c:2074:6:SEGGER_SYSVIEW_RecordExitTimer	16	static,ignoring_inline_asm
SEGGER_SYSVIEW.c:2092:6:SEGGER_SYSVIEW_RecordEndCall	40	static,ignoring_inline_asm
SEGGER_SYSVIEW.c:2114:6:SEGGER_SYSVIEW_RecordEndCallU32	48	static,ignoring_inline_asm
SEGGER_SYSVIEW.c:2133:6:SEGGER_SYSVIEW_OnIdle	16	static,ignoring_inline_asm
SEGGER_SYSVIEW.c:2152:6:SEGGER_SYSVIEW_OnTaskCreate	40	static,ignoring_inline_asm
SEGGER_SYSVIEW.c:2177:6:SEGGER_SYSVIEW_OnTaskTerminate	40	static,ignoring_inline_asm
SEGGER_SYSVIEW.c:2201:6:SEGGER_SYSVIEW_OnTaskStartExec	40	static,ignoring_inline_asm
SEGGER_SYSVIEW.c:2221:6:SEGGER_SYSVIEW_OnTaskStopExec	16	static,ignoring_inline_asm
SEGGER_SYSVIEW.c:2239:6:SEGGER_SYSVIEW_OnTaskStartReady	40	static,ignoring_inline_asm
SEGGER_SYSVIEW.c:2262:6:SEGGER_SYSVIEW_OnTaskStopReady	48	static,ignoring_inline_asm
SEGGER_SYSVIEW.c:2285:6:SEGGER_SYSVIEW_MarkStart	40	static,ignoring_inline_asm
SEGGER_SYSVIEW.c:2306:6:SEGGER_SYSVIEW_MarkStop	40	static,ignoring_inline_asm
SEGGER_SYSVIEW.c:2327:6:SEGGER_SYSVIEW_Mark	48	static,ignoring_inline_asm
SEGGER_SYSVIEW.c:2354:6:SEGGER_SYSVIEW_NameMarker	48	static,ignoring_inline_asm
SEGGER_SYSVIEW.c:2382:6:SEGGER_SYSVIEW_NameResource	40	static,ignoring_inline_asm
SEGGER_SYSVIEW.c:2411:5:SEGGER_SYSVIEW_SendPacket	32	static,ignoring_inline_asm
SEGGER_SYSVIEW.c:2438:5:SEGGER_SYSVIEW_EncodeU32	24	static
SEGGER_SYSVIEW.c:2465:5:SEGGER_SYSVIEW_EncodeString	24	static
SEGGER_SYSVIEW.c:2491:5:SEGGER_SYSVIEW_EncodeData	24	static
SEGGER_SYSVIEW.c:2519:5:SEGGER_SYSVIEW_EncodeId	24	static
SEGGER_SYSVIEW.c:2547:5:SEGGER_SYSVIEW_ShrinkId	16	static
SEGGER_SYSVIEW.c:2569:6:SEGGER_SYSVIEW_RegisterModule	24	static,ignoring_inline_asm
SEGGER_SYSVIEW.c:2610:6:SEGGER_SYSVIEW_RecordModuleDescription	56	static,ignoring_inline_asm
SEGGER_SYSVIEW.c:2651:6:SEGGER_SYSVIEW_SendModule	56	static,ignoring_inline_asm
SEGGER_SYSVIEW.c:2690:6:SEGGER_SYSVIEW_SendModuleDescription	16	static
SEGGER_SYSVIEW.c:2711:6:SEGGER_SYSVIEW_SendNumModules	32	static,ignoring_inline_asm
SEGGER_SYSVIEW.c:2738:6:SEGGER_SYSVIEW_PrintfHostEx	28	static
SEGGER_SYSVIEW.c:2772:6:SEGGER_SYSVIEW_PrintfHost	16	static
SEGGER_SYSVIEW.c:2807:6:SEGGER_SYSVIEW_WarnfHost	16	static
SEGGER_SYSVIEW.c:2842:6:SEGGER_SYSVIEW_ErrorfHost	16	static
SEGGER_SYSVIEW.c:2875:6:SEGGER_SYSVIEW_PrintfTargetEx	28	static
SEGGER_SYSVIEW.c:2894:6:SEGGER_SYSVIEW_PrintfTarget	16	static
SEGGER_SYSVIEW.c:2913:6:SEGGER_SYSVIEW_WarnfTarget	16	static
SEGGER_SYSVIEW.c:2932:6:SEGGER_SYSVIEW_ErrorfTarget	16	static
SEGGER_SYSVIEW.c:2951:6:SEGGER_SYSVIEW_Print	48	static,ignoring_inline_asm
SEGGER_SYSVIEW.c:2973:6:SEGGER_SYSVIEW_Warn	48	static,ignoring_inline_asm
SEGGER_SYSVIEW.c:2995:6:SEGGER_SYSVIEW_Error	48	static,ignoring_inline_asm
SEGGER_SYSVIEW.c:3017:6:SEGGER_SYSVIEW_EnableEvents	16	static
SEGGER_SYSVIEW.c:3031:6:SEGGER_SYSVIEW_DisableEvents	16	static
SEGGER_SYSVIEW.c:3046:5:SEGGER_SYSVIEW_IsStarted	8	static
